2026-01-28 00:46:02,785 WARNING database DDL Query made to DB:
ALTER TABLE `tabCRM Lead` MODIFY `last_response_time` decimal(21,9), MODIFY `net_total` decimal(21,9) not null default 0, MODIFY `custom_expected_value` decimal(21,9) not null default 0, MODIFY `annual_revenue` decimal(21,9) not null default 0, MODIFY `first_response_time` decimal(21,9), MODIFY `total` decimal(21,9) not null default 0
2026-01-28 00:46:03,057 WARNING database DDL Query made to DB:
ALTER TABLE `tabCRM Lead` MODIFY `last_response_time` decimal(21,9), MODIFY `net_total` decimal(21,9) not null default 0, MODIFY `custom_expected_value` decimal(21,9) not null default 0, MODIFY `annual_revenue` decimal(21,9) not null default 0, MODIFY `first_response_time` decimal(21,9), MODIFY `total` decimal(21,9) not null default 0
2026-01-28 00:46:03,303 WARNING database DDL Query made to DB:
ALTER TABLE `tabCRM Lead` MODIFY `last_response_time` decimal(21,9), MODIFY `custom_expected_value` decimal(21,9) not null default 0, MODIFY `first_response_time` decimal(21,9), MODIFY `total` decimal(21,9) not null default 0, MODIFY `annual_revenue` decimal(21,9) not null default 0, MODIFY `net_total` decimal(21,9) not null default 0
2026-01-28 00:46:03,523 WARNING database DDL Query made to DB:
ALTER TABLE `tabCRM Lead` MODIFY `total` decimal(21,9) not null default 0, MODIFY `net_total` decimal(21,9) not null default 0, MODIFY `first_response_time` decimal(21,9), MODIFY `annual_revenue` decimal(21,9) not null default 0, MODIFY `last_response_time` decimal(21,9), MODIFY `custom_expected_value` decimal(21,9) not null default 0
2026-01-28 00:46:03,758 WARNING database DDL Query made to DB:
ALTER TABLE `tabCRM Lead` MODIFY `net_total` decimal(21,9) not null default 0, MODIFY `total` decimal(21,9) not null default 0, MODIFY `annual_revenue` decimal(21,9) not null default 0, MODIFY `custom_expected_value` decimal(21,9) not null default 0, MODIFY `first_response_time` decimal(21,9), MODIFY `last_response_time` decimal(21,9)
2026-01-28 00:46:04,037 WARNING database DDL Query made to DB:
ALTER TABLE `tabCRM Lead` MODIFY `first_response_time` decimal(21,9), MODIFY `net_total` decimal(21,9) not null default 0, MODIFY `annual_revenue` decimal(21,9) not null default 0, MODIFY `last_response_time` decimal(21,9), MODIFY `total` decimal(21,9) not null default 0, MODIFY `custom_expected_value` decimal(21,9) not null default 0
2026-01-28 00:46:04,320 WARNING database DDL Query made to DB:
ALTER TABLE `tabCRM Lead` MODIFY `net_total` decimal(21,9) not null default 0, MODIFY `first_response_time` decimal(21,9), MODIFY `total` decimal(21,9) not null default 0, MODIFY `custom_expected_value` decimal(21,9) not null default 0, MODIFY `last_response_time` decimal(21,9), MODIFY `annual_revenue` decimal(21,9) not null default 0
2026-01-28 00:46:04,564 WARNING database DDL Query made to DB:
ALTER TABLE `tabCRM Lead` MODIFY `total` decimal(21,9) not null default 0, MODIFY `last_response_time` decimal(21,9), MODIFY `annual_revenue` decimal(21,9) not null default 0, MODIFY `net_total` decimal(21,9) not null default 0, MODIFY `custom_expected_value` decimal(21,9) not null default 0, MODIFY `first_response_time` decimal(21,9)
2026-01-28 00:46:04,808 WARNING database DDL Query made to DB:
ALTER TABLE `tabCRM Lead` MODIFY `net_total` decimal(21,9) not null default 0, MODIFY `annual_revenue` decimal(21,9) not null default 0, MODIFY `first_response_time` decimal(21,9), MODIFY `custom_expected_value` decimal(21,9) not null default 0, MODIFY `last_response_time` decimal(21,9), MODIFY `total` decimal(21,9) not null default 0
2026-01-28 00:46:05,082 WARNING database DDL Query made to DB:
ALTER TABLE `tabCRM Lead` MODIFY `net_total` decimal(21,9) not null default 0, MODIFY `annual_revenue` decimal(21,9) not null default 0, MODIFY `first_response_time` decimal(21,9), MODIFY `total` decimal(21,9) not null default 0, MODIFY `last_response_time` decimal(21,9), MODIFY `custom_expected_value` decimal(21,9) not null default 0
2026-01-28 00:46:05,312 WARNING database DDL Query made to DB:
ALTER TABLE `tabCRM Lead` MODIFY `first_response_time` decimal(21,9), MODIFY `annual_revenue` decimal(21,9) not null default 0, MODIFY `total` decimal(21,9) not null default 0, MODIFY `last_response_time` decimal(21,9), MODIFY `custom_expected_value` decimal(21,9) not null default 0, MODIFY `net_total` decimal(21,9) not null default 0
2026-01-28 00:46:05,532 WARNING database DDL Query made to DB:
ALTER TABLE `tabCRM Lead` MODIFY `total` decimal(21,9) not null default 0, MODIFY `last_response_time` decimal(21,9), MODIFY `first_response_time` decimal(21,9), MODIFY `net_total` decimal(21,9) not null default 0, MODIFY `annual_revenue` decimal(21,9) not null default 0, MODIFY `custom_expected_value` decimal(21,9) not null default 0
2026-01-28 00:46:05,799 WARNING database DDL Query made to DB:
ALTER TABLE `tabCRM Lead` MODIFY `total` decimal(21,9) not null default 0, MODIFY `custom_expected_value` decimal(21,9) not null default 0, MODIFY `last_response_time` decimal(21,9), MODIFY `first_response_time` decimal(21,9), MODIFY `net_total` decimal(21,9) not null default 0, MODIFY `annual_revenue` decimal(21,9) not null default 0
2026-01-28 00:46:06,073 WARNING database DDL Query made to DB:
ALTER TABLE `tabCRM Lead` MODIFY `last_response_time` decimal(21,9), MODIFY `annual_revenue` decimal(21,9) not null default 0, MODIFY `first_response_time` decimal(21,9), MODIFY `custom_expected_value` decimal(21,9) not null default 0, MODIFY `total` decimal(21,9) not null default 0, MODIFY `net_total` decimal(21,9) not null default 0
2026-01-28 00:46:06,271 WARNING database DDL Query made to DB:
ALTER TABLE `tabCRM Lead` MODIFY `custom_expected_value` decimal(21,9) not null default 0, MODIFY `annual_revenue` decimal(21,9) not null default 0, MODIFY `first_response_time` decimal(21,9), MODIFY `total` decimal(21,9) not null default 0, MODIFY `net_total` decimal(21,9) not null default 0, MODIFY `last_response_time` decimal(21,9)
2026-01-28 00:46:06,469 WARNING database DDL Query made to DB:
ALTER TABLE `tabCRM Lead` MODIFY `net_total` decimal(21,9) not null default 0, MODIFY `first_response_time` decimal(21,9), MODIFY `custom_expected_value` decimal(21,9) not null default 0, MODIFY `last_response_time` decimal(21,9), MODIFY `total` decimal(21,9) not null default 0, MODIFY `annual_revenue` decimal(21,9) not null default 0
2026-01-28 00:46:06,660 WARNING database DDL Query made to DB:
ALTER TABLE `tabCRM Lead` MODIFY `last_response_time` decimal(21,9), MODIFY `total` decimal(21,9) not null default 0, MODIFY `annual_revenue` decimal(21,9) not null default 0, MODIFY `net_total` decimal(21,9) not null default 0, MODIFY `custom_expected_value` decimal(21,9) not null default 0, MODIFY `first_response_time` decimal(21,9)
2026-01-28 00:46:06,860 WARNING database DDL Query made to DB:
ALTER TABLE `tabCRM Lead` MODIFY `custom_expected_value` decimal(21,9) not null default 0, MODIFY `annual_revenue` decimal(21,9) not null default 0, MODIFY `last_response_time` decimal(21,9), MODIFY `net_total` decimal(21,9) not null default 0, MODIFY `first_response_time` decimal(21,9), MODIFY `total` decimal(21,9) not null default 0
2026-01-28 00:46:07,078 WARNING database DDL Query made to DB:
ALTER TABLE `tabCRM Lead` MODIFY `custom_expected_value` decimal(21,9) not null default 0, MODIFY `first_response_time` decimal(21,9), MODIFY `total` decimal(21,9) not null default 0, MODIFY `net_total` decimal(21,9) not null default 0, MODIFY `last_response_time` decimal(21,9), MODIFY `annual_revenue` decimal(21,9) not null default 0
2026-01-28 00:46:07,312 WARNING database DDL Query made to DB:
ALTER TABLE `tabCRM Lead` MODIFY `annual_revenue` decimal(21,9) not null default 0, MODIFY `last_response_time` decimal(21,9), MODIFY `custom_expected_value` decimal(21,9) not null default 0, MODIFY `total` decimal(21,9) not null default 0, MODIFY `first_response_time` decimal(21,9), MODIFY `net_total` decimal(21,9) not null default 0
2026-01-28 00:46:07,531 WARNING database DDL Query made to DB:
ALTER TABLE `tabCRM Lead` MODIFY `custom_expected_value` decimal(21,9) not null default 0, MODIFY `last_response_time` decimal(21,9), MODIFY `first_response_time` decimal(21,9), MODIFY `annual_revenue` decimal(21,9) not null default 0, MODIFY `net_total` decimal(21,9) not null default 0, MODIFY `total` decimal(21,9) not null default 0
2026-01-28 00:46:07,768 WARNING database DDL Query made to DB:
ALTER TABLE `tabCRM Lead` MODIFY `annual_revenue` decimal(21,9) not null default 0, MODIFY `first_response_time` decimal(21,9), MODIFY `custom_expected_value` decimal(21,9) not null default 0, MODIFY `total` decimal(21,9) not null default 0, MODIFY `last_response_time` decimal(21,9), MODIFY `net_total` decimal(21,9) not null default 0
2026-01-28 00:46:08,015 WARNING database DDL Query made to DB:
ALTER TABLE `tabCRM Lead` MODIFY `first_response_time` decimal(21,9), MODIFY `annual_revenue` decimal(21,9) not null default 0, MODIFY `last_response_time` decimal(21,9), MODIFY `total` decimal(21,9) not null default 0, MODIFY `custom_expected_value` decimal(21,9) not null default 0, MODIFY `net_total` decimal(21,9) not null default 0
2026-01-28 00:46:08,264 WARNING database DDL Query made to DB:
ALTER TABLE `tabCRM Deal` MODIFY `net_total` decimal(21,9) not null default 0, MODIFY `total` decimal(21,9) not null default 0, MODIFY `last_response_time` decimal(21,9), MODIFY `deal_value` decimal(21,9) not null default 0, MODIFY `first_response_time` decimal(21,9), MODIFY `expected_deal_value` decimal(21,9) not null default 0, MODIFY `annual_revenue` decimal(21,9) not null default 0, MODIFY `probability` decimal(21,9) not null default 0
2026-01-28 00:46:08,479 WARNING database DDL Query made to DB:
ALTER TABLE `tabCRM Deal` MODIFY `deal_value` decimal(21,9) not null default 0, MODIFY `net_total` decimal(21,9) not null default 0, MODIFY `first_response_time` decimal(21,9), MODIFY `total` decimal(21,9) not null default 0, MODIFY `probability` decimal(21,9) not null default 0, MODIFY `last_response_time` decimal(21,9), MODIFY `expected_deal_value` decimal(21,9) not null default 0, MODIFY `annual_revenue` decimal(21,9) not null default 0
2026-01-28 00:46:08,677 WARNING database DDL Query made to DB:
ALTER TABLE `tabCRM Deal` MODIFY `deal_value` decimal(21,9) not null default 0, MODIFY `total` decimal(21,9) not null default 0, MODIFY `last_response_time` decimal(21,9), MODIFY `probability` decimal(21,9) not null default 0, MODIFY `expected_deal_value` decimal(21,9) not null default 0, MODIFY `annual_revenue` decimal(21,9) not null default 0, MODIFY `net_total` decimal(21,9) not null default 0, MODIFY `first_response_time` decimal(21,9)
2026-01-28 00:46:08,902 WARNING database DDL Query made to DB:
ALTER TABLE `tabCRM Deal` MODIFY `annual_revenue` decimal(21,9) not null default 0, MODIFY `last_response_time` decimal(21,9), MODIFY `total` decimal(21,9) not null default 0, MODIFY `deal_value` decimal(21,9) not null default 0, MODIFY `expected_deal_value` decimal(21,9) not null default 0, MODIFY `net_total` decimal(21,9) not null default 0, MODIFY `probability` decimal(21,9) not null default 0, MODIFY `first_response_time` decimal(21,9)
2026-01-28 00:46:09,121 WARNING database DDL Query made to DB:
ALTER TABLE `tabCRM Deal` MODIFY `deal_value` decimal(21,9) not null default 0, MODIFY `last_response_time` decimal(21,9), MODIFY `annual_revenue` decimal(21,9) not null default 0, MODIFY `net_total` decimal(21,9) not null default 0, MODIFY `total` decimal(21,9) not null default 0, MODIFY `probability` decimal(21,9) not null default 0, MODIFY `expected_deal_value` decimal(21,9) not null default 0, MODIFY `first_response_time` decimal(21,9)
2026-01-28 00:46:09,332 WARNING database DDL Query made to DB:
ALTER TABLE `tabCRM Deal` MODIFY `total` decimal(21,9) not null default 0, MODIFY `probability` decimal(21,9) not null default 0, MODIFY `last_response_time` decimal(21,9), MODIFY `net_total` decimal(21,9) not null default 0, MODIFY `expected_deal_value` decimal(21,9) not null default 0, MODIFY `first_response_time` decimal(21,9), MODIFY `annual_revenue` decimal(21,9) not null default 0, MODIFY `deal_value` decimal(21,9) not null default 0
2026-01-28 00:46:09,557 WARNING database DDL Query made to DB:
ALTER TABLE `tabCRM Deal` MODIFY `net_total` decimal(21,9) not null default 0, MODIFY `annual_revenue` decimal(21,9) not null default 0, MODIFY `last_response_time` decimal(21,9), MODIFY `total` decimal(21,9) not null default 0, MODIFY `probability` decimal(21,9) not null default 0, MODIFY `first_response_time` decimal(21,9), MODIFY `expected_deal_value` decimal(21,9) not null default 0, MODIFY `deal_value` decimal(21,9) not null default 0
2026-01-28 00:46:09,804 WARNING database DDL Query made to DB:
ALTER TABLE `tabCRM Deal` MODIFY `expected_deal_value` decimal(21,9) not null default 0, MODIFY `last_response_time` decimal(21,9), MODIFY `annual_revenue` decimal(21,9) not null default 0, MODIFY `total` decimal(21,9) not null default 0, MODIFY `deal_value` decimal(21,9) not null default 0, MODIFY `net_total` decimal(21,9) not null default 0, MODIFY `first_response_time` decimal(21,9), MODIFY `probability` decimal(21,9) not null default 0
2026-01-29 14:42:38,893 WARNING database DDL Query made to DB:
create table `tabWhatsApp Recipient` (
			name varchar(140) primary key,
			creation datetime(6),
			modified datetime(6),
			modified_by varchar(140),
			owner varchar(140),
			docstatus int(1) not null default '0',
			idx int(8) not null default '0',
			`mobile_number` varchar(140),
`recipient_name` varchar(140),
`recipient_data` longtext default '{}',
parent varchar(140),
parentfield varchar(140),
parenttype varchar(140),
index parent(parent))
			ENGINE=InnoDB
			ROW_FORMAT=DYNAMIC
			CHARACTER SET=utf8mb4
			COLLATE=utf8mb4_unicode_ci
2026-01-29 14:42:39,077 WARNING database DDL Query made to DB:
create table `tabWhatsApp Profiles` (
			name varchar(140) primary key,
			creation datetime(6),
			modified datetime(6),
			modified_by varchar(140),
			owner varchar(140),
			docstatus int(1) not null default '0',
			idx int(8) not null default '0',
			`profile_name` varchar(140),
`number` varchar(140) unique,
`contact` varchar(140),
`title` varchar(140),
`whatsapp_account` varchar(140),
`_user_tags` text,
`_comments` text,
`_assign` text,
`_liked_by` text,
index modified(modified))
			ENGINE=InnoDB
			ROW_FORMAT=DYNAMIC
			CHARACTER SET=utf8mb4
			COLLATE=utf8mb4_unicode_ci
2026-01-29 14:42:39,230 WARNING database DDL Query made to DB:
create table `tabBulk WhatsApp Message` (
			name varchar(140) primary key,
			creation datetime(6),
			modified datetime(6),
			modified_by varchar(140),
			owner varchar(140),
			docstatus int(1) not null default '0',
			idx int(8) not null default '0',
			`title` varchar(140),
`from_number` varchar(140),
`recipient_type` varchar(140) default 'Individual',
`recipient_list` varchar(140),
`recipient_count` int(11) not null default 0,
`use_template` int(1) not null default 1,
`template` varchar(140),
`variable_type` varchar(140) default 'Common',
`attach` text,
`whatsapp_account` varchar(140),
`template_variables` longtext,
`status` varchar(140) default 'Draft',
`scheduled_time` datetime(6),
`amended_from` varchar(140),
`sent_count` int(11) not null default 0,
`_user_tags` text,
`_comments` text,
`_assign` text,
`_liked_by` text,
index modified(modified))
			ENGINE=InnoDB
			ROW_FORMAT=DYNAMIC
			CHARACTER SET=utf8mb4
			COLLATE=utf8mb4_unicode_ci
2026-01-29 14:42:39,434 WARNING database DDL Query made to DB:
create table `tabWhatsApp Account` (
			name varchar(140) primary key,
			creation datetime(6),
			modified datetime(6),
			modified_by varchar(140),
			owner varchar(140),
			docstatus int(1) not null default '0',
			idx int(8) not null default '0',
			`account_name` varchar(140) unique,
`status` varchar(140) default 'Inactive',
`token` text,
`url` varchar(140),
`version` varchar(140),
`webhook_verify_token` varchar(140) unique,
`phone_id` varchar(140) unique,
`app_id` varchar(140),
`business_id` varchar(140),
`is_default_incoming` int(1) not null default 0,
`is_default_outgoing` int(1) not null default 0,
`allow_auto_read_receipt` int(1) not null default 1,
`_user_tags` text,
`_comments` text,
`_assign` text,
`_liked_by` text,
index modified(modified))
			ENGINE=InnoDB
			ROW_FORMAT=DYNAMIC
			CHARACTER SET=utf8mb4
			COLLATE=utf8mb4_unicode_ci
2026-01-29 14:42:39,542 WARNING database DDL Query made to DB:
create table `tabWhatsApp Notification Log` (
			name varchar(140) primary key,
			creation datetime(6),
			modified datetime(6),
			modified_by varchar(140),
			owner varchar(140),
			docstatus int(1) not null default '0',
			idx int(8) not null default '0',
			`template` varchar(140),
`meta_data` json,
`_user_tags` text,
`_comments` text,
`_assign` text,
`_liked_by` text,
index modified(modified))
			ENGINE=InnoDB
			ROW_FORMAT=DYNAMIC
			CHARACTER SET=utf8mb4
			COLLATE=utf8mb4_unicode_ci
2026-01-29 14:42:39,641 WARNING database DDL Query made to DB:
create sequence if not exists whatsapp_message_fields_id_seq nocache nocycle
2026-01-29 14:42:39,650 WARNING database DDL Query made to DB:
create table `tabWhatsApp Message Fields` (
			name bigint primary key,
			creation datetime(6),
			modified datetime(6),
			modified_by varchar(140),
			owner varchar(140),
			docstatus int(1) not null default '0',
			idx int(8) not null default '0',
			`field_name` varchar(140),
parent varchar(140),
parentfield varchar(140),
parenttype varchar(140),
index parent(parent))
			ENGINE=InnoDB
			ROW_FORMAT=DYNAMIC
			CHARACTER SET=utf8mb4
			COLLATE=utf8mb4_unicode_ci
2026-01-29 14:42:39,779 WARNING database DDL Query made to DB:
create table `tabWhatsApp Recipient List` (
			name varchar(140) primary key,
			creation datetime(6),
			modified datetime(6),
			modified_by varchar(140),
			owner varchar(140),
			docstatus int(1) not null default '0',
			idx int(8) not null default '0',
			`list_name` varchar(140) unique,
`description` text,
`import_from_doctype` int(1) not null default 0,
`doctype_to_import` varchar(140),
`mobile_field` varchar(140),
`name_field` varchar(140),
`import_filters` longtext,
`data_fields` longtext,
`import_limit` int(11) not null default 0,
`_user_tags` text,
`_comments` text,
`_assign` text,
`_liked_by` text,
index modified(modified))
			ENGINE=InnoDB
			ROW_FORMAT=DYNAMIC
			CHARACTER SET=utf8mb4
			COLLATE=utf8mb4_unicode_ci
2026-01-29 14:42:39,941 WARNING database DDL Query made to DB:
create table `tabWhatsApp Notification` (
			name varchar(140) primary key,
			creation datetime(6),
			modified datetime(6),
			modified_by varchar(140),
			owner varchar(140),
			docstatus int(1) not null default '0',
			idx int(8) not null default '0',
			`notification_name` varchar(140) unique,
`notification_type` varchar(140),
`reference_doctype` varchar(140),
`field_name` varchar(140),
`event_frequency` varchar(140),
`doctype_event` varchar(140),
`days_in_advance` int(11) not null default 0,
`date_changed` varchar(140),
`disabled` int(1) not null default 0,
`template` varchar(140),
`code` longtext,
`attach_document_print` int(1) not null default 0,
`custom_attachment` int(1) not null default 0,
`attach` text,
`attach_from_field` varchar(140),
`file_name` varchar(140),
`condition` longtext,
`button_fields` varchar(140),
`set_property_after_alert` varchar(140),
`property_value` varchar(140),
`header_type` varchar(140),
`_user_tags` text,
`_comments` text,
`_assign` text,
`_liked_by` text,
index modified(modified))
			ENGINE=InnoDB
			ROW_FORMAT=DYNAMIC
			CHARACTER SET=utf8mb4
			COLLATE=utf8mb4_unicode_ci
2026-01-29 14:42:40,138 WARNING database DDL Query made to DB:
create table `tabWhatsApp Templates` (
			name varchar(140) primary key,
			creation datetime(6),
			modified datetime(6),
			modified_by varchar(140),
			owner varchar(140),
			docstatus int(1) not null default '0',
			idx int(8) not null default '0',
			`template_name` varchar(140) unique,
`actual_name` varchar(140),
`status` varchar(140) default 'Pending',
`id` varchar(140),
`template` longtext,
`sample_values` text,
`for_doctype` varchar(140),
`field_names` text,
`category` varchar(140),
`language` varchar(140),
`language_code` varchar(140),
`whatsapp_account` varchar(140),
`header_type` varchar(140),
`header` varchar(140),
`sample` text,
`footer` varchar(140),
`_user_tags` text,
`_comments` text,
`_assign` text,
`_liked_by` text,
index modified(modified))
			ENGINE=InnoDB
			ROW_FORMAT=DYNAMIC
			CHARACTER SET=utf8mb4
			COLLATE=utf8mb4_unicode_ci
2026-01-29 14:42:40,362 WARNING database DDL Query made to DB:
create table `tabWhatsApp Flow Field` (
			name varchar(140) primary key,
			creation datetime(6),
			modified datetime(6),
			modified_by varchar(140),
			owner varchar(140),
			docstatus int(1) not null default '0',
			idx int(8) not null default '0',
			`screen` varchar(140),
`field_name` varchar(140),
`field_type` varchar(140),
`label` varchar(140),
`required` int(1) not null default 0,
`enabled` int(1) not null default 1,
`init_value` varchar(140),
`min_chars` int(11) not null default 0,
`max_chars` int(11) not null default 0,
`helper_text` varchar(140),
`error_message` varchar(140),
`options` longtext,
parent varchar(140),
parentfield varchar(140),
parenttype varchar(140),
index parent(parent))
			ENGINE=InnoDB
			ROW_FORMAT=DYNAMIC
			CHARACTER SET=utf8mb4
			COLLATE=utf8mb4_unicode_ci
2026-01-29 14:42:40,481 WARNING database DDL Query made to DB:
create table `tabWhatsApp Button` (
			name varchar(140) primary key,
			creation datetime(6),
			modified datetime(6),
			modified_by varchar(140),
			owner varchar(140),
			docstatus int(1) not null default '0',
			idx int(8) not null default '0',
			`button_type` varchar(140),
`button_label` varchar(140),
`phone_number` varchar(140),
`website_url` varchar(140),
`example_url` varchar(140),
`url_type` varchar(140),
parent varchar(140),
parentfield varchar(140),
parenttype varchar(140),
index parent(parent))
			ENGINE=InnoDB
			ROW_FORMAT=DYNAMIC
			CHARACTER SET=utf8mb4
			COLLATE=utf8mb4_unicode_ci
2026-01-29 14:42:40,598 WARNING database DDL Query made to DB:
create table `tabWhatsApp Flow Screen` (
			name varchar(140) primary key,
			creation datetime(6),
			modified datetime(6),
			modified_by varchar(140),
			owner varchar(140),
			docstatus int(1) not null default '0',
			idx int(8) not null default '0',
			`screen_id` varchar(140),
`screen_title` varchar(140),
`terminal` int(1) not null default 0,
`refresh_on_back` int(1) not null default 0,
`layout_type` varchar(140) default 'SingleColumnLayout',
`success_message` varchar(140),
parent varchar(140),
parentfield varchar(140),
parenttype varchar(140),
index parent(parent))
			ENGINE=InnoDB
			ROW_FORMAT=DYNAMIC
			CHARACTER SET=utf8mb4
			COLLATE=utf8mb4_unicode_ci
2026-01-29 14:42:40,805 WARNING database DDL Query made to DB:
create table `tabWhatsApp Flow` (
			name varchar(140) primary key,
			creation datetime(6),
			modified datetime(6),
			modified_by varchar(140),
			owner varchar(140),
			docstatus int(1) not null default '0',
			idx int(8) not null default '0',
			`flow_name` varchar(140) unique,
`whatsapp_account` varchar(140),
`status` varchar(140) default 'Draft',
`flow_id` varchar(140),
`category` varchar(140) default 'OTHER',
`description` text,
`flow_cta` varchar(140) default 'Open Form',
`data_api_version` varchar(140) default '6.0',
`flow_json` longtext,
`endpoint_uri` varchar(140),
`preview_url` varchar(140),
`_user_tags` text,
`_comments` text,
`_assign` text,
`_liked_by` text,
index modified(modified))
			ENGINE=InnoDB
			ROW_FORMAT=DYNAMIC
			CHARACTER SET=utf8mb4
			COLLATE=utf8mb4_unicode_ci
2026-01-29 14:42:41,334 WARNING database DDL Query made to DB:
create table `tabWhatsApp Message` (
			name varchar(140) primary key,
			creation datetime(6),
			modified datetime(6),
			modified_by varchar(140),
			owner varchar(140),
			docstatus int(1) not null default '0',
			idx int(8) not null default '0',
			`label` varchar(140),
`type` varchar(140),
`status` varchar(140),
`to` varchar(140),
`from` varchar(140),
`profile_name` varchar(140),
`use_template` int(1) not null default 0,
`template` varchar(140),
`template_parameters` text,
`template_header_parameters` text,
`message` longtext,
`message_type` varchar(140),
`message_id` varchar(140),
`conversation_id` varchar(140),
`content_type` varchar(140),
`attach` text,
`buttons` json default '{}',
`body_param` json,
`whatsapp_account` varchar(140),
`flow` varchar(140),
`flow_cta` varchar(140),
`flow_screen` varchar(140),
`flow_token` varchar(140),
`flow_response` json,
`is_reply` int(1) not null default 0,
`reply_to_message_id` varchar(140),
`reference_doctype` varchar(140),
`bulk_message_reference` varchar(140),
`reference_name` varchar(140),
`_user_tags` text,
`_comments` text,
`_assign` text,
`_liked_by` text,
`_seen` text,
index modified(modified))
			ENGINE=InnoDB
			ROW_FORMAT=DYNAMIC
			CHARACTER SET=utf8mb4
			COLLATE=utf8mb4_unicode_ci
2026-01-29 14:42:41,437 WARNING database DDL Query made to DB:
ALTER TABLE `tabWhatsApp Message`
				ADD INDEX IF NOT EXISTS `reference_doctype_reference_name_index`(reference_doctype, reference_name)
2026-01-29 14:57:15,349 WARNING database DDL Query made to DB:
alter table `tabDocType` add column if not exists migration_hash varchar(140)
2026-01-29 14:57:18,088 WARNING database DDL Query made to DB:
create table `tabVooroo WhatsApp Config` (
			name varchar(140) primary key,
			creation datetime(6),
			modified datetime(6),
			modified_by varchar(140),
			owner varchar(140),
			docstatus int(1) not null default '0',
			idx int(8) not null default '0',
			`user` varchar(140) unique,
`is_admin_account` int(1) not null default 0,
`status` varchar(140) default 'Active',
`whatsapp_account` varchar(140),
`phone_number` varchar(140),
`can_send_messages` int(1) not null default 1,
`can_view_all_conversations` int(1) not null default 0,
`can_send_templates` int(1) not null default 1,
`can_manage_templates` int(1) not null default 0,
`_user_tags` text,
`_comments` text,
`_assign` text,
`_liked_by` text,
index modified(modified))
			ENGINE=InnoDB
			ROW_FORMAT=DYNAMIC
			CHARACTER SET=utf8mb4
			COLLATE=utf8mb4_unicode_ci
2026-01-29 14:57:22,063 WARNING database DDL Query made to DB:
ALTER TABLE `tabCRM Lead` MODIFY `net_total` decimal(21,9) not null default 0, MODIFY `total` decimal(21,9) not null default 0, MODIFY `annual_revenue` decimal(21,9) not null default 0, MODIFY `first_response_time` decimal(21,9), MODIFY `last_response_time` decimal(21,9), MODIFY `custom_expected_value` decimal(21,9) not null default 0
2026-01-29 14:57:22,395 WARNING database DDL Query made to DB:
ALTER TABLE `tabCRM Lead` MODIFY `net_total` decimal(21,9) not null default 0, MODIFY `first_response_time` decimal(21,9), MODIFY `annual_revenue` decimal(21,9) not null default 0, MODIFY `total` decimal(21,9) not null default 0, MODIFY `last_response_time` decimal(21,9), MODIFY `custom_expected_value` decimal(21,9) not null default 0
2026-01-29 14:57:22,576 WARNING database DDL Query made to DB:
ALTER TABLE `tabCRM Lead` MODIFY `first_response_time` decimal(21,9), MODIFY `total` decimal(21,9) not null default 0, MODIFY `net_total` decimal(21,9) not null default 0, MODIFY `annual_revenue` decimal(21,9) not null default 0, MODIFY `custom_expected_value` decimal(21,9) not null default 0, MODIFY `last_response_time` decimal(21,9)
2026-01-29 14:57:22,825 WARNING database DDL Query made to DB:
ALTER TABLE `tabCRM Lead` MODIFY `first_response_time` decimal(21,9), MODIFY `total` decimal(21,9) not null default 0, MODIFY `net_total` decimal(21,9) not null default 0, MODIFY `last_response_time` decimal(21,9), MODIFY `custom_expected_value` decimal(21,9) not null default 0, MODIFY `annual_revenue` decimal(21,9) not null default 0
2026-01-29 14:57:23,005 WARNING database DDL Query made to DB:
ALTER TABLE `tabCRM Lead` MODIFY `first_response_time` decimal(21,9), MODIFY `net_total` decimal(21,9) not null default 0, MODIFY `total` decimal(21,9) not null default 0, MODIFY `annual_revenue` decimal(21,9) not null default 0, MODIFY `custom_expected_value` decimal(21,9) not null default 0, MODIFY `last_response_time` decimal(21,9)
2026-01-29 14:57:23,179 WARNING database DDL Query made to DB:
ALTER TABLE `tabCRM Lead` MODIFY `total` decimal(21,9) not null default 0, MODIFY `first_response_time` decimal(21,9), MODIFY `net_total` decimal(21,9) not null default 0, MODIFY `annual_revenue` decimal(21,9) not null default 0, MODIFY `custom_expected_value` decimal(21,9) not null default 0, MODIFY `last_response_time` decimal(21,9)
2026-01-29 14:57:23,417 WARNING database DDL Query made to DB:
ALTER TABLE `tabCRM Lead` MODIFY `custom_expected_value` decimal(21,9) not null default 0, MODIFY `total` decimal(21,9) not null default 0, MODIFY `first_response_time` decimal(21,9), MODIFY `last_response_time` decimal(21,9), MODIFY `net_total` decimal(21,9) not null default 0, MODIFY `annual_revenue` decimal(21,9) not null default 0
2026-01-29 14:57:23,596 WARNING database DDL Query made to DB:
ALTER TABLE `tabCRM Lead` MODIFY `last_response_time` decimal(21,9), MODIFY `annual_revenue` decimal(21,9) not null default 0, MODIFY `first_response_time` decimal(21,9), MODIFY `total` decimal(21,9) not null default 0, MODIFY `net_total` decimal(21,9) not null default 0, MODIFY `custom_expected_value` decimal(21,9) not null default 0
2026-01-29 14:57:23,816 WARNING database DDL Query made to DB:
ALTER TABLE `tabCRM Lead` MODIFY `first_response_time` decimal(21,9), MODIFY `total` decimal(21,9) not null default 0, MODIFY `net_total` decimal(21,9) not null default 0, MODIFY `custom_expected_value` decimal(21,9) not null default 0, MODIFY `annual_revenue` decimal(21,9) not null default 0, MODIFY `last_response_time` decimal(21,9)
2026-01-29 14:57:24,050 WARNING database DDL Query made to DB:
ALTER TABLE `tabCRM Lead` MODIFY `custom_expected_value` decimal(21,9) not null default 0, MODIFY `total` decimal(21,9) not null default 0, MODIFY `last_response_time` decimal(21,9), MODIFY `net_total` decimal(21,9) not null default 0, MODIFY `annual_revenue` decimal(21,9) not null default 0, MODIFY `first_response_time` decimal(21,9)
2026-01-29 14:57:24,242 WARNING database DDL Query made to DB:
ALTER TABLE `tabCRM Lead` MODIFY `custom_expected_value` decimal(21,9) not null default 0, MODIFY `annual_revenue` decimal(21,9) not null default 0, MODIFY `total` decimal(21,9) not null default 0, MODIFY `last_response_time` decimal(21,9), MODIFY `first_response_time` decimal(21,9), MODIFY `net_total` decimal(21,9) not null default 0
2026-01-29 14:57:24,482 WARNING database DDL Query made to DB:
ALTER TABLE `tabCRM Lead` MODIFY `last_response_time` decimal(21,9), MODIFY `total` decimal(21,9) not null default 0, MODIFY `custom_expected_value` decimal(21,9) not null default 0, MODIFY `net_total` decimal(21,9) not null default 0, MODIFY `annual_revenue` decimal(21,9) not null default 0, MODIFY `first_response_time` decimal(21,9)
2026-01-29 14:57:24,713 WARNING database DDL Query made to DB:
ALTER TABLE `tabCRM Lead` MODIFY `first_response_time` decimal(21,9), MODIFY `custom_expected_value` decimal(21,9) not null default 0, MODIFY `total` decimal(21,9) not null default 0, MODIFY `last_response_time` decimal(21,9), MODIFY `annual_revenue` decimal(21,9) not null default 0, MODIFY `net_total` decimal(21,9) not null default 0
2026-01-29 14:57:24,908 WARNING database DDL Query made to DB:
ALTER TABLE `tabCRM Lead` MODIFY `first_response_time` decimal(21,9), MODIFY `total` decimal(21,9) not null default 0, MODIFY `net_total` decimal(21,9) not null default 0, MODIFY `custom_expected_value` decimal(21,9) not null default 0, MODIFY `last_response_time` decimal(21,9), MODIFY `annual_revenue` decimal(21,9) not null default 0
2026-01-29 14:57:25,130 WARNING database DDL Query made to DB:
ALTER TABLE `tabCRM Lead` MODIFY `total` decimal(21,9) not null default 0, MODIFY `custom_expected_value` decimal(21,9) not null default 0, MODIFY `net_total` decimal(21,9) not null default 0, MODIFY `annual_revenue` decimal(21,9) not null default 0, MODIFY `last_response_time` decimal(21,9), MODIFY `first_response_time` decimal(21,9)
2026-01-29 14:57:25,313 WARNING database DDL Query made to DB:
ALTER TABLE `tabCRM Lead` MODIFY `total` decimal(21,9) not null default 0, MODIFY `net_total` decimal(21,9) not null default 0, MODIFY `annual_revenue` decimal(21,9) not null default 0, MODIFY `first_response_time` decimal(21,9), MODIFY `custom_expected_value` decimal(21,9) not null default 0, MODIFY `last_response_time` decimal(21,9)
2026-01-29 14:57:25,485 WARNING database DDL Query made to DB:
ALTER TABLE `tabCRM Lead` MODIFY `net_total` decimal(21,9) not null default 0, MODIFY `annual_revenue` decimal(21,9) not null default 0, MODIFY `total` decimal(21,9) not null default 0, MODIFY `last_response_time` decimal(21,9), MODIFY `custom_expected_value` decimal(21,9) not null default 0, MODIFY `first_response_time` decimal(21,9)
2026-01-29 14:57:25,690 WARNING database DDL Query made to DB:
ALTER TABLE `tabCRM Lead` MODIFY `last_response_time` decimal(21,9), MODIFY `first_response_time` decimal(21,9), MODIFY `custom_expected_value` decimal(21,9) not null default 0, MODIFY `net_total` decimal(21,9) not null default 0, MODIFY `annual_revenue` decimal(21,9) not null default 0, MODIFY `total` decimal(21,9) not null default 0
2026-01-29 14:57:25,934 WARNING database DDL Query made to DB:
ALTER TABLE `tabCRM Lead` MODIFY `annual_revenue` decimal(21,9) not null default 0, MODIFY `total` decimal(21,9) not null default 0, MODIFY `custom_expected_value` decimal(21,9) not null default 0, MODIFY `last_response_time` decimal(21,9), MODIFY `net_total` decimal(21,9) not null default 0, MODIFY `first_response_time` decimal(21,9)
2026-01-29 14:57:26,113 WARNING database DDL Query made to DB:
ALTER TABLE `tabCRM Lead` MODIFY `custom_expected_value` decimal(21,9) not null default 0, MODIFY `total` decimal(21,9) not null default 0, MODIFY `first_response_time` decimal(21,9), MODIFY `net_total` decimal(21,9) not null default 0, MODIFY `last_response_time` decimal(21,9), MODIFY `annual_revenue` decimal(21,9) not null default 0
2026-01-29 14:57:26,352 WARNING database DDL Query made to DB:
ALTER TABLE `tabCRM Lead` MODIFY `last_response_time` decimal(21,9), MODIFY `custom_expected_value` decimal(21,9) not null default 0, MODIFY `net_total` decimal(21,9) not null default 0, MODIFY `first_response_time` decimal(21,9), MODIFY `annual_revenue` decimal(21,9) not null default 0, MODIFY `total` decimal(21,9) not null default 0
2026-01-29 14:57:26,562 WARNING database DDL Query made to DB:
ALTER TABLE `tabCRM Lead` MODIFY `first_response_time` decimal(21,9), MODIFY `custom_expected_value` decimal(21,9) not null default 0, MODIFY `last_response_time` decimal(21,9), MODIFY `annual_revenue` decimal(21,9) not null default 0, MODIFY `total` decimal(21,9) not null default 0, MODIFY `net_total` decimal(21,9) not null default 0
2026-01-29 14:57:26,797 WARNING database DDL Query made to DB:
ALTER TABLE `tabCRM Lead` MODIFY `total` decimal(21,9) not null default 0, MODIFY `first_response_time` decimal(21,9), MODIFY `annual_revenue` decimal(21,9) not null default 0, MODIFY `custom_expected_value` decimal(21,9) not null default 0, MODIFY `last_response_time` decimal(21,9), MODIFY `net_total` decimal(21,9) not null default 0
2026-01-29 14:57:27,054 WARNING database DDL Query made to DB:
ALTER TABLE `tabCRM Lead` MODIFY `total` decimal(21,9) not null default 0, MODIFY `custom_expected_value` decimal(21,9) not null default 0, MODIFY `last_response_time` decimal(21,9), MODIFY `annual_revenue` decimal(21,9) not null default 0, MODIFY `first_response_time` decimal(21,9), MODIFY `net_total` decimal(21,9) not null default 0
2026-01-29 14:57:27,265 WARNING database DDL Query made to DB:
ALTER TABLE `tabCRM Lead` MODIFY `annual_revenue` decimal(21,9) not null default 0, MODIFY `last_response_time` decimal(21,9), MODIFY `custom_expected_value` decimal(21,9) not null default 0, MODIFY `total` decimal(21,9) not null default 0, MODIFY `first_response_time` decimal(21,9), MODIFY `net_total` decimal(21,9) not null default 0
2026-01-29 14:57:27,520 WARNING database DDL Query made to DB:
ALTER TABLE `tabCRM Lead` MODIFY `total` decimal(21,9) not null default 0, MODIFY `first_response_time` decimal(21,9), MODIFY `annual_revenue` decimal(21,9) not null default 0, MODIFY `net_total` decimal(21,9) not null default 0, MODIFY `custom_expected_value` decimal(21,9) not null default 0, MODIFY `last_response_time` decimal(21,9)
2026-01-29 14:57:27,739 WARNING database DDL Query made to DB:
ALTER TABLE `tabCRM Lead` MODIFY `total` decimal(21,9) not null default 0, MODIFY `custom_expected_value` decimal(21,9) not null default 0, MODIFY `last_response_time` decimal(21,9), MODIFY `first_response_time` decimal(21,9), MODIFY `annual_revenue` decimal(21,9) not null default 0, MODIFY `net_total` decimal(21,9) not null default 0
2026-01-29 14:57:27,989 WARNING database DDL Query made to DB:
ALTER TABLE `tabCRM Lead` MODIFY `annual_revenue` decimal(21,9) not null default 0, MODIFY `net_total` decimal(21,9) not null default 0, MODIFY `first_response_time` decimal(21,9), MODIFY `last_response_time` decimal(21,9), MODIFY `custom_expected_value` decimal(21,9) not null default 0, MODIFY `total` decimal(21,9) not null default 0
2026-01-29 14:57:28,198 WARNING database DDL Query made to DB:
ALTER TABLE `tabCRM Lead` MODIFY `first_response_time` decimal(21,9), MODIFY `annual_revenue` decimal(21,9) not null default 0, MODIFY `net_total` decimal(21,9) not null default 0, MODIFY `last_response_time` decimal(21,9), MODIFY `total` decimal(21,9) not null default 0, MODIFY `custom_expected_value` decimal(21,9) not null default 0
2026-01-29 14:57:28,454 WARNING database DDL Query made to DB:
ALTER TABLE `tabCRM Lead` MODIFY `first_response_time` decimal(21,9), MODIFY `last_response_time` decimal(21,9), MODIFY `annual_revenue` decimal(21,9) not null default 0, MODIFY `custom_expected_value` decimal(21,9) not null default 0, MODIFY `total` decimal(21,9) not null default 0, MODIFY `net_total` decimal(21,9) not null default 0
2026-01-29 14:57:28,690 WARNING database DDL Query made to DB:
ALTER TABLE `tabCRM Lead` MODIFY `annual_revenue` decimal(21,9) not null default 0, MODIFY `custom_expected_value` decimal(21,9) not null default 0, MODIFY `total` decimal(21,9) not null default 0, MODIFY `last_response_time` decimal(21,9), MODIFY `net_total` decimal(21,9) not null default 0, MODIFY `first_response_time` decimal(21,9)
2026-01-29 14:57:28,882 WARNING database DDL Query made to DB:
ALTER TABLE `tabCRM Lead` MODIFY `first_response_time` decimal(21,9), MODIFY `annual_revenue` decimal(21,9) not null default 0, MODIFY `last_response_time` decimal(21,9), MODIFY `total` decimal(21,9) not null default 0, MODIFY `net_total` decimal(21,9) not null default 0, MODIFY `custom_expected_value` decimal(21,9) not null default 0
2026-01-29 14:57:29,145 WARNING database DDL Query made to DB:
ALTER TABLE `tabCRM Lead` MODIFY `custom_expected_value` decimal(21,9) not null default 0, MODIFY `first_response_time` decimal(21,9), MODIFY `annual_revenue` decimal(21,9) not null default 0, MODIFY `total` decimal(21,9) not null default 0, MODIFY `last_response_time` decimal(21,9), MODIFY `net_total` decimal(21,9) not null default 0
2026-01-29 14:57:29,371 WARNING database DDL Query made to DB:
ALTER TABLE `tabCRM Deal` MODIFY `deal_value` decimal(21,9) not null default 0, MODIFY `last_response_time` decimal(21,9), MODIFY `total` decimal(21,9) not null default 0, MODIFY `annual_revenue` decimal(21,9) not null default 0, MODIFY `probability` decimal(21,9) not null default 0, MODIFY `net_total` decimal(21,9) not null default 0, MODIFY `first_response_time` decimal(21,9), MODIFY `expected_deal_value` decimal(21,9) not null default 0
2026-01-29 14:57:29,591 WARNING database DDL Query made to DB:
ALTER TABLE `tabCRM Deal` MODIFY `deal_value` decimal(21,9) not null default 0, MODIFY `annual_revenue` decimal(21,9) not null default 0, MODIFY `probability` decimal(21,9) not null default 0, MODIFY `total` decimal(21,9) not null default 0, MODIFY `net_total` decimal(21,9) not null default 0, MODIFY `first_response_time` decimal(21,9), MODIFY `expected_deal_value` decimal(21,9) not null default 0, MODIFY `last_response_time` decimal(21,9)
2026-01-29 14:57:29,812 WARNING database DDL Query made to DB:
ALTER TABLE `tabCRM Deal` MODIFY `probability` decimal(21,9) not null default 0, MODIFY `first_response_time` decimal(21,9), MODIFY `expected_deal_value` decimal(21,9) not null default 0, MODIFY `deal_value` decimal(21,9) not null default 0, MODIFY `annual_revenue` decimal(21,9) not null default 0, MODIFY `total` decimal(21,9) not null default 0, MODIFY `last_response_time` decimal(21,9), MODIFY `net_total` decimal(21,9) not null default 0
2026-01-29 14:57:30,014 WARNING database DDL Query made to DB:
ALTER TABLE `tabCRM Deal` MODIFY `deal_value` decimal(21,9) not null default 0, MODIFY `first_response_time` decimal(21,9), MODIFY `net_total` decimal(21,9) not null default 0, MODIFY `last_response_time` decimal(21,9), MODIFY `expected_deal_value` decimal(21,9) not null default 0, MODIFY `annual_revenue` decimal(21,9) not null default 0, MODIFY `total` decimal(21,9) not null default 0, MODIFY `probability` decimal(21,9) not null default 0
2026-01-29 14:57:30,248 WARNING database DDL Query made to DB:
ALTER TABLE `tabCRM Deal` MODIFY `annual_revenue` decimal(21,9) not null default 0, MODIFY `total` decimal(21,9) not null default 0, MODIFY `expected_deal_value` decimal(21,9) not null default 0, MODIFY `first_response_time` decimal(21,9), MODIFY `deal_value` decimal(21,9) not null default 0, MODIFY `net_total` decimal(21,9) not null default 0, MODIFY `last_response_time` decimal(21,9), MODIFY `probability` decimal(21,9) not null default 0
2026-01-29 14:57:30,585 WARNING database DDL Query made to DB:
ALTER TABLE `tabCRM Deal` MODIFY `total` decimal(21,9) not null default 0, MODIFY `first_response_time` decimal(21,9), MODIFY `probability` decimal(21,9) not null default 0, MODIFY `annual_revenue` decimal(21,9) not null default 0, MODIFY `last_response_time` decimal(21,9), MODIFY `expected_deal_value` decimal(21,9) not null default 0, MODIFY `net_total` decimal(21,9) not null default 0, MODIFY `deal_value` decimal(21,9) not null default 0
2026-01-29 14:57:31,125 WARNING database DDL Query made to DB:
ALTER TABLE `tabCRM Deal` MODIFY `expected_deal_value` decimal(21,9) not null default 0, MODIFY `deal_value` decimal(21,9) not null default 0, MODIFY `probability` decimal(21,9) not null default 0, MODIFY `annual_revenue` decimal(21,9) not null default 0, MODIFY `last_response_time` decimal(21,9), MODIFY `net_total` decimal(21,9) not null default 0, MODIFY `first_response_time` decimal(21,9), MODIFY `total` decimal(21,9) not null default 0
2026-01-29 14:57:31,368 WARNING database DDL Query made to DB:
ALTER TABLE `tabCRM Deal` MODIFY `total` decimal(21,9) not null default 0, MODIFY `net_total` decimal(21,9) not null default 0, MODIFY `annual_revenue` decimal(21,9) not null default 0, MODIFY `probability` decimal(21,9) not null default 0, MODIFY `deal_value` decimal(21,9) not null default 0, MODIFY `expected_deal_value` decimal(21,9) not null default 0, MODIFY `first_response_time` decimal(21,9), MODIFY `last_response_time` decimal(21,9)
2026-01-30 12:17:51,726 WARNING database DDL Query made to DB:
alter table `tabDocType` add column if not exists migration_hash varchar(140)
2026-01-30 12:17:54,676 WARNING database DDL Query made to DB:
create table `tabPersonal Signup Domain` (
			name varchar(140) primary key,
			creation datetime(6),
			modified datetime(6),
			modified_by varchar(140),
			owner varchar(140),
			docstatus int(1) not null default '0',
			idx int(8) not null default '0',
			`principal` varchar(140),
parent varchar(140),
parentfield varchar(140),
parenttype varchar(140),
index parent(parent))
			ENGINE=InnoDB
			ROW_FORMAT=DYNAMIC
			CHARACTER SET=utf8mb4
			COLLATE=utf8mb4_unicode_ci
2026-01-30 12:18:07,591 WARNING database DDL Query made to DB:
alter table `tabDocType` add column if not exists migration_hash varchar(140)
2026-01-30 12:19:11,440 WARNING database DDL Query made to DB:
alter table `tabDocType` add column if not exists migration_hash varchar(140)
2026-01-30 12:19:35,257 WARNING database DDL Query made to DB:
DROP TABLE IF EXISTS `tabPersonal Signup Domain`
2026-01-31 17:08:49,011 WARNING database DDL Query made to DB:
alter table `tabDocType` add column if not exists migration_hash varchar(140)
2026-01-31 17:08:52,974 WARNING database DDL Query made to DB:
create table `tabVooroo Email Template` (
			name varchar(140) primary key,
			creation datetime(6),
			modified datetime(6),
			modified_by varchar(140),
			owner varchar(140),
			docstatus int(1) not null default '0',
			idx int(8) not null default '0',
			`enabled` int(1) not null default 1,
`template_name` varchar(140) unique,
`template_type` varchar(140),
`description` text,
`subject` varchar(140),
`content` longtext,
`available_variables` longtext default '{\n  \"prospect\": [\"first_name\", \"last_name\", \"email\", \"phone\", \"company_name\"],\n  \"deal\": [\"deal_name\", \"amount\", \"stage\", \"expected_close_date\"],\n  \"invoice\": [\"invoice_number\", \"total\", \"due_date\"],\n  \"quotation\": [\"quotation_number\", \"total\", \"valid_until\"],\n  \"common\": [\"company_name\", \"current_user\", \"current_date\"]\n}',
`_user_tags` text,
`_comments` text,
`_assign` text,
`_liked_by` text,
index modified(modified))
			ENGINE=InnoDB
			ROW_FORMAT=DYNAMIC
			CHARACTER SET=utf8mb4
			COLLATE=utf8mb4_unicode_ci
2026-01-31 17:08:56,740 WARNING database DDL Query made to DB:
ALTER TABLE `tabCRM Lead` MODIFY `total` decimal(21,9) not null default 0, MODIFY `first_response_time` decimal(21,9), MODIFY `net_total` decimal(21,9) not null default 0, MODIFY `last_response_time` decimal(21,9), MODIFY `custom_expected_value` decimal(21,9) not null default 0, MODIFY `annual_revenue` decimal(21,9) not null default 0
2026-01-31 17:08:57,143 WARNING database DDL Query made to DB:
ALTER TABLE `tabCRM Lead` MODIFY `total` decimal(21,9) not null default 0, MODIFY `annual_revenue` decimal(21,9) not null default 0, MODIFY `net_total` decimal(21,9) not null default 0, MODIFY `custom_expected_value` decimal(21,9) not null default 0, MODIFY `first_response_time` decimal(21,9), MODIFY `last_response_time` decimal(21,9)
2026-01-31 17:08:57,392 WARNING database DDL Query made to DB:
ALTER TABLE `tabCRM Lead` MODIFY `net_total` decimal(21,9) not null default 0, MODIFY `total` decimal(21,9) not null default 0, MODIFY `first_response_time` decimal(21,9), MODIFY `annual_revenue` decimal(21,9) not null default 0, MODIFY `last_response_time` decimal(21,9), MODIFY `custom_expected_value` decimal(21,9) not null default 0
2026-01-31 17:08:57,656 WARNING database DDL Query made to DB:
ALTER TABLE `tabCRM Lead` MODIFY `total` decimal(21,9) not null default 0, MODIFY `last_response_time` decimal(21,9), MODIFY `first_response_time` decimal(21,9), MODIFY `net_total` decimal(21,9) not null default 0, MODIFY `custom_expected_value` decimal(21,9) not null default 0, MODIFY `annual_revenue` decimal(21,9) not null default 0
2026-01-31 17:08:57,922 WARNING database DDL Query made to DB:
ALTER TABLE `tabCRM Lead` MODIFY `last_response_time` decimal(21,9), MODIFY `total` decimal(21,9) not null default 0, MODIFY `custom_expected_value` decimal(21,9) not null default 0, MODIFY `net_total` decimal(21,9) not null default 0, MODIFY `annual_revenue` decimal(21,9) not null default 0, MODIFY `first_response_time` decimal(21,9)
2026-01-31 17:08:58,147 WARNING database DDL Query made to DB:
ALTER TABLE `tabCRM Lead` MODIFY `annual_revenue` decimal(21,9) not null default 0, MODIFY `last_response_time` decimal(21,9), MODIFY `total` decimal(21,9) not null default 0, MODIFY `custom_expected_value` decimal(21,9) not null default 0, MODIFY `net_total` decimal(21,9) not null default 0, MODIFY `first_response_time` decimal(21,9)
2026-01-31 17:08:58,415 WARNING database DDL Query made to DB:
ALTER TABLE `tabCRM Lead` MODIFY `annual_revenue` decimal(21,9) not null default 0, MODIFY `custom_expected_value` decimal(21,9) not null default 0, MODIFY `first_response_time` decimal(21,9), MODIFY `total` decimal(21,9) not null default 0, MODIFY `net_total` decimal(21,9) not null default 0, MODIFY `last_response_time` decimal(21,9)
2026-01-31 17:08:58,661 WARNING database DDL Query made to DB:
ALTER TABLE `tabCRM Lead` MODIFY `net_total` decimal(21,9) not null default 0, MODIFY `custom_expected_value` decimal(21,9) not null default 0, MODIFY `first_response_time` decimal(21,9), MODIFY `annual_revenue` decimal(21,9) not null default 0, MODIFY `last_response_time` decimal(21,9), MODIFY `total` decimal(21,9) not null default 0
2026-01-31 17:08:58,844 WARNING database DDL Query made to DB:
ALTER TABLE `tabCRM Lead` MODIFY `total` decimal(21,9) not null default 0, MODIFY `last_response_time` decimal(21,9), MODIFY `custom_expected_value` decimal(21,9) not null default 0, MODIFY `first_response_time` decimal(21,9), MODIFY `net_total` decimal(21,9) not null default 0, MODIFY `annual_revenue` decimal(21,9) not null default 0
2026-01-31 17:08:59,058 WARNING database DDL Query made to DB:
ALTER TABLE `tabCRM Lead` MODIFY `first_response_time` decimal(21,9), MODIFY `custom_expected_value` decimal(21,9) not null default 0, MODIFY `last_response_time` decimal(21,9), MODIFY `total` decimal(21,9) not null default 0, MODIFY `net_total` decimal(21,9) not null default 0, MODIFY `annual_revenue` decimal(21,9) not null default 0
2026-01-31 17:08:59,332 WARNING database DDL Query made to DB:
ALTER TABLE `tabCRM Lead` MODIFY `net_total` decimal(21,9) not null default 0, MODIFY `first_response_time` decimal(21,9), MODIFY `total` decimal(21,9) not null default 0, MODIFY `last_response_time` decimal(21,9), MODIFY `annual_revenue` decimal(21,9) not null default 0, MODIFY `custom_expected_value` decimal(21,9) not null default 0
2026-01-31 17:08:59,541 WARNING database DDL Query made to DB:
ALTER TABLE `tabCRM Lead` MODIFY `net_total` decimal(21,9) not null default 0, MODIFY `annual_revenue` decimal(21,9) not null default 0, MODIFY `first_response_time` decimal(21,9), MODIFY `custom_expected_value` decimal(21,9) not null default 0, MODIFY `total` decimal(21,9) not null default 0, MODIFY `last_response_time` decimal(21,9)
2026-01-31 17:08:59,773 WARNING database DDL Query made to DB:
ALTER TABLE `tabCRM Lead` MODIFY `last_response_time` decimal(21,9), MODIFY `custom_expected_value` decimal(21,9) not null default 0, MODIFY `total` decimal(21,9) not null default 0, MODIFY `net_total` decimal(21,9) not null default 0, MODIFY `first_response_time` decimal(21,9), MODIFY `annual_revenue` decimal(21,9) not null default 0
2026-01-31 17:09:00,037 WARNING database DDL Query made to DB:
ALTER TABLE `tabCRM Lead` MODIFY `custom_expected_value` decimal(21,9) not null default 0, MODIFY `total` decimal(21,9) not null default 0, MODIFY `net_total` decimal(21,9) not null default 0, MODIFY `first_response_time` decimal(21,9), MODIFY `annual_revenue` decimal(21,9) not null default 0, MODIFY `last_response_time` decimal(21,9)
2026-01-31 17:09:00,245 WARNING database DDL Query made to DB:
ALTER TABLE `tabCRM Lead` MODIFY `total` decimal(21,9) not null default 0, MODIFY `annual_revenue` decimal(21,9) not null default 0, MODIFY `last_response_time` decimal(21,9), MODIFY `first_response_time` decimal(21,9), MODIFY `custom_expected_value` decimal(21,9) not null default 0, MODIFY `net_total` decimal(21,9) not null default 0
2026-01-31 17:09:00,470 WARNING database DDL Query made to DB:
ALTER TABLE `tabCRM Lead` MODIFY `total` decimal(21,9) not null default 0, MODIFY `net_total` decimal(21,9) not null default 0, MODIFY `last_response_time` decimal(21,9), MODIFY `annual_revenue` decimal(21,9) not null default 0, MODIFY `custom_expected_value` decimal(21,9) not null default 0, MODIFY `first_response_time` decimal(21,9)
2026-01-31 17:09:00,744 WARNING database DDL Query made to DB:
ALTER TABLE `tabCRM Lead` MODIFY `first_response_time` decimal(21,9), MODIFY `net_total` decimal(21,9) not null default 0, MODIFY `total` decimal(21,9) not null default 0, MODIFY `custom_expected_value` decimal(21,9) not null default 0, MODIFY `annual_revenue` decimal(21,9) not null default 0, MODIFY `last_response_time` decimal(21,9)
2026-01-31 17:09:00,980 WARNING database DDL Query made to DB:
ALTER TABLE `tabCRM Lead` MODIFY `last_response_time` decimal(21,9), MODIFY `custom_expected_value` decimal(21,9) not null default 0, MODIFY `first_response_time` decimal(21,9), MODIFY `total` decimal(21,9) not null default 0, MODIFY `net_total` decimal(21,9) not null default 0, MODIFY `annual_revenue` decimal(21,9) not null default 0
2026-01-31 17:09:01,264 WARNING database DDL Query made to DB:
ALTER TABLE `tabCRM Lead` MODIFY `total` decimal(21,9) not null default 0, MODIFY `net_total` decimal(21,9) not null default 0, MODIFY `annual_revenue` decimal(21,9) not null default 0, MODIFY `last_response_time` decimal(21,9), MODIFY `first_response_time` decimal(21,9), MODIFY `custom_expected_value` decimal(21,9) not null default 0
2026-01-31 17:09:01,481 WARNING database DDL Query made to DB:
ALTER TABLE `tabCRM Lead` MODIFY `annual_revenue` decimal(21,9) not null default 0, MODIFY `last_response_time` decimal(21,9), MODIFY `total` decimal(21,9) not null default 0, MODIFY `custom_expected_value` decimal(21,9) not null default 0, MODIFY `net_total` decimal(21,9) not null default 0, MODIFY `first_response_time` decimal(21,9)
2026-01-31 17:09:01,748 WARNING database DDL Query made to DB:
ALTER TABLE `tabCRM Lead` MODIFY `annual_revenue` decimal(21,9) not null default 0, MODIFY `total` decimal(21,9) not null default 0, MODIFY `net_total` decimal(21,9) not null default 0, MODIFY `custom_expected_value` decimal(21,9) not null default 0, MODIFY `last_response_time` decimal(21,9), MODIFY `first_response_time` decimal(21,9)
2026-01-31 17:09:02,020 WARNING database DDL Query made to DB:
ALTER TABLE `tabCRM Lead` MODIFY `last_response_time` decimal(21,9), MODIFY `annual_revenue` decimal(21,9) not null default 0, MODIFY `net_total` decimal(21,9) not null default 0, MODIFY `first_response_time` decimal(21,9), MODIFY `total` decimal(21,9) not null default 0, MODIFY `custom_expected_value` decimal(21,9) not null default 0
2026-01-31 17:09:02,285 WARNING database DDL Query made to DB:
ALTER TABLE `tabCRM Lead` MODIFY `total` decimal(21,9) not null default 0, MODIFY `last_response_time` decimal(21,9), MODIFY `annual_revenue` decimal(21,9) not null default 0, MODIFY `custom_expected_value` decimal(21,9) not null default 0, MODIFY `net_total` decimal(21,9) not null default 0, MODIFY `first_response_time` decimal(21,9)
2026-01-31 17:09:02,510 WARNING database DDL Query made to DB:
ALTER TABLE `tabCRM Lead` MODIFY `annual_revenue` decimal(21,9) not null default 0, MODIFY `net_total` decimal(21,9) not null default 0, MODIFY `first_response_time` decimal(21,9), MODIFY `custom_expected_value` decimal(21,9) not null default 0, MODIFY `last_response_time` decimal(21,9), MODIFY `total` decimal(21,9) not null default 0
2026-01-31 17:09:02,763 WARNING database DDL Query made to DB:
ALTER TABLE `tabCRM Lead` MODIFY `annual_revenue` decimal(21,9) not null default 0, MODIFY `total` decimal(21,9) not null default 0, MODIFY `net_total` decimal(21,9) not null default 0, MODIFY `first_response_time` decimal(21,9), MODIFY `custom_expected_value` decimal(21,9) not null default 0, MODIFY `last_response_time` decimal(21,9)
2026-01-31 17:09:03,053 WARNING database DDL Query made to DB:
ALTER TABLE `tabCRM Lead` MODIFY `custom_expected_value` decimal(21,9) not null default 0, MODIFY `last_response_time` decimal(21,9), MODIFY `annual_revenue` decimal(21,9) not null default 0, MODIFY `first_response_time` decimal(21,9), MODIFY `total` decimal(21,9) not null default 0, MODIFY `net_total` decimal(21,9) not null default 0
2026-01-31 17:09:03,253 WARNING database DDL Query made to DB:
ALTER TABLE `tabCRM Lead` MODIFY `custom_expected_value` decimal(21,9) not null default 0, MODIFY `last_response_time` decimal(21,9), MODIFY `annual_revenue` decimal(21,9) not null default 0, MODIFY `total` decimal(21,9) not null default 0, MODIFY `first_response_time` decimal(21,9), MODIFY `net_total` decimal(21,9) not null default 0
2026-01-31 17:09:03,512 WARNING database DDL Query made to DB:
ALTER TABLE `tabCRM Lead` MODIFY `annual_revenue` decimal(21,9) not null default 0, MODIFY `custom_expected_value` decimal(21,9) not null default 0, MODIFY `total` decimal(21,9) not null default 0, MODIFY `first_response_time` decimal(21,9), MODIFY `net_total` decimal(21,9) not null default 0, MODIFY `last_response_time` decimal(21,9)
2026-01-31 17:09:03,789 WARNING database DDL Query made to DB:
ALTER TABLE `tabCRM Lead` MODIFY `annual_revenue` decimal(21,9) not null default 0, MODIFY `last_response_time` decimal(21,9), MODIFY `first_response_time` decimal(21,9), MODIFY `net_total` decimal(21,9) not null default 0, MODIFY `custom_expected_value` decimal(21,9) not null default 0, MODIFY `total` decimal(21,9) not null default 0
2026-01-31 17:09:04,481 WARNING database DDL Query made to DB:
ALTER TABLE `tabCRM Lead` MODIFY `annual_revenue` decimal(21,9) not null default 0, MODIFY `net_total` decimal(21,9) not null default 0, MODIFY `custom_expected_value` decimal(21,9) not null default 0, MODIFY `last_response_time` decimal(21,9), MODIFY `first_response_time` decimal(21,9), MODIFY `total` decimal(21,9) not null default 0
2026-01-31 17:09:04,790 WARNING database DDL Query made to DB:
ALTER TABLE `tabCRM Lead` MODIFY `custom_expected_value` decimal(21,9) not null default 0, MODIFY `annual_revenue` decimal(21,9) not null default 0, MODIFY `total` decimal(21,9) not null default 0, MODIFY `first_response_time` decimal(21,9), MODIFY `net_total` decimal(21,9) not null default 0, MODIFY `last_response_time` decimal(21,9)
2026-01-31 17:09:05,097 WARNING database DDL Query made to DB:
ALTER TABLE `tabCRM Lead` MODIFY `annual_revenue` decimal(21,9) not null default 0, MODIFY `first_response_time` decimal(21,9), MODIFY `net_total` decimal(21,9) not null default 0, MODIFY `last_response_time` decimal(21,9), MODIFY `custom_expected_value` decimal(21,9) not null default 0, MODIFY `total` decimal(21,9) not null default 0
2026-01-31 17:09:05,459 WARNING database DDL Query made to DB:
ALTER TABLE `tabCRM Lead` MODIFY `last_response_time` decimal(21,9), MODIFY `custom_expected_value` decimal(21,9) not null default 0, MODIFY `annual_revenue` decimal(21,9) not null default 0, MODIFY `net_total` decimal(21,9) not null default 0, MODIFY `first_response_time` decimal(21,9), MODIFY `total` decimal(21,9) not null default 0
2026-01-31 17:09:05,813 WARNING database DDL Query made to DB:
ALTER TABLE `tabCRM Deal` MODIFY `deal_value` decimal(21,9) not null default 0, MODIFY `last_response_time` decimal(21,9), MODIFY `net_total` decimal(21,9) not null default 0, MODIFY `total` decimal(21,9) not null default 0, MODIFY `first_response_time` decimal(21,9), MODIFY `probability` decimal(21,9) not null default 0, MODIFY `annual_revenue` decimal(21,9) not null default 0, MODIFY `expected_deal_value` decimal(21,9) not null default 0
2026-01-31 17:09:06,184 WARNING database DDL Query made to DB:
ALTER TABLE `tabCRM Deal` MODIFY `total` decimal(21,9) not null default 0, MODIFY `deal_value` decimal(21,9) not null default 0, MODIFY `probability` decimal(21,9) not null default 0, MODIFY `expected_deal_value` decimal(21,9) not null default 0, MODIFY `net_total` decimal(21,9) not null default 0, MODIFY `last_response_time` decimal(21,9), MODIFY `first_response_time` decimal(21,9), MODIFY `annual_revenue` decimal(21,9) not null default 0
2026-01-31 17:09:06,461 WARNING database DDL Query made to DB:
ALTER TABLE `tabCRM Deal` MODIFY `total` decimal(21,9) not null default 0, MODIFY `annual_revenue` decimal(21,9) not null default 0, MODIFY `deal_value` decimal(21,9) not null default 0, MODIFY `expected_deal_value` decimal(21,9) not null default 0, MODIFY `first_response_time` decimal(21,9), MODIFY `probability` decimal(21,9) not null default 0, MODIFY `last_response_time` decimal(21,9), MODIFY `net_total` decimal(21,9) not null default 0
2026-01-31 17:09:06,741 WARNING database DDL Query made to DB:
ALTER TABLE `tabCRM Deal` MODIFY `expected_deal_value` decimal(21,9) not null default 0, MODIFY `net_total` decimal(21,9) not null default 0, MODIFY `annual_revenue` decimal(21,9) not null default 0, MODIFY `deal_value` decimal(21,9) not null default 0, MODIFY `probability` decimal(21,9) not null default 0, MODIFY `first_response_time` decimal(21,9), MODIFY `total` decimal(21,9) not null default 0, MODIFY `last_response_time` decimal(21,9)
2026-01-31 17:09:06,983 WARNING database DDL Query made to DB:
ALTER TABLE `tabCRM Deal` MODIFY `annual_revenue` decimal(21,9) not null default 0, MODIFY `expected_deal_value` decimal(21,9) not null default 0, MODIFY `deal_value` decimal(21,9) not null default 0, MODIFY `first_response_time` decimal(21,9), MODIFY `last_response_time` decimal(21,9), MODIFY `total` decimal(21,9) not null default 0, MODIFY `net_total` decimal(21,9) not null default 0, MODIFY `probability` decimal(21,9) not null default 0
2026-01-31 17:09:07,177 WARNING database DDL Query made to DB:
ALTER TABLE `tabCRM Deal` MODIFY `net_total` decimal(21,9) not null default 0, MODIFY `total` decimal(21,9) not null default 0, MODIFY `annual_revenue` decimal(21,9) not null default 0, MODIFY `expected_deal_value` decimal(21,9) not null default 0, MODIFY `probability` decimal(21,9) not null default 0, MODIFY `last_response_time` decimal(21,9), MODIFY `deal_value` decimal(21,9) not null default 0, MODIFY `first_response_time` decimal(21,9)
2026-01-31 17:09:07,354 WARNING database DDL Query made to DB:
ALTER TABLE `tabCRM Deal` MODIFY `total` decimal(21,9) not null default 0, MODIFY `first_response_time` decimal(21,9), MODIFY `deal_value` decimal(21,9) not null default 0, MODIFY `annual_revenue` decimal(21,9) not null default 0, MODIFY `last_response_time` decimal(21,9), MODIFY `net_total` decimal(21,9) not null default 0, MODIFY `expected_deal_value` decimal(21,9) not null default 0, MODIFY `probability` decimal(21,9) not null default 0
2026-01-31 17:09:07,590 WARNING database DDL Query made to DB:
ALTER TABLE `tabCRM Deal` MODIFY `total` decimal(21,9) not null default 0, MODIFY `annual_revenue` decimal(21,9) not null default 0, MODIFY `first_response_time` decimal(21,9), MODIFY `probability` decimal(21,9) not null default 0, MODIFY `net_total` decimal(21,9) not null default 0, MODIFY `last_response_time` decimal(21,9), MODIFY `expected_deal_value` decimal(21,9) not null default 0, MODIFY `deal_value` decimal(21,9) not null default 0
2026-02-01 09:49:51,115 WARNING database DDL Query made to DB:
alter table `tabDocType` add column if not exists migration_hash varchar(140)
2026-02-01 09:49:56,938 WARNING database DDL Query made to DB:
ALTER TABLE `tabCRM Lead` MODIFY `first_response_time` decimal(21,9), MODIFY `total` decimal(21,9) not null default 0, MODIFY `last_response_time` decimal(21,9), MODIFY `custom_expected_value` decimal(21,9) not null default 0, MODIFY `net_total` decimal(21,9) not null default 0, MODIFY `annual_revenue` decimal(21,9) not null default 0
2026-02-01 09:49:57,297 WARNING database DDL Query made to DB:
ALTER TABLE `tabCRM Lead` MODIFY `total` decimal(21,9) not null default 0, MODIFY `first_response_time` decimal(21,9), MODIFY `custom_expected_value` decimal(21,9) not null default 0, MODIFY `annual_revenue` decimal(21,9) not null default 0, MODIFY `net_total` decimal(21,9) not null default 0, MODIFY `last_response_time` decimal(21,9)
2026-02-01 09:49:57,568 WARNING database DDL Query made to DB:
ALTER TABLE `tabCRM Lead` MODIFY `annual_revenue` decimal(21,9) not null default 0, MODIFY `custom_expected_value` decimal(21,9) not null default 0, MODIFY `net_total` decimal(21,9) not null default 0, MODIFY `last_response_time` decimal(21,9), MODIFY `total` decimal(21,9) not null default 0, MODIFY `first_response_time` decimal(21,9)
2026-02-01 09:49:57,785 WARNING database DDL Query made to DB:
ALTER TABLE `tabCRM Lead` MODIFY `custom_expected_value` decimal(21,9) not null default 0, MODIFY `total` decimal(21,9) not null default 0, MODIFY `annual_revenue` decimal(21,9) not null default 0, MODIFY `first_response_time` decimal(21,9), MODIFY `net_total` decimal(21,9) not null default 0, MODIFY `last_response_time` decimal(21,9)
2026-02-01 09:49:57,996 WARNING database DDL Query made to DB:
ALTER TABLE `tabCRM Lead` MODIFY `custom_expected_value` decimal(21,9) not null default 0, MODIFY `net_total` decimal(21,9) not null default 0, MODIFY `annual_revenue` decimal(21,9) not null default 0, MODIFY `last_response_time` decimal(21,9), MODIFY `first_response_time` decimal(21,9), MODIFY `total` decimal(21,9) not null default 0
2026-02-01 09:49:58,235 WARNING database DDL Query made to DB:
ALTER TABLE `tabCRM Lead` MODIFY `net_total` decimal(21,9) not null default 0, MODIFY `last_response_time` decimal(21,9), MODIFY `annual_revenue` decimal(21,9) not null default 0, MODIFY `custom_expected_value` decimal(21,9) not null default 0, MODIFY `total` decimal(21,9) not null default 0, MODIFY `first_response_time` decimal(21,9)
2026-02-01 09:49:58,481 WARNING database DDL Query made to DB:
ALTER TABLE `tabCRM Lead` MODIFY `net_total` decimal(21,9) not null default 0, MODIFY `annual_revenue` decimal(21,9) not null default 0, MODIFY `custom_expected_value` decimal(21,9) not null default 0, MODIFY `first_response_time` decimal(21,9), MODIFY `last_response_time` decimal(21,9), MODIFY `total` decimal(21,9) not null default 0
2026-02-01 09:49:58,717 WARNING database DDL Query made to DB:
ALTER TABLE `tabCRM Lead` MODIFY `annual_revenue` decimal(21,9) not null default 0, MODIFY `first_response_time` decimal(21,9), MODIFY `last_response_time` decimal(21,9), MODIFY `total` decimal(21,9) not null default 0, MODIFY `net_total` decimal(21,9) not null default 0, MODIFY `custom_expected_value` decimal(21,9) not null default 0
2026-02-01 09:49:58,970 WARNING database DDL Query made to DB:
ALTER TABLE `tabCRM Lead` MODIFY `total` decimal(21,9) not null default 0, MODIFY `last_response_time` decimal(21,9), MODIFY `net_total` decimal(21,9) not null default 0, MODIFY `custom_expected_value` decimal(21,9) not null default 0, MODIFY `first_response_time` decimal(21,9), MODIFY `annual_revenue` decimal(21,9) not null default 0
2026-02-01 09:49:59,232 WARNING database DDL Query made to DB:
ALTER TABLE `tabCRM Lead` MODIFY `net_total` decimal(21,9) not null default 0, MODIFY `annual_revenue` decimal(21,9) not null default 0, MODIFY `first_response_time` decimal(21,9), MODIFY `custom_expected_value` decimal(21,9) not null default 0, MODIFY `last_response_time` decimal(21,9), MODIFY `total` decimal(21,9) not null default 0
2026-02-01 09:49:59,442 WARNING database DDL Query made to DB:
ALTER TABLE `tabCRM Lead` MODIFY `first_response_time` decimal(21,9), MODIFY `total` decimal(21,9) not null default 0, MODIFY `last_response_time` decimal(21,9), MODIFY `custom_expected_value` decimal(21,9) not null default 0, MODIFY `net_total` decimal(21,9) not null default 0, MODIFY `annual_revenue` decimal(21,9) not null default 0
2026-02-01 09:49:59,671 WARNING database DDL Query made to DB:
ALTER TABLE `tabCRM Lead` MODIFY `total` decimal(21,9) not null default 0, MODIFY `last_response_time` decimal(21,9), MODIFY `custom_expected_value` decimal(21,9) not null default 0, MODIFY `net_total` decimal(21,9) not null default 0, MODIFY `annual_revenue` decimal(21,9) not null default 0, MODIFY `first_response_time` decimal(21,9)
2026-02-01 09:49:59,894 WARNING database DDL Query made to DB:
ALTER TABLE `tabCRM Lead` MODIFY `custom_expected_value` decimal(21,9) not null default 0, MODIFY `first_response_time` decimal(21,9), MODIFY `total` decimal(21,9) not null default 0, MODIFY `last_response_time` decimal(21,9), MODIFY `annual_revenue` decimal(21,9) not null default 0, MODIFY `net_total` decimal(21,9) not null default 0
2026-02-01 09:50:00,119 WARNING database DDL Query made to DB:
ALTER TABLE `tabCRM Lead` MODIFY `annual_revenue` decimal(21,9) not null default 0, MODIFY `net_total` decimal(21,9) not null default 0, MODIFY `custom_expected_value` decimal(21,9) not null default 0, MODIFY `first_response_time` decimal(21,9), MODIFY `last_response_time` decimal(21,9), MODIFY `total` decimal(21,9) not null default 0
2026-02-01 09:50:00,349 WARNING database DDL Query made to DB:
ALTER TABLE `tabCRM Lead` MODIFY `custom_expected_value` decimal(21,9) not null default 0, MODIFY `last_response_time` decimal(21,9), MODIFY `net_total` decimal(21,9) not null default 0, MODIFY `total` decimal(21,9) not null default 0, MODIFY `annual_revenue` decimal(21,9) not null default 0, MODIFY `first_response_time` decimal(21,9)
2026-02-01 09:50:00,587 WARNING database DDL Query made to DB:
ALTER TABLE `tabCRM Lead` MODIFY `last_response_time` decimal(21,9), MODIFY `custom_expected_value` decimal(21,9) not null default 0, MODIFY `net_total` decimal(21,9) not null default 0, MODIFY `first_response_time` decimal(21,9), MODIFY `annual_revenue` decimal(21,9) not null default 0, MODIFY `total` decimal(21,9) not null default 0
2026-02-01 09:50:00,869 WARNING database DDL Query made to DB:
ALTER TABLE `tabCRM Lead` MODIFY `custom_expected_value` decimal(21,9) not null default 0, MODIFY `annual_revenue` decimal(21,9) not null default 0, MODIFY `total` decimal(21,9) not null default 0, MODIFY `net_total` decimal(21,9) not null default 0, MODIFY `last_response_time` decimal(21,9), MODIFY `first_response_time` decimal(21,9)
2026-02-01 09:50:01,200 WARNING database DDL Query made to DB:
ALTER TABLE `tabCRM Lead` MODIFY `net_total` decimal(21,9) not null default 0, MODIFY `first_response_time` decimal(21,9), MODIFY `custom_expected_value` decimal(21,9) not null default 0, MODIFY `annual_revenue` decimal(21,9) not null default 0, MODIFY `total` decimal(21,9) not null default 0, MODIFY `last_response_time` decimal(21,9)
2026-02-01 09:50:01,417 WARNING database DDL Query made to DB:
ALTER TABLE `tabCRM Lead` MODIFY `custom_expected_value` decimal(21,9) not null default 0, MODIFY `first_response_time` decimal(21,9), MODIFY `last_response_time` decimal(21,9), MODIFY `total` decimal(21,9) not null default 0, MODIFY `annual_revenue` decimal(21,9) not null default 0, MODIFY `net_total` decimal(21,9) not null default 0
2026-02-01 09:50:01,648 WARNING database DDL Query made to DB:
ALTER TABLE `tabCRM Lead` MODIFY `custom_expected_value` decimal(21,9) not null default 0, MODIFY `last_response_time` decimal(21,9), MODIFY `first_response_time` decimal(21,9), MODIFY `net_total` decimal(21,9) not null default 0, MODIFY `total` decimal(21,9) not null default 0, MODIFY `annual_revenue` decimal(21,9) not null default 0
2026-02-01 09:50:01,854 WARNING database DDL Query made to DB:
ALTER TABLE `tabCRM Lead` MODIFY `first_response_time` decimal(21,9), MODIFY `net_total` decimal(21,9) not null default 0, MODIFY `custom_expected_value` decimal(21,9) not null default 0, MODIFY `last_response_time` decimal(21,9), MODIFY `total` decimal(21,9) not null default 0, MODIFY `annual_revenue` decimal(21,9) not null default 0
2026-02-01 09:50:02,063 WARNING database DDL Query made to DB:
ALTER TABLE `tabCRM Lead` MODIFY `first_response_time` decimal(21,9), MODIFY `last_response_time` decimal(21,9), MODIFY `total` decimal(21,9) not null default 0, MODIFY `annual_revenue` decimal(21,9) not null default 0, MODIFY `net_total` decimal(21,9) not null default 0, MODIFY `custom_expected_value` decimal(21,9) not null default 0
2026-02-01 09:50:02,308 WARNING database DDL Query made to DB:
ALTER TABLE `tabCRM Lead` MODIFY `total` decimal(21,9) not null default 0, MODIFY `first_response_time` decimal(21,9), MODIFY `net_total` decimal(21,9) not null default 0, MODIFY `last_response_time` decimal(21,9), MODIFY `annual_revenue` decimal(21,9) not null default 0, MODIFY `custom_expected_value` decimal(21,9) not null default 0
2026-02-01 09:50:02,535 WARNING database DDL Query made to DB:
ALTER TABLE `tabCRM Lead` MODIFY `annual_revenue` decimal(21,9) not null default 0, MODIFY `first_response_time` decimal(21,9), MODIFY `custom_expected_value` decimal(21,9) not null default 0, MODIFY `total` decimal(21,9) not null default 0, MODIFY `last_response_time` decimal(21,9), MODIFY `net_total` decimal(21,9) not null default 0
2026-02-01 09:50:02,745 WARNING database DDL Query made to DB:
ALTER TABLE `tabCRM Lead` MODIFY `last_response_time` decimal(21,9), MODIFY `custom_expected_value` decimal(21,9) not null default 0, MODIFY `annual_revenue` decimal(21,9) not null default 0, MODIFY `total` decimal(21,9) not null default 0, MODIFY `net_total` decimal(21,9) not null default 0, MODIFY `first_response_time` decimal(21,9)
2026-02-01 09:50:02,967 WARNING database DDL Query made to DB:
ALTER TABLE `tabCRM Lead` MODIFY `custom_expected_value` decimal(21,9) not null default 0, MODIFY `last_response_time` decimal(21,9), MODIFY `net_total` decimal(21,9) not null default 0, MODIFY `first_response_time` decimal(21,9), MODIFY `total` decimal(21,9) not null default 0, MODIFY `annual_revenue` decimal(21,9) not null default 0
2026-02-01 09:50:03,204 WARNING database DDL Query made to DB:
ALTER TABLE `tabCRM Lead` MODIFY `first_response_time` decimal(21,9), MODIFY `annual_revenue` decimal(21,9) not null default 0, MODIFY `total` decimal(21,9) not null default 0, MODIFY `custom_expected_value` decimal(21,9) not null default 0, MODIFY `net_total` decimal(21,9) not null default 0, MODIFY `last_response_time` decimal(21,9)
2026-02-01 09:50:03,436 WARNING database DDL Query made to DB:
ALTER TABLE `tabCRM Lead` MODIFY `first_response_time` decimal(21,9), MODIFY `last_response_time` decimal(21,9), MODIFY `total` decimal(21,9) not null default 0, MODIFY `net_total` decimal(21,9) not null default 0, MODIFY `custom_expected_value` decimal(21,9) not null default 0, MODIFY `annual_revenue` decimal(21,9) not null default 0
2026-02-01 09:50:03,674 WARNING database DDL Query made to DB:
ALTER TABLE `tabCRM Lead` MODIFY `annual_revenue` decimal(21,9) not null default 0, MODIFY `first_response_time` decimal(21,9), MODIFY `custom_expected_value` decimal(21,9) not null default 0, MODIFY `last_response_time` decimal(21,9), MODIFY `net_total` decimal(21,9) not null default 0, MODIFY `total` decimal(21,9) not null default 0
2026-02-01 09:50:03,931 WARNING database DDL Query made to DB:
ALTER TABLE `tabCRM Lead` MODIFY `net_total` decimal(21,9) not null default 0, MODIFY `first_response_time` decimal(21,9), MODIFY `last_response_time` decimal(21,9), MODIFY `total` decimal(21,9) not null default 0, MODIFY `custom_expected_value` decimal(21,9) not null default 0, MODIFY `annual_revenue` decimal(21,9) not null default 0
2026-02-01 09:50:04,200 WARNING database DDL Query made to DB:
ALTER TABLE `tabCRM Lead` MODIFY `last_response_time` decimal(21,9), MODIFY `total` decimal(21,9) not null default 0, MODIFY `first_response_time` decimal(21,9), MODIFY `custom_expected_value` decimal(21,9) not null default 0, MODIFY `annual_revenue` decimal(21,9) not null default 0, MODIFY `net_total` decimal(21,9) not null default 0
2026-02-01 09:50:04,425 WARNING database DDL Query made to DB:
ALTER TABLE `tabCRM Lead` MODIFY `first_response_time` decimal(21,9), MODIFY `annual_revenue` decimal(21,9) not null default 0, MODIFY `custom_expected_value` decimal(21,9) not null default 0, MODIFY `last_response_time` decimal(21,9), MODIFY `net_total` decimal(21,9) not null default 0, MODIFY `total` decimal(21,9) not null default 0
2026-02-01 09:50:04,654 WARNING database DDL Query made to DB:
ALTER TABLE `tabCRM Lead` MODIFY `custom_expected_value` decimal(21,9) not null default 0, MODIFY `net_total` decimal(21,9) not null default 0, MODIFY `annual_revenue` decimal(21,9) not null default 0, MODIFY `total` decimal(21,9) not null default 0, MODIFY `last_response_time` decimal(21,9), MODIFY `first_response_time` decimal(21,9)
2026-02-01 09:50:04,859 WARNING database DDL Query made to DB:
ALTER TABLE `tabCRM Deal` MODIFY `deal_value` decimal(21,9) not null default 0, MODIFY `annual_revenue` decimal(21,9) not null default 0, MODIFY `first_response_time` decimal(21,9), MODIFY `last_response_time` decimal(21,9), MODIFY `probability` decimal(21,9) not null default 0, MODIFY `expected_deal_value` decimal(21,9) not null default 0, MODIFY `total` decimal(21,9) not null default 0, MODIFY `net_total` decimal(21,9) not null default 0
2026-02-01 09:50:05,051 WARNING database DDL Query made to DB:
ALTER TABLE `tabCRM Deal` MODIFY `last_response_time` decimal(21,9), MODIFY `probability` decimal(21,9) not null default 0, MODIFY `total` decimal(21,9) not null default 0, MODIFY `expected_deal_value` decimal(21,9) not null default 0, MODIFY `net_total` decimal(21,9) not null default 0, MODIFY `deal_value` decimal(21,9) not null default 0, MODIFY `first_response_time` decimal(21,9), MODIFY `annual_revenue` decimal(21,9) not null default 0
2026-02-01 09:50:05,251 WARNING database DDL Query made to DB:
ALTER TABLE `tabCRM Deal` MODIFY `probability` decimal(21,9) not null default 0, MODIFY `annual_revenue` decimal(21,9) not null default 0, MODIFY `expected_deal_value` decimal(21,9) not null default 0, MODIFY `total` decimal(21,9) not null default 0, MODIFY `deal_value` decimal(21,9) not null default 0, MODIFY `net_total` decimal(21,9) not null default 0, MODIFY `first_response_time` decimal(21,9), MODIFY `last_response_time` decimal(21,9)
2026-02-01 09:50:05,449 WARNING database DDL Query made to DB:
ALTER TABLE `tabCRM Deal` MODIFY `first_response_time` decimal(21,9), MODIFY `probability` decimal(21,9) not null default 0, MODIFY `annual_revenue` decimal(21,9) not null default 0, MODIFY `expected_deal_value` decimal(21,9) not null default 0, MODIFY `net_total` decimal(21,9) not null default 0, MODIFY `last_response_time` decimal(21,9), MODIFY `deal_value` decimal(21,9) not null default 0, MODIFY `total` decimal(21,9) not null default 0
2026-02-01 09:50:05,652 WARNING database DDL Query made to DB:
ALTER TABLE `tabCRM Deal` MODIFY `first_response_time` decimal(21,9), MODIFY `last_response_time` decimal(21,9), MODIFY `net_total` decimal(21,9) not null default 0, MODIFY `total` decimal(21,9) not null default 0, MODIFY `probability` decimal(21,9) not null default 0, MODIFY `expected_deal_value` decimal(21,9) not null default 0, MODIFY `deal_value` decimal(21,9) not null default 0, MODIFY `annual_revenue` decimal(21,9) not null default 0
2026-02-01 09:50:05,850 WARNING database DDL Query made to DB:
ALTER TABLE `tabCRM Deal` MODIFY `annual_revenue` decimal(21,9) not null default 0, MODIFY `net_total` decimal(21,9) not null default 0, MODIFY `deal_value` decimal(21,9) not null default 0, MODIFY `total` decimal(21,9) not null default 0, MODIFY `last_response_time` decimal(21,9), MODIFY `probability` decimal(21,9) not null default 0, MODIFY `first_response_time` decimal(21,9), MODIFY `expected_deal_value` decimal(21,9) not null default 0
2026-02-01 09:50:06,050 WARNING database DDL Query made to DB:
ALTER TABLE `tabCRM Deal` MODIFY `probability` decimal(21,9) not null default 0, MODIFY `deal_value` decimal(21,9) not null default 0, MODIFY `net_total` decimal(21,9) not null default 0, MODIFY `last_response_time` decimal(21,9), MODIFY `annual_revenue` decimal(21,9) not null default 0, MODIFY `total` decimal(21,9) not null default 0, MODIFY `expected_deal_value` decimal(21,9) not null default 0, MODIFY `first_response_time` decimal(21,9)
2026-02-01 09:50:06,240 WARNING database DDL Query made to DB:
ALTER TABLE `tabCRM Deal` MODIFY `first_response_time` decimal(21,9), MODIFY `expected_deal_value` decimal(21,9) not null default 0, MODIFY `last_response_time` decimal(21,9), MODIFY `probability` decimal(21,9) not null default 0, MODIFY `annual_revenue` decimal(21,9) not null default 0, MODIFY `net_total` decimal(21,9) not null default 0, MODIFY `total` decimal(21,9) not null default 0, MODIFY `deal_value` decimal(21,9) not null default 0
2026-02-01 22:09:39,646 WARNING database DDL Query made to DB:
alter table `tabDocType` add column if not exists migration_hash varchar(140)
2026-02-01 22:09:51,137 WARNING database DDL Query made to DB:
ALTER TABLE `tabCRM Lead` MODIFY `annual_revenue` decimal(21,9) not null default 0, MODIFY `first_response_time` decimal(21,9), MODIFY `custom_expected_value` decimal(21,9) not null default 0, MODIFY `total` decimal(21,9) not null default 0, MODIFY `net_total` decimal(21,9) not null default 0, MODIFY `last_response_time` decimal(21,9)
2026-02-01 22:09:51,852 WARNING database DDL Query made to DB:
ALTER TABLE `tabCRM Lead` MODIFY `first_response_time` decimal(21,9), MODIFY `annual_revenue` decimal(21,9) not null default 0, MODIFY `total` decimal(21,9) not null default 0, MODIFY `last_response_time` decimal(21,9), MODIFY `net_total` decimal(21,9) not null default 0, MODIFY `custom_expected_value` decimal(21,9) not null default 0
2026-02-01 22:09:52,338 WARNING database DDL Query made to DB:
ALTER TABLE `tabCRM Lead` MODIFY `net_total` decimal(21,9) not null default 0, MODIFY `annual_revenue` decimal(21,9) not null default 0, MODIFY `first_response_time` decimal(21,9), MODIFY `last_response_time` decimal(21,9), MODIFY `total` decimal(21,9) not null default 0, MODIFY `custom_expected_value` decimal(21,9) not null default 0
2026-02-01 22:09:52,820 WARNING database DDL Query made to DB:
ALTER TABLE `tabCRM Lead` MODIFY `annual_revenue` decimal(21,9) not null default 0, MODIFY `first_response_time` decimal(21,9), MODIFY `custom_expected_value` decimal(21,9) not null default 0, MODIFY `total` decimal(21,9) not null default 0, MODIFY `last_response_time` decimal(21,9), MODIFY `net_total` decimal(21,9) not null default 0
2026-02-01 22:09:53,470 WARNING database DDL Query made to DB:
ALTER TABLE `tabCRM Lead` MODIFY `annual_revenue` decimal(21,9) not null default 0, MODIFY `custom_expected_value` decimal(21,9) not null default 0, MODIFY `first_response_time` decimal(21,9), MODIFY `total` decimal(21,9) not null default 0, MODIFY `last_response_time` decimal(21,9), MODIFY `net_total` decimal(21,9) not null default 0
2026-02-01 22:09:53,975 WARNING database DDL Query made to DB:
ALTER TABLE `tabCRM Lead` MODIFY `annual_revenue` decimal(21,9) not null default 0, MODIFY `last_response_time` decimal(21,9), MODIFY `total` decimal(21,9) not null default 0, MODIFY `net_total` decimal(21,9) not null default 0, MODIFY `custom_expected_value` decimal(21,9) not null default 0, MODIFY `first_response_time` decimal(21,9)
2026-02-01 22:09:54,432 WARNING database DDL Query made to DB:
ALTER TABLE `tabCRM Lead` MODIFY `last_response_time` decimal(21,9), MODIFY `first_response_time` decimal(21,9), MODIFY `total` decimal(21,9) not null default 0, MODIFY `net_total` decimal(21,9) not null default 0, MODIFY `annual_revenue` decimal(21,9) not null default 0, MODIFY `custom_expected_value` decimal(21,9) not null default 0
2026-02-01 22:09:54,884 WARNING database DDL Query made to DB:
ALTER TABLE `tabCRM Lead` MODIFY `last_response_time` decimal(21,9), MODIFY `net_total` decimal(21,9) not null default 0, MODIFY `total` decimal(21,9) not null default 0, MODIFY `first_response_time` decimal(21,9), MODIFY `annual_revenue` decimal(21,9) not null default 0, MODIFY `custom_expected_value` decimal(21,9) not null default 0
2026-02-01 22:09:55,348 WARNING database DDL Query made to DB:
ALTER TABLE `tabCRM Lead` MODIFY `first_response_time` decimal(21,9), MODIFY `custom_expected_value` decimal(21,9) not null default 0, MODIFY `total` decimal(21,9) not null default 0, MODIFY `last_response_time` decimal(21,9), MODIFY `net_total` decimal(21,9) not null default 0, MODIFY `annual_revenue` decimal(21,9) not null default 0
2026-02-01 22:09:55,806 WARNING database DDL Query made to DB:
ALTER TABLE `tabCRM Lead` MODIFY `custom_expected_value` decimal(21,9) not null default 0, MODIFY `net_total` decimal(21,9) not null default 0, MODIFY `last_response_time` decimal(21,9), MODIFY `annual_revenue` decimal(21,9) not null default 0, MODIFY `total` decimal(21,9) not null default 0, MODIFY `first_response_time` decimal(21,9)
2026-02-01 22:09:56,259 WARNING database DDL Query made to DB:
ALTER TABLE `tabCRM Lead` MODIFY `net_total` decimal(21,9) not null default 0, MODIFY `custom_expected_value` decimal(21,9) not null default 0, MODIFY `total` decimal(21,9) not null default 0, MODIFY `annual_revenue` decimal(21,9) not null default 0, MODIFY `first_response_time` decimal(21,9), MODIFY `last_response_time` decimal(21,9)
2026-02-01 22:09:56,798 WARNING database DDL Query made to DB:
ALTER TABLE `tabCRM Lead` MODIFY `annual_revenue` decimal(21,9) not null default 0, MODIFY `net_total` decimal(21,9) not null default 0, MODIFY `total` decimal(21,9) not null default 0, MODIFY `custom_expected_value` decimal(21,9) not null default 0, MODIFY `first_response_time` decimal(21,9), MODIFY `last_response_time` decimal(21,9)
2026-02-01 22:09:57,267 WARNING database DDL Query made to DB:
ALTER TABLE `tabCRM Lead` MODIFY `total` decimal(21,9) not null default 0, MODIFY `net_total` decimal(21,9) not null default 0, MODIFY `annual_revenue` decimal(21,9) not null default 0, MODIFY `first_response_time` decimal(21,9), MODIFY `custom_expected_value` decimal(21,9) not null default 0, MODIFY `last_response_time` decimal(21,9)
2026-02-01 22:09:57,721 WARNING database DDL Query made to DB:
ALTER TABLE `tabCRM Lead` MODIFY `annual_revenue` decimal(21,9) not null default 0, MODIFY `last_response_time` decimal(21,9), MODIFY `net_total` decimal(21,9) not null default 0, MODIFY `custom_expected_value` decimal(21,9) not null default 0, MODIFY `first_response_time` decimal(21,9), MODIFY `total` decimal(21,9) not null default 0
2026-02-01 22:09:58,209 WARNING database DDL Query made to DB:
ALTER TABLE `tabCRM Lead` MODIFY `custom_expected_value` decimal(21,9) not null default 0, MODIFY `annual_revenue` decimal(21,9) not null default 0, MODIFY `total` decimal(21,9) not null default 0, MODIFY `last_response_time` decimal(21,9), MODIFY `first_response_time` decimal(21,9), MODIFY `net_total` decimal(21,9) not null default 0
2026-02-01 22:09:58,705 WARNING database DDL Query made to DB:
ALTER TABLE `tabCRM Lead` MODIFY `first_response_time` decimal(21,9), MODIFY `custom_expected_value` decimal(21,9) not null default 0, MODIFY `net_total` decimal(21,9) not null default 0, MODIFY `total` decimal(21,9) not null default 0, MODIFY `annual_revenue` decimal(21,9) not null default 0, MODIFY `last_response_time` decimal(21,9)
2026-02-01 22:09:59,194 WARNING database DDL Query made to DB:
ALTER TABLE `tabCRM Lead` MODIFY `first_response_time` decimal(21,9), MODIFY `custom_expected_value` decimal(21,9) not null default 0, MODIFY `total` decimal(21,9) not null default 0, MODIFY `last_response_time` decimal(21,9), MODIFY `annual_revenue` decimal(21,9) not null default 0, MODIFY `net_total` decimal(21,9) not null default 0
2026-02-01 22:09:59,660 WARNING database DDL Query made to DB:
ALTER TABLE `tabCRM Lead` MODIFY `first_response_time` decimal(21,9), MODIFY `total` decimal(21,9) not null default 0, MODIFY `annual_revenue` decimal(21,9) not null default 0, MODIFY `net_total` decimal(21,9) not null default 0, MODIFY `last_response_time` decimal(21,9), MODIFY `custom_expected_value` decimal(21,9) not null default 0
2026-02-01 22:10:00,114 WARNING database DDL Query made to DB:
ALTER TABLE `tabCRM Lead` MODIFY `total` decimal(21,9) not null default 0, MODIFY `last_response_time` decimal(21,9), MODIFY `first_response_time` decimal(21,9), MODIFY `annual_revenue` decimal(21,9) not null default 0, MODIFY `custom_expected_value` decimal(21,9) not null default 0, MODIFY `net_total` decimal(21,9) not null default 0
2026-02-01 22:10:00,589 WARNING database DDL Query made to DB:
ALTER TABLE `tabCRM Lead` MODIFY `net_total` decimal(21,9) not null default 0, MODIFY `first_response_time` decimal(21,9), MODIFY `custom_expected_value` decimal(21,9) not null default 0, MODIFY `last_response_time` decimal(21,9), MODIFY `total` decimal(21,9) not null default 0, MODIFY `annual_revenue` decimal(21,9) not null default 0
2026-02-01 22:10:01,043 WARNING database DDL Query made to DB:
ALTER TABLE `tabCRM Lead` MODIFY `annual_revenue` decimal(21,9) not null default 0, MODIFY `net_total` decimal(21,9) not null default 0, MODIFY `custom_expected_value` decimal(21,9) not null default 0, MODIFY `last_response_time` decimal(21,9), MODIFY `total` decimal(21,9) not null default 0, MODIFY `first_response_time` decimal(21,9)
2026-02-01 22:10:01,486 WARNING database DDL Query made to DB:
ALTER TABLE `tabCRM Lead` MODIFY `total` decimal(21,9) not null default 0, MODIFY `annual_revenue` decimal(21,9) not null default 0, MODIFY `net_total` decimal(21,9) not null default 0, MODIFY `first_response_time` decimal(21,9), MODIFY `last_response_time` decimal(21,9), MODIFY `custom_expected_value` decimal(21,9) not null default 0
2026-02-01 22:10:01,768 WARNING database DDL Query made to DB:
ALTER TABLE `tabCRM Lead` MODIFY `annual_revenue` decimal(21,9) not null default 0, MODIFY `first_response_time` decimal(21,9), MODIFY `last_response_time` decimal(21,9), MODIFY `custom_expected_value` decimal(21,9) not null default 0, MODIFY `net_total` decimal(21,9) not null default 0, MODIFY `total` decimal(21,9) not null default 0
2026-02-01 22:10:01,982 WARNING database DDL Query made to DB:
ALTER TABLE `tabCRM Lead` MODIFY `annual_revenue` decimal(21,9) not null default 0, MODIFY `total` decimal(21,9) not null default 0, MODIFY `net_total` decimal(21,9) not null default 0, MODIFY `first_response_time` decimal(21,9), MODIFY `custom_expected_value` decimal(21,9) not null default 0, MODIFY `last_response_time` decimal(21,9)
2026-02-01 22:10:02,191 WARNING database DDL Query made to DB:
ALTER TABLE `tabCRM Lead` MODIFY `total` decimal(21,9) not null default 0, MODIFY `net_total` decimal(21,9) not null default 0, MODIFY `first_response_time` decimal(21,9), MODIFY `last_response_time` decimal(21,9), MODIFY `custom_expected_value` decimal(21,9) not null default 0, MODIFY `annual_revenue` decimal(21,9) not null default 0
2026-02-01 22:10:02,392 WARNING database DDL Query made to DB:
ALTER TABLE `tabCRM Lead` MODIFY `first_response_time` decimal(21,9), MODIFY `net_total` decimal(21,9) not null default 0, MODIFY `last_response_time` decimal(21,9), MODIFY `total` decimal(21,9) not null default 0, MODIFY `custom_expected_value` decimal(21,9) not null default 0, MODIFY `annual_revenue` decimal(21,9) not null default 0
2026-02-01 22:10:02,636 WARNING database DDL Query made to DB:
ALTER TABLE `tabCRM Lead` MODIFY `last_response_time` decimal(21,9), MODIFY `total` decimal(21,9) not null default 0, MODIFY `custom_expected_value` decimal(21,9) not null default 0, MODIFY `annual_revenue` decimal(21,9) not null default 0, MODIFY `first_response_time` decimal(21,9), MODIFY `net_total` decimal(21,9) not null default 0
2026-02-01 22:10:02,872 WARNING database DDL Query made to DB:
ALTER TABLE `tabCRM Lead` MODIFY `last_response_time` decimal(21,9), MODIFY `total` decimal(21,9) not null default 0, MODIFY `annual_revenue` decimal(21,9) not null default 0, MODIFY `net_total` decimal(21,9) not null default 0, MODIFY `first_response_time` decimal(21,9), MODIFY `custom_expected_value` decimal(21,9) not null default 0
2026-02-01 22:10:03,145 WARNING database DDL Query made to DB:
ALTER TABLE `tabCRM Lead` MODIFY `net_total` decimal(21,9) not null default 0, MODIFY `total` decimal(21,9) not null default 0, MODIFY `last_response_time` decimal(21,9), MODIFY `annual_revenue` decimal(21,9) not null default 0, MODIFY `custom_expected_value` decimal(21,9) not null default 0, MODIFY `first_response_time` decimal(21,9)
2026-02-01 22:10:03,461 WARNING database DDL Query made to DB:
ALTER TABLE `tabCRM Lead` MODIFY `net_total` decimal(21,9) not null default 0, MODIFY `first_response_time` decimal(21,9), MODIFY `last_response_time` decimal(21,9), MODIFY `annual_revenue` decimal(21,9) not null default 0, MODIFY `total` decimal(21,9) not null default 0, MODIFY `custom_expected_value` decimal(21,9) not null default 0
2026-02-01 22:10:04,008 WARNING database DDL Query made to DB:
ALTER TABLE `tabCRM Lead` MODIFY `first_response_time` decimal(21,9), MODIFY `total` decimal(21,9) not null default 0, MODIFY `net_total` decimal(21,9) not null default 0, MODIFY `last_response_time` decimal(21,9), MODIFY `custom_expected_value` decimal(21,9) not null default 0, MODIFY `annual_revenue` decimal(21,9) not null default 0
2026-02-01 22:10:04,449 WARNING database DDL Query made to DB:
ALTER TABLE `tabCRM Lead` MODIFY `last_response_time` decimal(21,9), MODIFY `annual_revenue` decimal(21,9) not null default 0, MODIFY `custom_expected_value` decimal(21,9) not null default 0, MODIFY `total` decimal(21,9) not null default 0, MODIFY `first_response_time` decimal(21,9), MODIFY `net_total` decimal(21,9) not null default 0
2026-02-01 22:10:04,903 WARNING database DDL Query made to DB:
ALTER TABLE `tabCRM Lead` MODIFY `first_response_time` decimal(21,9), MODIFY `net_total` decimal(21,9) not null default 0, MODIFY `custom_expected_value` decimal(21,9) not null default 0, MODIFY `last_response_time` decimal(21,9), MODIFY `annual_revenue` decimal(21,9) not null default 0, MODIFY `total` decimal(21,9) not null default 0
2026-02-01 22:10:05,385 WARNING database DDL Query made to DB:
ALTER TABLE `tabCRM Deal` MODIFY `expected_deal_value` decimal(21,9) not null default 0, MODIFY `deal_value` decimal(21,9) not null default 0, MODIFY `probability` decimal(21,9) not null default 0, MODIFY `last_response_time` decimal(21,9), MODIFY `total` decimal(21,9) not null default 0, MODIFY `first_response_time` decimal(21,9), MODIFY `net_total` decimal(21,9) not null default 0, MODIFY `annual_revenue` decimal(21,9) not null default 0
2026-02-01 22:10:05,805 WARNING database DDL Query made to DB:
ALTER TABLE `tabCRM Deal` MODIFY `total` decimal(21,9) not null default 0, MODIFY `last_response_time` decimal(21,9), MODIFY `deal_value` decimal(21,9) not null default 0, MODIFY `first_response_time` decimal(21,9), MODIFY `net_total` decimal(21,9) not null default 0, MODIFY `expected_deal_value` decimal(21,9) not null default 0, MODIFY `probability` decimal(21,9) not null default 0, MODIFY `annual_revenue` decimal(21,9) not null default 0
2026-02-01 22:10:06,209 WARNING database DDL Query made to DB:
ALTER TABLE `tabCRM Deal` MODIFY `expected_deal_value` decimal(21,9) not null default 0, MODIFY `total` decimal(21,9) not null default 0, MODIFY `first_response_time` decimal(21,9), MODIFY `net_total` decimal(21,9) not null default 0, MODIFY `annual_revenue` decimal(21,9) not null default 0, MODIFY `deal_value` decimal(21,9) not null default 0, MODIFY `probability` decimal(21,9) not null default 0, MODIFY `last_response_time` decimal(21,9)
2026-02-01 22:10:06,715 WARNING database DDL Query made to DB:
ALTER TABLE `tabCRM Deal` MODIFY `probability` decimal(21,9) not null default 0, MODIFY `deal_value` decimal(21,9) not null default 0, MODIFY `last_response_time` decimal(21,9), MODIFY `total` decimal(21,9) not null default 0, MODIFY `first_response_time` decimal(21,9), MODIFY `annual_revenue` decimal(21,9) not null default 0, MODIFY `expected_deal_value` decimal(21,9) not null default 0, MODIFY `net_total` decimal(21,9) not null default 0
2026-02-01 22:10:07,168 WARNING database DDL Query made to DB:
ALTER TABLE `tabCRM Deal` MODIFY `first_response_time` decimal(21,9), MODIFY `deal_value` decimal(21,9) not null default 0, MODIFY `last_response_time` decimal(21,9), MODIFY `expected_deal_value` decimal(21,9) not null default 0, MODIFY `probability` decimal(21,9) not null default 0, MODIFY `annual_revenue` decimal(21,9) not null default 0, MODIFY `total` decimal(21,9) not null default 0, MODIFY `net_total` decimal(21,9) not null default 0
2026-02-01 22:10:07,596 WARNING database DDL Query made to DB:
ALTER TABLE `tabCRM Deal` MODIFY `last_response_time` decimal(21,9), MODIFY `total` decimal(21,9) not null default 0, MODIFY `first_response_time` decimal(21,9), MODIFY `annual_revenue` decimal(21,9) not null default 0, MODIFY `probability` decimal(21,9) not null default 0, MODIFY `expected_deal_value` decimal(21,9) not null default 0, MODIFY `deal_value` decimal(21,9) not null default 0, MODIFY `net_total` decimal(21,9) not null default 0
2026-02-01 22:10:08,040 WARNING database DDL Query made to DB:
ALTER TABLE `tabCRM Deal` MODIFY `deal_value` decimal(21,9) not null default 0, MODIFY `annual_revenue` decimal(21,9) not null default 0, MODIFY `probability` decimal(21,9) not null default 0, MODIFY `expected_deal_value` decimal(21,9) not null default 0, MODIFY `net_total` decimal(21,9) not null default 0, MODIFY `last_response_time` decimal(21,9), MODIFY `total` decimal(21,9) not null default 0, MODIFY `first_response_time` decimal(21,9)
2026-02-01 22:10:08,479 WARNING database DDL Query made to DB:
ALTER TABLE `tabCRM Deal` MODIFY `annual_revenue` decimal(21,9) not null default 0, MODIFY `first_response_time` decimal(21,9), MODIFY `net_total` decimal(21,9) not null default 0, MODIFY `deal_value` decimal(21,9) not null default 0, MODIFY `last_response_time` decimal(21,9), MODIFY `probability` decimal(21,9) not null default 0, MODIFY `total` decimal(21,9) not null default 0, MODIFY `expected_deal_value` decimal(21,9) not null default 0
