2026-02-01 21:14:01,810 INFO ipython print("✅ Password configuré")
2026-02-01 21:14:01,824 INFO ipython # Vérifier
2026-02-01 21:14:01,826 INFO ipython result = frappe.db.sql("SELECT name, email_id, enable_incoming FROM `tabEmail Account`", as_dict=True)
2026-02-01 21:14:01,827 INFO ipython print(f"Comptes: {result}")
2026-02-01 21:14:01,828 INFO ipython === session end ===
2026-02-01 21:14:14,725 INFO ipython === bench console session ===
2026-02-01 21:14:14,726 INFO ipython import imaplib
2026-02-01 21:14:14,727 INFO ipython import email
2026-02-01 21:14:14,728 INFO ipython from email.header import decode_header
2026-02-01 21:14:14,730 INFO ipython # Test connexion IMAP directe
2026-02-01 21:14:14,731 INFO ipython === session end ===
2026-02-01 21:15:42,523 INFO ipython === bench console session ===
2026-02-01 21:15:42,524 INFO ipython import frappe
2026-02-01 21:15:42,525 INFO ipython from vooroo_saas.api.email import pull_emails_imap
2026-02-01 21:15:42,526 INFO ipython # Récupérer les emails
2026-02-01 21:15:42,527 INFO ipython result = pull_emails_imap(limit=10)
2026-02-01 21:15:42,528 INFO ipython print("Résultat:", result)
2026-02-01 21:15:42,529 INFO ipython # Vérifier les Communications créées
2026-02-01 21:15:42,530 INFO ipython === session end ===
2026-02-01 21:16:26,010 INFO ipython === bench console session ===
2026-02-01 21:16:26,012 INFO ipython import frappe
2026-02-01 21:16:26,013 INFO ipython import imaplib
2026-02-01 21:16:26,014 INFO ipython import email as email_lib
2026-02-01 21:16:26,015 INFO ipython from email.header import decode_header
2026-02-01 21:16:26,016 INFO ipython import socket
2026-02-01 21:16:26,017 INFO ipython import re
2026-02-01 21:16:26,018 INFO ipython socket.setdefaulttimeout(30)
2026-02-01 21:16:26,018 INFO ipython settings = frappe.get_single("Vooroo Mail Settings")
2026-02-01 21:16:26,019 INFO ipython imap_server = settings.smtp_server
2026-02-01 21:16:26,020 INFO ipython imap_port = 993
2026-02-01 21:16:26,020 INFO ipython def decode_header_value(value):
    if not value:
        return ""
    try:
        decoded_parts = decode_header(value)
        result = ""
        for part, encoding in decoded_parts:
            if isinstance(part, bytes):
                result += part.decode(encoding or 'utf-8', errors='ignore')
            else:
                result += str(part)
        return result.strip()
    except:
        return str(value)
2026-02-01 21:16:26,021 INFO ipython def extract_email(from_string):
    match = re.search(r'[\w\.-]+@[\w\.-]+', from_string)
    return match.group(0) if match else from_string
2026-02-01 21:16:26,022 INFO ipython def get_email_body(msg):
    body = ""
    if msg.is_multipart():
        for part in msg.walk():
            content_type = part.get_content_type()
            if content_type == "text/html":
                payload = part.get_payload(decode=True)
                if payload:
                    body = payload.decode(errors='ignore')
                    break
            elif content_type == "text/plain" and not body:
                payload = part.get_payload(decode=True)
                if payload:
                    body = payload.decode(errors='ignore')
    else:
        payload = msg.get_payload(decode=True)
        if payload:
            body = payload.decode(errors='ignore')
    return body
2026-02-01 21:16:26,023 INFO ipython # Connect
2026-02-01 21:16:26,024 INFO ipython mail = imaplib.IMAP4_SSL(imap_server, imap_port)
2026-02-01 21:16:26,025 INFO ipython mail.login(settings.smtp_user, settings.get_password('smtp_password'))
2026-02-01 21:16:26,025 INFO ipython mail.select("INBOX")
2026-02-01 21:16:26,027 INFO ipython # Get ALL emails
2026-02-01 21:16:26,028 INFO ipython status, messages = mail.search(None, "ALL")
2026-02-01 21:16:26,029 INFO ipython email_ids = messages[0].split()
2026-02-01 21:16:26,029 INFO ipython print(f"Total emails: {len(email_ids)}")
2026-02-01 21:16:26,030 INFO ipython pulled = []
2026-02-01 21:16:26,031 INFO ipython for eid in email_ids:
    status, msg_data = mail.fetch(eid, "(RFC822)")
    for response_part in msg_data:
        if isinstance(response_part, tuple):
            msg = email_lib.message_from_bytes(response_part[1])
            
2026-02-01 21:16:26,032 INFO ipython             subject = decode_header_value(msg.get("Subject", ""))
2026-02-01 21:16:26,033 INFO ipython             sender = decode_header_value(msg.get("From", ""))
2026-02-01 21:16:26,033 INFO ipython             to = decode_header_value(msg.get("To", ""))
2026-02-01 21:16:26,034 INFO ipython             message_id = msg.get("Message-ID", "")
2026-02-01 21:16:26,035 INFO ipython             in_reply_to = msg.get("In-Reply-To", "")
2026-02-01 21:16:26,035 INFO ipython             sender_email = extract_email(sender)
2026-02-01 21:16:26,036 INFO ipython             body = get_email_body(msg)
2026-02-01 21:16:26,037 INFO ipython             # Check existing
2026-02-01 21:16:26,038 INFO ipython             if message_id:
                existing = frappe.db.exists("Communication", {"message_id": message_id})
                if existing:
                    print(f"  Skip: {subject[:40]}")
                    continue
2026-02-01 21:16:26,038 INFO ipython             # Find linked document
2026-02-01 21:16:26,039 INFO ipython             reference_doctype = None
2026-02-01 21:16:26,039 INFO ipython             reference_name = None
2026-02-01 21:16:26,040 INFO ipython             # Check sender in CRM Lead
2026-02-01 21:16:26,041 INFO ipython             lead = frappe.db.get_value("CRM Lead", {"email": sender_email}, "name")
2026-02-01 21:16:26,042 INFO ipython             if lead:
                reference_doctype = "CRM Lead"
                reference_name = lead
            
2026-02-01 21:16:26,042 INFO ipython             # Create Communication
2026-02-01 21:16:26,043 INFO ipython             comm = frappe.get_doc({
                "doctype": "Communication",
                "communication_type": "Communication",
                "communication_medium": "Email",
                "sent_or_received": "Received",
                "subject": subject[:140] if subject else "(No Subject)",
                "sender": sender,
                "recipients": to,
                "content": body,
                "message_id": message_id,
                "reference_doctype": reference_doctype,
                "reference_name": reference_name,
                "status": "Open",
                "seen": 0
            })
2026-02-01 21:16:26,044 INFO ipython             comm.insert(ignore_permissions=True)
2026-02-01 21:16:26,044 INFO ipython             ref = f"{reference_doctype}:{reference_name}" if reference_doctype else "Non lie"
2026-02-01 21:16:26,045 INFO ipython             print(f"  OK: {subject[:40]} | {ref}")
2026-02-01 21:16:26,046 INFO ipython             pulled.append(comm.name)
2026-02-01 21:16:26,047 INFO ipython mail.logout()
2026-02-01 21:16:26,047 INFO ipython frappe.db.commit()
2026-02-01 21:16:26,048 INFO ipython print(f"Total: {len(pulled)} emails importes!")
2026-02-01 21:16:26,049 INFO ipython === session end ===
2026-02-01 21:16:38,373 INFO ipython === bench console session ===
2026-02-01 21:16:38,374 INFO ipython import frappe
2026-02-01 21:16:38,376 INFO ipython # Voir toutes les Communications email
2026-02-01 21:16:38,377 INFO ipython comms = frappe.get_all("Communication",
    filters={"communication_medium": "Email"},
    fields=["name", "subject", "sender", "recipients", "sent_or_received", "reference_doctype", "reference_name", "creation"],
    order_by="creation desc",
    limit=10
)
2026-02-01 21:16:38,378 INFO ipython print(f"=== Communications Email ({len(comms)}) ===")
2026-02-01 21:16:38,378 INFO ipython === session end ===
2026-02-01 21:16:47,612 INFO ipython === bench console session ===
2026-02-01 21:16:47,613 INFO ipython import frappe
2026-02-01 21:16:47,615 INFO ipython comms = frappe.db.sql("""
    SELECT name, subject, sender, recipients, sent_or_received, 
           reference_doctype, reference_name, creation
    FROM `tabCommunication`
    WHERE communication_medium = 'Email'
    ORDER BY creation DESC
    LIMIT 10
""", as_dict=True)
2026-02-01 21:16:47,617 INFO ipython === session end ===
2026-02-01 21:28:51,103 INFO ipython === bench console session ===
2026-02-01 21:28:51,106 INFO ipython # Vérifier les données actuelles
2026-02-01 21:28:51,107 INFO ipython settings = frappe.get_single("Vooroo Mail Settings")
2026-02-01 21:28:51,109 INFO ipython print("=== Current Settings ===")
2026-02-01 21:28:51,112 INFO ipython === session end ===
