2026-02-16 23:12:52,884 WARNING database DDL Query made to DB:
ALTER TABLE `tabCRM Deal` MODIFY `expected_deal_value` decimal(21,9) not null default 0, MODIFY `total` decimal(21,9) not null default 0, MODIFY `last_response_time` decimal(21,9), MODIFY `probability` decimal(21,9) not null default 0, MODIFY `deal_value` decimal(21,9) not null default 0, MODIFY `net_total` decimal(21,9) not null default 0, MODIFY `annual_revenue` decimal(21,9) not null default 0, MODIFY `first_response_time` decimal(21,9)
2026-02-16 23:12:53,612 WARNING database DDL Query made to DB:
ALTER TABLE `tabContact` ADD COLUMN `custom_contact_number` varchar(140) unique
2026-02-16 23:12:53,625 WARNING database DDL Query made to DB:
ALTER TABLE `tabContact` ADD UNIQUE INDEX IF NOT EXISTS custom_contact_number (`custom_contact_number`)
2026-02-16 23:12:53,761 WARNING database DDL Query made to DB:
ALTER TABLE `tabContact` ADD INDEX `custom_contact_number_index`(`custom_contact_number`)
2026-02-16 23:12:55,042 WARNING database DDL Query made to DB:
ALTER TABLE `tabCRM Lead` ADD COLUMN `custom_prospect_number` varchar(140) unique
2026-02-16 23:12:55,112 WARNING database DDL Query made to DB:
ALTER TABLE `tabCRM Lead` MODIFY `last_response_time` decimal(21,9), MODIFY `first_response_time` decimal(21,9), MODIFY `annual_revenue` decimal(21,9) not null default 0, MODIFY `custom_expected_value` decimal(21,9) not null default 0, MODIFY `total` decimal(21,9) not null default 0, MODIFY `net_total` decimal(21,9) not null default 0, ADD UNIQUE INDEX IF NOT EXISTS custom_prospect_number (`custom_prospect_number`)
2026-02-16 23:12:55,209 WARNING database DDL Query made to DB:
ALTER TABLE `tabCRM Lead` ADD INDEX `custom_prospect_number_index`(`custom_prospect_number`)
2026-02-16 23:12:56,162 WARNING database DDL Query made to DB:
ALTER TABLE `tabCRM Deal` ADD COLUMN `custom_deal_number` varchar(140) unique
2026-02-16 23:12:56,267 WARNING database DDL Query made to DB:
ALTER TABLE `tabCRM Deal` MODIFY `last_response_time` decimal(21,9), MODIFY `total` decimal(21,9) not null default 0, MODIFY `first_response_time` decimal(21,9), MODIFY `net_total` decimal(21,9) not null default 0, MODIFY `annual_revenue` decimal(21,9) not null default 0, MODIFY `expected_deal_value` decimal(21,9) not null default 0, MODIFY `deal_value` decimal(21,9) not null default 0, MODIFY `probability` decimal(21,9) not null default 0, ADD UNIQUE INDEX IF NOT EXISTS custom_deal_number (`custom_deal_number`)
2026-02-16 23:12:56,373 WARNING database DDL Query made to DB:
ALTER TABLE `tabCRM Deal` ADD INDEX `custom_deal_number_index`(`custom_deal_number`)
2026-02-16 23:52:28,278 WARNING database DDL Query made to DB:
alter table `tabDocType` add column if not exists migration_hash varchar(140)
2026-02-16 23:52:37,996 WARNING database DDL Query made to DB:
ALTER TABLE `tabVooroo Activity` ADD COLUMN `activity_number` varchar(140) unique
2026-02-16 23:52:37,999 WARNING database DDL Query made to DB:
ALTER TABLE `tabVooroo Activity` ADD UNIQUE INDEX IF NOT EXISTS activity_number (`activity_number`)
2026-02-16 23:52:39,394 WARNING database DDL Query made to DB:
ALTER TABLE `tabVooroo Project` ADD COLUMN `project_number` varchar(140) unique
2026-02-16 23:52:39,397 WARNING database DDL Query made to DB:
ALTER TABLE `tabVooroo Project` ADD UNIQUE INDEX IF NOT EXISTS project_number (`project_number`)
2026-02-16 23:52:46,324 WARNING database DDL Query made to DB:
ALTER TABLE `tabCRM Lead` MODIFY `annual_revenue` decimal(21,9) not null default 0, MODIFY `first_response_time` decimal(21,9), MODIFY `custom_expected_value` decimal(21,9) not null default 0, MODIFY `last_response_time` decimal(21,9), MODIFY `net_total` decimal(21,9) not null default 0, MODIFY `total` decimal(21,9) not null default 0
2026-02-16 23:52:47,353 WARNING database DDL Query made to DB:
ALTER TABLE `tabCRM Lead` MODIFY `net_total` decimal(21,9) not null default 0, MODIFY `first_response_time` decimal(21,9), MODIFY `annual_revenue` decimal(21,9) not null default 0, MODIFY `total` decimal(21,9) not null default 0, MODIFY `custom_expected_value` decimal(21,9) not null default 0, MODIFY `last_response_time` decimal(21,9)
2026-02-16 23:52:48,404 WARNING database DDL Query made to DB:
ALTER TABLE `tabCRM Lead` MODIFY `total` decimal(21,9) not null default 0, MODIFY `net_total` decimal(21,9) not null default 0, MODIFY `last_response_time` decimal(21,9), MODIFY `first_response_time` decimal(21,9), MODIFY `annual_revenue` decimal(21,9) not null default 0, MODIFY `custom_expected_value` decimal(21,9) not null default 0
2026-02-16 23:52:49,382 WARNING database DDL Query made to DB:
ALTER TABLE `tabCRM Lead` MODIFY `total` decimal(21,9) not null default 0, MODIFY `annual_revenue` decimal(21,9) not null default 0, MODIFY `net_total` decimal(21,9) not null default 0, MODIFY `custom_expected_value` decimal(21,9) not null default 0, MODIFY `last_response_time` decimal(21,9), MODIFY `first_response_time` decimal(21,9)
2026-02-16 23:52:50,223 WARNING database DDL Query made to DB:
ALTER TABLE `tabCRM Lead` MODIFY `last_response_time` decimal(21,9), MODIFY `custom_expected_value` decimal(21,9) not null default 0, MODIFY `total` decimal(21,9) not null default 0, MODIFY `net_total` decimal(21,9) not null default 0, MODIFY `first_response_time` decimal(21,9), MODIFY `annual_revenue` decimal(21,9) not null default 0
2026-02-16 23:52:51,114 WARNING database DDL Query made to DB:
ALTER TABLE `tabCRM Lead` MODIFY `annual_revenue` decimal(21,9) not null default 0, MODIFY `custom_expected_value` decimal(21,9) not null default 0, MODIFY `first_response_time` decimal(21,9), MODIFY `last_response_time` decimal(21,9), MODIFY `total` decimal(21,9) not null default 0, MODIFY `net_total` decimal(21,9) not null default 0
2026-02-16 23:52:51,871 WARNING database DDL Query made to DB:
ALTER TABLE `tabCRM Lead` MODIFY `custom_expected_value` decimal(21,9) not null default 0, MODIFY `last_response_time` decimal(21,9), MODIFY `first_response_time` decimal(21,9), MODIFY `total` decimal(21,9) not null default 0, MODIFY `net_total` decimal(21,9) not null default 0, MODIFY `annual_revenue` decimal(21,9) not null default 0
2026-02-16 23:52:52,714 WARNING database DDL Query made to DB:
ALTER TABLE `tabCRM Lead` MODIFY `net_total` decimal(21,9) not null default 0, MODIFY `annual_revenue` decimal(21,9) not null default 0, MODIFY `last_response_time` decimal(21,9), MODIFY `first_response_time` decimal(21,9), MODIFY `total` decimal(21,9) not null default 0, MODIFY `custom_expected_value` decimal(21,9) not null default 0
2026-02-16 23:52:53,356 WARNING database DDL Query made to DB:
ALTER TABLE `tabCRM Lead` MODIFY `total` decimal(21,9) not null default 0, MODIFY `last_response_time` decimal(21,9), MODIFY `annual_revenue` decimal(21,9) not null default 0, MODIFY `net_total` decimal(21,9) not null default 0, MODIFY `custom_expected_value` decimal(21,9) not null default 0, MODIFY `first_response_time` decimal(21,9)
2026-02-16 23:52:54,148 WARNING database DDL Query made to DB:
ALTER TABLE `tabCRM Lead` MODIFY `net_total` decimal(21,9) not null default 0, MODIFY `first_response_time` decimal(21,9), MODIFY `last_response_time` decimal(21,9), MODIFY `custom_expected_value` decimal(21,9) not null default 0, MODIFY `annual_revenue` decimal(21,9) not null default 0, MODIFY `total` decimal(21,9) not null default 0
2026-02-16 23:52:54,723 WARNING database DDL Query made to DB:
ALTER TABLE `tabCRM Lead` MODIFY `total` decimal(21,9) not null default 0, MODIFY `net_total` decimal(21,9) not null default 0, MODIFY `annual_revenue` decimal(21,9) not null default 0, MODIFY `first_response_time` decimal(21,9), MODIFY `last_response_time` decimal(21,9), MODIFY `custom_expected_value` decimal(21,9) not null default 0
2026-02-16 23:52:55,458 WARNING database DDL Query made to DB:
ALTER TABLE `tabCRM Lead` MODIFY `last_response_time` decimal(21,9), MODIFY `first_response_time` decimal(21,9), MODIFY `net_total` decimal(21,9) not null default 0, MODIFY `total` decimal(21,9) not null default 0, MODIFY `custom_expected_value` decimal(21,9) not null default 0, MODIFY `annual_revenue` decimal(21,9) not null default 0
2026-02-16 23:52:56,101 WARNING database DDL Query made to DB:
ALTER TABLE `tabCRM Lead` MODIFY `annual_revenue` decimal(21,9) not null default 0, MODIFY `net_total` decimal(21,9) not null default 0, MODIFY `total` decimal(21,9) not null default 0, MODIFY `custom_expected_value` decimal(21,9) not null default 0, MODIFY `first_response_time` decimal(21,9), MODIFY `last_response_time` decimal(21,9)
2026-02-16 23:52:56,775 WARNING database DDL Query made to DB:
ALTER TABLE `tabCRM Lead` MODIFY `annual_revenue` decimal(21,9) not null default 0, MODIFY `last_response_time` decimal(21,9), MODIFY `first_response_time` decimal(21,9), MODIFY `total` decimal(21,9) not null default 0, MODIFY `custom_expected_value` decimal(21,9) not null default 0, MODIFY `net_total` decimal(21,9) not null default 0
2026-02-16 23:52:57,590 WARNING database DDL Query made to DB:
ALTER TABLE `tabCRM Lead` MODIFY `total` decimal(21,9) not null default 0, MODIFY `annual_revenue` decimal(21,9) not null default 0, MODIFY `custom_expected_value` decimal(21,9) not null default 0, MODIFY `first_response_time` decimal(21,9), MODIFY `net_total` decimal(21,9) not null default 0, MODIFY `last_response_time` decimal(21,9)
2026-02-16 23:52:58,339 WARNING database DDL Query made to DB:
ALTER TABLE `tabCRM Lead` MODIFY `custom_expected_value` decimal(21,9) not null default 0, MODIFY `last_response_time` decimal(21,9), MODIFY `total` decimal(21,9) not null default 0, MODIFY `annual_revenue` decimal(21,9) not null default 0, MODIFY `first_response_time` decimal(21,9), MODIFY `net_total` decimal(21,9) not null default 0
2026-02-16 23:52:59,189 WARNING database DDL Query made to DB:
ALTER TABLE `tabCRM Lead` MODIFY `custom_expected_value` decimal(21,9) not null default 0, MODIFY `total` decimal(21,9) not null default 0, MODIFY `first_response_time` decimal(21,9), MODIFY `net_total` decimal(21,9) not null default 0, MODIFY `last_response_time` decimal(21,9), MODIFY `annual_revenue` decimal(21,9) not null default 0
2026-02-16 23:52:59,596 WARNING database DDL Query made to DB:
ALTER TABLE `tabCRM Lead` MODIFY `annual_revenue` decimal(21,9) not null default 0, MODIFY `first_response_time` decimal(21,9), MODIFY `total` decimal(21,9) not null default 0, MODIFY `custom_expected_value` decimal(21,9) not null default 0, MODIFY `last_response_time` decimal(21,9), MODIFY `net_total` decimal(21,9) not null default 0
2026-02-16 23:53:00,410 WARNING database DDL Query made to DB:
ALTER TABLE `tabCRM Lead` MODIFY `custom_expected_value` decimal(21,9) not null default 0, MODIFY `net_total` decimal(21,9) not null default 0, MODIFY `first_response_time` decimal(21,9), MODIFY `total` decimal(21,9) not null default 0, MODIFY `annual_revenue` decimal(21,9) not null default 0, MODIFY `last_response_time` decimal(21,9)
2026-02-16 23:53:01,122 WARNING database DDL Query made to DB:
ALTER TABLE `tabCRM Lead` MODIFY `last_response_time` decimal(21,9), MODIFY `annual_revenue` decimal(21,9) not null default 0, MODIFY `net_total` decimal(21,9) not null default 0, MODIFY `custom_expected_value` decimal(21,9) not null default 0, MODIFY `total` decimal(21,9) not null default 0, MODIFY `first_response_time` decimal(21,9)
2026-02-16 23:53:01,730 WARNING database DDL Query made to DB:
ALTER TABLE `tabCRM Lead` MODIFY `first_response_time` decimal(21,9), MODIFY `net_total` decimal(21,9) not null default 0, MODIFY `total` decimal(21,9) not null default 0, MODIFY `custom_expected_value` decimal(21,9) not null default 0, MODIFY `annual_revenue` decimal(21,9) not null default 0, MODIFY `last_response_time` decimal(21,9)
2026-02-16 23:53:02,388 WARNING database DDL Query made to DB:
ALTER TABLE `tabCRM Lead` MODIFY `custom_expected_value` decimal(21,9) not null default 0, MODIFY `net_total` decimal(21,9) not null default 0, MODIFY `total` decimal(21,9) not null default 0, MODIFY `annual_revenue` decimal(21,9) not null default 0, MODIFY `first_response_time` decimal(21,9), MODIFY `last_response_time` decimal(21,9)
2026-02-16 23:53:03,375 WARNING database DDL Query made to DB:
ALTER TABLE `tabCRM Lead` MODIFY `annual_revenue` decimal(21,9) not null default 0, MODIFY `custom_expected_value` decimal(21,9) not null default 0, MODIFY `last_response_time` decimal(21,9), MODIFY `total` decimal(21,9) not null default 0, MODIFY `net_total` decimal(21,9) not null default 0, MODIFY `first_response_time` decimal(21,9)
2026-02-16 23:53:04,739 WARNING database DDL Query made to DB:
ALTER TABLE `tabCRM Lead` MODIFY `last_response_time` decimal(21,9), MODIFY `total` decimal(21,9) not null default 0, MODIFY `net_total` decimal(21,9) not null default 0, MODIFY `custom_expected_value` decimal(21,9) not null default 0, MODIFY `annual_revenue` decimal(21,9) not null default 0, MODIFY `first_response_time` decimal(21,9)
2026-02-16 23:53:05,702 WARNING database DDL Query made to DB:
ALTER TABLE `tabCRM Lead` MODIFY `annual_revenue` decimal(21,9) not null default 0, MODIFY `total` decimal(21,9) not null default 0, MODIFY `custom_expected_value` decimal(21,9) not null default 0, MODIFY `first_response_time` decimal(21,9), MODIFY `last_response_time` decimal(21,9), MODIFY `net_total` decimal(21,9) not null default 0
2026-02-16 23:53:06,745 WARNING database DDL Query made to DB:
ALTER TABLE `tabCRM Lead` MODIFY `first_response_time` decimal(21,9), MODIFY `annual_revenue` decimal(21,9) not null default 0, MODIFY `net_total` decimal(21,9) not null default 0, MODIFY `total` decimal(21,9) not null default 0, MODIFY `custom_expected_value` decimal(21,9) not null default 0, MODIFY `last_response_time` decimal(21,9)
2026-02-16 23:53:07,841 WARNING database DDL Query made to DB:
ALTER TABLE `tabCRM Lead` MODIFY `first_response_time` decimal(21,9), MODIFY `annual_revenue` decimal(21,9) not null default 0, MODIFY `last_response_time` decimal(21,9), MODIFY `custom_expected_value` decimal(21,9) not null default 0, MODIFY `total` decimal(21,9) not null default 0, MODIFY `net_total` decimal(21,9) not null default 0
2026-02-16 23:53:09,069 WARNING database DDL Query made to DB:
ALTER TABLE `tabCRM Lead` MODIFY `total` decimal(21,9) not null default 0, MODIFY `custom_expected_value` decimal(21,9) not null default 0, MODIFY `net_total` decimal(21,9) not null default 0, MODIFY `annual_revenue` decimal(21,9) not null default 0, MODIFY `last_response_time` decimal(21,9), MODIFY `first_response_time` decimal(21,9)
2026-02-16 23:53:10,049 WARNING database DDL Query made to DB:
ALTER TABLE `tabCRM Lead` MODIFY `last_response_time` decimal(21,9), MODIFY `custom_expected_value` decimal(21,9) not null default 0, MODIFY `annual_revenue` decimal(21,9) not null default 0, MODIFY `first_response_time` decimal(21,9), MODIFY `total` decimal(21,9) not null default 0, MODIFY `net_total` decimal(21,9) not null default 0
2026-02-16 23:53:11,537 WARNING database DDL Query made to DB:
ALTER TABLE `tabCRM Lead` MODIFY `first_response_time` decimal(21,9), MODIFY `custom_expected_value` decimal(21,9) not null default 0, MODIFY `total` decimal(21,9) not null default 0, MODIFY `annual_revenue` decimal(21,9) not null default 0, MODIFY `last_response_time` decimal(21,9), MODIFY `net_total` decimal(21,9) not null default 0
2026-02-16 23:53:12,795 WARNING database DDL Query made to DB:
ALTER TABLE `tabCRM Lead` MODIFY `annual_revenue` decimal(21,9) not null default 0, MODIFY `last_response_time` decimal(21,9), MODIFY `custom_expected_value` decimal(21,9) not null default 0, MODIFY `net_total` decimal(21,9) not null default 0, MODIFY `total` decimal(21,9) not null default 0, MODIFY `first_response_time` decimal(21,9)
2026-02-16 23:53:13,948 WARNING database DDL Query made to DB:
ALTER TABLE `tabCRM Lead` MODIFY `annual_revenue` decimal(21,9) not null default 0, MODIFY `total` decimal(21,9) not null default 0, MODIFY `custom_expected_value` decimal(21,9) not null default 0, MODIFY `net_total` decimal(21,9) not null default 0, MODIFY `first_response_time` decimal(21,9), MODIFY `last_response_time` decimal(21,9)
2026-02-16 23:53:15,791 WARNING database DDL Query made to DB:
ALTER TABLE `tabCRM Lead` MODIFY `first_response_time` decimal(21,9), MODIFY `total` decimal(21,9) not null default 0, MODIFY `net_total` decimal(21,9) not null default 0, MODIFY `last_response_time` decimal(21,9), MODIFY `annual_revenue` decimal(21,9) not null default 0, MODIFY `custom_expected_value` decimal(21,9) not null default 0
2026-02-16 23:53:16,775 WARNING database DDL Query made to DB:
ALTER TABLE `tabCRM Deal` MODIFY `probability` decimal(21,9) not null default 0, MODIFY `deal_value` decimal(21,9) not null default 0, MODIFY `first_response_time` decimal(21,9), MODIFY `expected_deal_value` decimal(21,9) not null default 0, MODIFY `net_total` decimal(21,9) not null default 0, MODIFY `total` decimal(21,9) not null default 0, MODIFY `last_response_time` decimal(21,9), MODIFY `annual_revenue` decimal(21,9) not null default 0
2026-02-16 23:53:17,817 WARNING database DDL Query made to DB:
ALTER TABLE `tabCRM Deal` MODIFY `net_total` decimal(21,9) not null default 0, MODIFY `total` decimal(21,9) not null default 0, MODIFY `probability` decimal(21,9) not null default 0, MODIFY `deal_value` decimal(21,9) not null default 0, MODIFY `last_response_time` decimal(21,9), MODIFY `annual_revenue` decimal(21,9) not null default 0, MODIFY `first_response_time` decimal(21,9), MODIFY `expected_deal_value` decimal(21,9) not null default 0
2026-02-16 23:53:18,760 WARNING database DDL Query made to DB:
ALTER TABLE `tabCRM Deal` MODIFY `first_response_time` decimal(21,9), MODIFY `probability` decimal(21,9) not null default 0, MODIFY `annual_revenue` decimal(21,9) not null default 0, MODIFY `total` decimal(21,9) not null default 0, MODIFY `last_response_time` decimal(21,9), MODIFY `deal_value` decimal(21,9) not null default 0, MODIFY `net_total` decimal(21,9) not null default 0, MODIFY `expected_deal_value` decimal(21,9) not null default 0
2026-02-16 23:53:19,777 WARNING database DDL Query made to DB:
ALTER TABLE `tabCRM Deal` MODIFY `annual_revenue` decimal(21,9) not null default 0, MODIFY `probability` decimal(21,9) not null default 0, MODIFY `net_total` decimal(21,9) not null default 0, MODIFY `first_response_time` decimal(21,9), MODIFY `last_response_time` decimal(21,9), MODIFY `total` decimal(21,9) not null default 0, MODIFY `deal_value` decimal(21,9) not null default 0, MODIFY `expected_deal_value` decimal(21,9) not null default 0
2026-02-16 23:53:20,951 WARNING database DDL Query made to DB:
ALTER TABLE `tabCRM Deal` MODIFY `total` decimal(21,9) not null default 0, MODIFY `first_response_time` decimal(21,9), MODIFY `last_response_time` decimal(21,9), MODIFY `probability` decimal(21,9) not null default 0, MODIFY `annual_revenue` decimal(21,9) not null default 0, MODIFY `net_total` decimal(21,9) not null default 0, MODIFY `deal_value` decimal(21,9) not null default 0, MODIFY `expected_deal_value` decimal(21,9) not null default 0
2026-02-16 23:53:22,098 WARNING database DDL Query made to DB:
ALTER TABLE `tabCRM Deal` MODIFY `expected_deal_value` decimal(21,9) not null default 0, MODIFY `annual_revenue` decimal(21,9) not null default 0, MODIFY `probability` decimal(21,9) not null default 0, MODIFY `net_total` decimal(21,9) not null default 0, MODIFY `deal_value` decimal(21,9) not null default 0, MODIFY `first_response_time` decimal(21,9), MODIFY `total` decimal(21,9) not null default 0, MODIFY `last_response_time` decimal(21,9)
2026-02-16 23:53:22,950 WARNING database DDL Query made to DB:
ALTER TABLE `tabCRM Deal` MODIFY `deal_value` decimal(21,9) not null default 0, MODIFY `probability` decimal(21,9) not null default 0, MODIFY `annual_revenue` decimal(21,9) not null default 0, MODIFY `last_response_time` decimal(21,9), MODIFY `total` decimal(21,9) not null default 0, MODIFY `net_total` decimal(21,9) not null default 0, MODIFY `expected_deal_value` decimal(21,9) not null default 0, MODIFY `first_response_time` decimal(21,9)
2026-02-16 23:53:23,780 WARNING database DDL Query made to DB:
ALTER TABLE `tabCRM Deal` MODIFY `net_total` decimal(21,9) not null default 0, MODIFY `deal_value` decimal(21,9) not null default 0, MODIFY `first_response_time` decimal(21,9), MODIFY `annual_revenue` decimal(21,9) not null default 0, MODIFY `probability` decimal(21,9) not null default 0, MODIFY `last_response_time` decimal(21,9), MODIFY `expected_deal_value` decimal(21,9) not null default 0, MODIFY `total` decimal(21,9) not null default 0
2026-02-16 23:53:25,459 WARNING database DDL Query made to DB:
ALTER TABLE `tabCRM Lead` MODIFY `custom_expected_value` decimal(21,9) not null default 0, MODIFY `first_response_time` decimal(21,9), MODIFY `net_total` decimal(21,9) not null default 0, MODIFY `total` decimal(21,9) not null default 0, MODIFY `annual_revenue` decimal(21,9) not null default 0, MODIFY `last_response_time` decimal(21,9)
2026-02-16 23:53:26,262 WARNING database DDL Query made to DB:
ALTER TABLE `tabCRM Deal` MODIFY `expected_deal_value` decimal(21,9) not null default 0, MODIFY `net_total` decimal(21,9) not null default 0, MODIFY `last_response_time` decimal(21,9), MODIFY `deal_value` decimal(21,9) not null default 0, MODIFY `first_response_time` decimal(21,9), MODIFY `total` decimal(21,9) not null default 0, MODIFY `probability` decimal(21,9) not null default 0, MODIFY `annual_revenue` decimal(21,9) not null default 0
2026-02-16 23:57:46,886 WARNING database DDL Query made to DB:
alter table `tabDocType` add column if not exists migration_hash varchar(140)
2026-02-16 23:57:57,765 WARNING database DDL Query made to DB:
ALTER TABLE `tabCRM Lead` MODIFY `annual_revenue` decimal(21,9) not null default 0, MODIFY `first_response_time` decimal(21,9), MODIFY `net_total` decimal(21,9) not null default 0, MODIFY `total` decimal(21,9) not null default 0, MODIFY `last_response_time` decimal(21,9), MODIFY `custom_expected_value` decimal(21,9) not null default 0
2026-02-16 23:57:58,662 WARNING database DDL Query made to DB:
ALTER TABLE `tabCRM Lead` MODIFY `net_total` decimal(21,9) not null default 0, MODIFY `total` decimal(21,9) not null default 0, MODIFY `custom_expected_value` decimal(21,9) not null default 0, MODIFY `last_response_time` decimal(21,9), MODIFY `first_response_time` decimal(21,9), MODIFY `annual_revenue` decimal(21,9) not null default 0
2026-02-16 23:57:59,381 WARNING database DDL Query made to DB:
ALTER TABLE `tabCRM Lead` MODIFY `custom_expected_value` decimal(21,9) not null default 0, MODIFY `net_total` decimal(21,9) not null default 0, MODIFY `annual_revenue` decimal(21,9) not null default 0, MODIFY `first_response_time` decimal(21,9), MODIFY `last_response_time` decimal(21,9), MODIFY `total` decimal(21,9) not null default 0
2026-02-16 23:57:59,959 WARNING database DDL Query made to DB:
ALTER TABLE `tabCRM Lead` MODIFY `total` decimal(21,9) not null default 0, MODIFY `custom_expected_value` decimal(21,9) not null default 0, MODIFY `net_total` decimal(21,9) not null default 0, MODIFY `annual_revenue` decimal(21,9) not null default 0, MODIFY `last_response_time` decimal(21,9), MODIFY `first_response_time` decimal(21,9)
2026-02-16 23:58:00,656 WARNING database DDL Query made to DB:
ALTER TABLE `tabCRM Lead` MODIFY `net_total` decimal(21,9) not null default 0, MODIFY `annual_revenue` decimal(21,9) not null default 0, MODIFY `total` decimal(21,9) not null default 0, MODIFY `custom_expected_value` decimal(21,9) not null default 0, MODIFY `last_response_time` decimal(21,9), MODIFY `first_response_time` decimal(21,9)
2026-02-16 23:58:01,239 WARNING database DDL Query made to DB:
ALTER TABLE `tabCRM Lead` MODIFY `first_response_time` decimal(21,9), MODIFY `total` decimal(21,9) not null default 0, MODIFY `last_response_time` decimal(21,9), MODIFY `net_total` decimal(21,9) not null default 0, MODIFY `custom_expected_value` decimal(21,9) not null default 0, MODIFY `annual_revenue` decimal(21,9) not null default 0
2026-02-16 23:58:01,806 WARNING database DDL Query made to DB:
ALTER TABLE `tabCRM Lead` MODIFY `first_response_time` decimal(21,9), MODIFY `total` decimal(21,9) not null default 0, MODIFY `net_total` decimal(21,9) not null default 0, MODIFY `custom_expected_value` decimal(21,9) not null default 0, MODIFY `annual_revenue` decimal(21,9) not null default 0, MODIFY `last_response_time` decimal(21,9)
2026-02-16 23:58:02,388 WARNING database DDL Query made to DB:
ALTER TABLE `tabCRM Lead` MODIFY `last_response_time` decimal(21,9), MODIFY `custom_expected_value` decimal(21,9) not null default 0, MODIFY `annual_revenue` decimal(21,9) not null default 0, MODIFY `total` decimal(21,9) not null default 0, MODIFY `first_response_time` decimal(21,9), MODIFY `net_total` decimal(21,9) not null default 0
2026-02-16 23:58:02,932 WARNING database DDL Query made to DB:
ALTER TABLE `tabCRM Lead` MODIFY `total` decimal(21,9) not null default 0, MODIFY `net_total` decimal(21,9) not null default 0, MODIFY `custom_expected_value` decimal(21,9) not null default 0, MODIFY `first_response_time` decimal(21,9), MODIFY `annual_revenue` decimal(21,9) not null default 0, MODIFY `last_response_time` decimal(21,9)
2026-02-16 23:58:03,577 WARNING database DDL Query made to DB:
ALTER TABLE `tabCRM Lead` MODIFY `custom_expected_value` decimal(21,9) not null default 0, MODIFY `last_response_time` decimal(21,9), MODIFY `total` decimal(21,9) not null default 0, MODIFY `first_response_time` decimal(21,9), MODIFY `net_total` decimal(21,9) not null default 0, MODIFY `annual_revenue` decimal(21,9) not null default 0
2026-02-16 23:58:04,189 WARNING database DDL Query made to DB:
ALTER TABLE `tabCRM Lead` MODIFY `annual_revenue` decimal(21,9) not null default 0, MODIFY `last_response_time` decimal(21,9), MODIFY `net_total` decimal(21,9) not null default 0, MODIFY `first_response_time` decimal(21,9), MODIFY `total` decimal(21,9) not null default 0, MODIFY `custom_expected_value` decimal(21,9) not null default 0
2026-02-16 23:58:04,881 WARNING database DDL Query made to DB:
ALTER TABLE `tabCRM Lead` MODIFY `first_response_time` decimal(21,9), MODIFY `annual_revenue` decimal(21,9) not null default 0, MODIFY `custom_expected_value` decimal(21,9) not null default 0, MODIFY `net_total` decimal(21,9) not null default 0, MODIFY `total` decimal(21,9) not null default 0, MODIFY `last_response_time` decimal(21,9)
2026-02-16 23:58:05,473 WARNING database DDL Query made to DB:
ALTER TABLE `tabCRM Lead` MODIFY `total` decimal(21,9) not null default 0, MODIFY `net_total` decimal(21,9) not null default 0, MODIFY `first_response_time` decimal(21,9), MODIFY `last_response_time` decimal(21,9), MODIFY `annual_revenue` decimal(21,9) not null default 0, MODIFY `custom_expected_value` decimal(21,9) not null default 0
2026-02-16 23:58:06,137 WARNING database DDL Query made to DB:
ALTER TABLE `tabCRM Lead` MODIFY `last_response_time` decimal(21,9), MODIFY `custom_expected_value` decimal(21,9) not null default 0, MODIFY `annual_revenue` decimal(21,9) not null default 0, MODIFY `net_total` decimal(21,9) not null default 0, MODIFY `first_response_time` decimal(21,9), MODIFY `total` decimal(21,9) not null default 0
2026-02-16 23:58:06,699 WARNING database DDL Query made to DB:
ALTER TABLE `tabCRM Lead` MODIFY `annual_revenue` decimal(21,9) not null default 0, MODIFY `total` decimal(21,9) not null default 0, MODIFY `custom_expected_value` decimal(21,9) not null default 0, MODIFY `first_response_time` decimal(21,9), MODIFY `last_response_time` decimal(21,9), MODIFY `net_total` decimal(21,9) not null default 0
2026-02-16 23:58:07,288 WARNING database DDL Query made to DB:
ALTER TABLE `tabCRM Lead` MODIFY `custom_expected_value` decimal(21,9) not null default 0, MODIFY `total` decimal(21,9) not null default 0, MODIFY `net_total` decimal(21,9) not null default 0, MODIFY `annual_revenue` decimal(21,9) not null default 0, MODIFY `first_response_time` decimal(21,9), MODIFY `last_response_time` decimal(21,9)
2026-02-16 23:58:07,908 WARNING database DDL Query made to DB:
ALTER TABLE `tabCRM Lead` MODIFY `first_response_time` decimal(21,9), MODIFY `custom_expected_value` decimal(21,9) not null default 0, MODIFY `net_total` decimal(21,9) not null default 0, MODIFY `last_response_time` decimal(21,9), MODIFY `total` decimal(21,9) not null default 0, MODIFY `annual_revenue` decimal(21,9) not null default 0
2026-02-16 23:58:08,545 WARNING database DDL Query made to DB:
ALTER TABLE `tabCRM Lead` MODIFY `total` decimal(21,9) not null default 0, MODIFY `custom_expected_value` decimal(21,9) not null default 0, MODIFY `net_total` decimal(21,9) not null default 0, MODIFY `annual_revenue` decimal(21,9) not null default 0, MODIFY `first_response_time` decimal(21,9), MODIFY `last_response_time` decimal(21,9)
2026-02-16 23:58:09,131 WARNING database DDL Query made to DB:
ALTER TABLE `tabCRM Lead` MODIFY `last_response_time` decimal(21,9), MODIFY `annual_revenue` decimal(21,9) not null default 0, MODIFY `net_total` decimal(21,9) not null default 0, MODIFY `total` decimal(21,9) not null default 0, MODIFY `first_response_time` decimal(21,9), MODIFY `custom_expected_value` decimal(21,9) not null default 0
2026-02-16 23:58:09,871 WARNING database DDL Query made to DB:
ALTER TABLE `tabCRM Lead` MODIFY `last_response_time` decimal(21,9), MODIFY `first_response_time` decimal(21,9), MODIFY `annual_revenue` decimal(21,9) not null default 0, MODIFY `net_total` decimal(21,9) not null default 0, MODIFY `custom_expected_value` decimal(21,9) not null default 0, MODIFY `total` decimal(21,9) not null default 0
2026-02-16 23:58:10,525 WARNING database DDL Query made to DB:
ALTER TABLE `tabCRM Lead` MODIFY `first_response_time` decimal(21,9), MODIFY `net_total` decimal(21,9) not null default 0, MODIFY `last_response_time` decimal(21,9), MODIFY `total` decimal(21,9) not null default 0, MODIFY `custom_expected_value` decimal(21,9) not null default 0, MODIFY `annual_revenue` decimal(21,9) not null default 0
2026-02-16 23:58:11,266 WARNING database DDL Query made to DB:
ALTER TABLE `tabCRM Lead` MODIFY `custom_expected_value` decimal(21,9) not null default 0, MODIFY `net_total` decimal(21,9) not null default 0, MODIFY `annual_revenue` decimal(21,9) not null default 0, MODIFY `first_response_time` decimal(21,9), MODIFY `total` decimal(21,9) not null default 0, MODIFY `last_response_time` decimal(21,9)
2026-02-16 23:58:11,842 WARNING database DDL Query made to DB:
ALTER TABLE `tabCRM Lead` MODIFY `total` decimal(21,9) not null default 0, MODIFY `net_total` decimal(21,9) not null default 0, MODIFY `first_response_time` decimal(21,9), MODIFY `annual_revenue` decimal(21,9) not null default 0, MODIFY `custom_expected_value` decimal(21,9) not null default 0, MODIFY `last_response_time` decimal(21,9)
2026-02-16 23:58:12,590 WARNING database DDL Query made to DB:
ALTER TABLE `tabCRM Lead` MODIFY `total` decimal(21,9) not null default 0, MODIFY `annual_revenue` decimal(21,9) not null default 0, MODIFY `first_response_time` decimal(21,9), MODIFY `last_response_time` decimal(21,9), MODIFY `custom_expected_value` decimal(21,9) not null default 0, MODIFY `net_total` decimal(21,9) not null default 0
2026-02-16 23:58:13,208 WARNING database DDL Query made to DB:
ALTER TABLE `tabCRM Lead` MODIFY `net_total` decimal(21,9) not null default 0, MODIFY `last_response_time` decimal(21,9), MODIFY `first_response_time` decimal(21,9), MODIFY `total` decimal(21,9) not null default 0, MODIFY `annual_revenue` decimal(21,9) not null default 0, MODIFY `custom_expected_value` decimal(21,9) not null default 0
2026-02-16 23:58:13,891 WARNING database DDL Query made to DB:
ALTER TABLE `tabCRM Lead` MODIFY `first_response_time` decimal(21,9), MODIFY `custom_expected_value` decimal(21,9) not null default 0, MODIFY `last_response_time` decimal(21,9), MODIFY `total` decimal(21,9) not null default 0, MODIFY `net_total` decimal(21,9) not null default 0, MODIFY `annual_revenue` decimal(21,9) not null default 0
2026-02-16 23:58:14,593 WARNING database DDL Query made to DB:
ALTER TABLE `tabCRM Lead` MODIFY `net_total` decimal(21,9) not null default 0, MODIFY `last_response_time` decimal(21,9), MODIFY `total` decimal(21,9) not null default 0, MODIFY `first_response_time` decimal(21,9), MODIFY `custom_expected_value` decimal(21,9) not null default 0, MODIFY `annual_revenue` decimal(21,9) not null default 0
2026-02-16 23:58:15,291 WARNING database DDL Query made to DB:
ALTER TABLE `tabCRM Lead` MODIFY `first_response_time` decimal(21,9), MODIFY `annual_revenue` decimal(21,9) not null default 0, MODIFY `custom_expected_value` decimal(21,9) not null default 0, MODIFY `net_total` decimal(21,9) not null default 0, MODIFY `total` decimal(21,9) not null default 0, MODIFY `last_response_time` decimal(21,9)
2026-02-16 23:58:15,925 WARNING database DDL Query made to DB:
ALTER TABLE `tabCRM Lead` MODIFY `custom_expected_value` decimal(21,9) not null default 0, MODIFY `annual_revenue` decimal(21,9) not null default 0, MODIFY `last_response_time` decimal(21,9), MODIFY `first_response_time` decimal(21,9), MODIFY `total` decimal(21,9) not null default 0, MODIFY `net_total` decimal(21,9) not null default 0
2026-02-16 23:58:16,594 WARNING database DDL Query made to DB:
ALTER TABLE `tabCRM Lead` MODIFY `net_total` decimal(21,9) not null default 0, MODIFY `first_response_time` decimal(21,9), MODIFY `last_response_time` decimal(21,9), MODIFY `custom_expected_value` decimal(21,9) not null default 0, MODIFY `total` decimal(21,9) not null default 0, MODIFY `annual_revenue` decimal(21,9) not null default 0
2026-02-16 23:58:17,228 WARNING database DDL Query made to DB:
ALTER TABLE `tabCRM Lead` MODIFY `total` decimal(21,9) not null default 0, MODIFY `first_response_time` decimal(21,9), MODIFY `custom_expected_value` decimal(21,9) not null default 0, MODIFY `annual_revenue` decimal(21,9) not null default 0, MODIFY `last_response_time` decimal(21,9), MODIFY `net_total` decimal(21,9) not null default 0
2026-02-16 23:58:17,854 WARNING database DDL Query made to DB:
ALTER TABLE `tabCRM Lead` MODIFY `first_response_time` decimal(21,9), MODIFY `total` decimal(21,9) not null default 0, MODIFY `last_response_time` decimal(21,9), MODIFY `custom_expected_value` decimal(21,9) not null default 0, MODIFY `annual_revenue` decimal(21,9) not null default 0, MODIFY `net_total` decimal(21,9) not null default 0
2026-02-16 23:58:18,466 WARNING database DDL Query made to DB:
ALTER TABLE `tabCRM Lead` MODIFY `custom_expected_value` decimal(21,9) not null default 0, MODIFY `annual_revenue` decimal(21,9) not null default 0, MODIFY `total` decimal(21,9) not null default 0, MODIFY `net_total` decimal(21,9) not null default 0, MODIFY `last_response_time` decimal(21,9), MODIFY `first_response_time` decimal(21,9)
2026-02-16 23:58:19,100 WARNING database DDL Query made to DB:
ALTER TABLE `tabCRM Deal` MODIFY `net_total` decimal(21,9) not null default 0, MODIFY `deal_value` decimal(21,9) not null default 0, MODIFY `total` decimal(21,9) not null default 0, MODIFY `first_response_time` decimal(21,9), MODIFY `last_response_time` decimal(21,9), MODIFY `expected_deal_value` decimal(21,9) not null default 0, MODIFY `annual_revenue` decimal(21,9) not null default 0, MODIFY `probability` decimal(21,9) not null default 0
2026-02-16 23:58:19,701 WARNING database DDL Query made to DB:
ALTER TABLE `tabCRM Deal` MODIFY `expected_deal_value` decimal(21,9) not null default 0, MODIFY `deal_value` decimal(21,9) not null default 0, MODIFY `net_total` decimal(21,9) not null default 0, MODIFY `first_response_time` decimal(21,9), MODIFY `annual_revenue` decimal(21,9) not null default 0, MODIFY `probability` decimal(21,9) not null default 0, MODIFY `total` decimal(21,9) not null default 0, MODIFY `last_response_time` decimal(21,9)
2026-02-16 23:58:20,338 WARNING database DDL Query made to DB:
ALTER TABLE `tabCRM Deal` MODIFY `probability` decimal(21,9) not null default 0, MODIFY `annual_revenue` decimal(21,9) not null default 0, MODIFY `first_response_time` decimal(21,9), MODIFY `expected_deal_value` decimal(21,9) not null default 0, MODIFY `deal_value` decimal(21,9) not null default 0, MODIFY `total` decimal(21,9) not null default 0, MODIFY `net_total` decimal(21,9) not null default 0, MODIFY `last_response_time` decimal(21,9)
2026-02-16 23:58:20,895 WARNING database DDL Query made to DB:
ALTER TABLE `tabCRM Deal` MODIFY `last_response_time` decimal(21,9), MODIFY `probability` decimal(21,9) not null default 0, MODIFY `net_total` decimal(21,9) not null default 0, MODIFY `total` decimal(21,9) not null default 0, MODIFY `first_response_time` decimal(21,9), MODIFY `annual_revenue` decimal(21,9) not null default 0, MODIFY `deal_value` decimal(21,9) not null default 0, MODIFY `expected_deal_value` decimal(21,9) not null default 0
2026-02-16 23:58:21,585 WARNING database DDL Query made to DB:
ALTER TABLE `tabCRM Deal` MODIFY `probability` decimal(21,9) not null default 0, MODIFY `deal_value` decimal(21,9) not null default 0, MODIFY `expected_deal_value` decimal(21,9) not null default 0, MODIFY `total` decimal(21,9) not null default 0, MODIFY `net_total` decimal(21,9) not null default 0, MODIFY `last_response_time` decimal(21,9), MODIFY `first_response_time` decimal(21,9), MODIFY `annual_revenue` decimal(21,9) not null default 0
2026-02-16 23:58:22,189 WARNING database DDL Query made to DB:
ALTER TABLE `tabCRM Deal` MODIFY `last_response_time` decimal(21,9), MODIFY `annual_revenue` decimal(21,9) not null default 0, MODIFY `first_response_time` decimal(21,9), MODIFY `probability` decimal(21,9) not null default 0, MODIFY `expected_deal_value` decimal(21,9) not null default 0, MODIFY `total` decimal(21,9) not null default 0, MODIFY `net_total` decimal(21,9) not null default 0, MODIFY `deal_value` decimal(21,9) not null default 0
2026-02-16 23:58:22,769 WARNING database DDL Query made to DB:
ALTER TABLE `tabCRM Deal` MODIFY `net_total` decimal(21,9) not null default 0, MODIFY `expected_deal_value` decimal(21,9) not null default 0, MODIFY `deal_value` decimal(21,9) not null default 0, MODIFY `first_response_time` decimal(21,9), MODIFY `last_response_time` decimal(21,9), MODIFY `probability` decimal(21,9) not null default 0, MODIFY `annual_revenue` decimal(21,9) not null default 0, MODIFY `total` decimal(21,9) not null default 0
2026-02-16 23:58:23,334 WARNING database DDL Query made to DB:
ALTER TABLE `tabCRM Deal` MODIFY `expected_deal_value` decimal(21,9) not null default 0, MODIFY `deal_value` decimal(21,9) not null default 0, MODIFY `first_response_time` decimal(21,9), MODIFY `annual_revenue` decimal(21,9) not null default 0, MODIFY `probability` decimal(21,9) not null default 0, MODIFY `last_response_time` decimal(21,9), MODIFY `total` decimal(21,9) not null default 0, MODIFY `net_total` decimal(21,9) not null default 0
2026-02-16 23:58:24,547 WARNING database DDL Query made to DB:
ALTER TABLE `tabCRM Lead` MODIFY `first_response_time` decimal(21,9), MODIFY `total` decimal(21,9) not null default 0, MODIFY `last_response_time` decimal(21,9), MODIFY `annual_revenue` decimal(21,9) not null default 0, MODIFY `net_total` decimal(21,9) not null default 0, MODIFY `custom_expected_value` decimal(21,9) not null default 0
2026-02-16 23:58:25,095 WARNING database DDL Query made to DB:
ALTER TABLE `tabCRM Deal` MODIFY `total` decimal(21,9) not null default 0, MODIFY `last_response_time` decimal(21,9), MODIFY `probability` decimal(21,9) not null default 0, MODIFY `annual_revenue` decimal(21,9) not null default 0, MODIFY `first_response_time` decimal(21,9), MODIFY `net_total` decimal(21,9) not null default 0, MODIFY `deal_value` decimal(21,9) not null default 0, MODIFY `expected_deal_value` decimal(21,9) not null default 0
2026-02-17 14:07:28,133 WARNING database DDL Query made to DB:
alter table `tabDocType` add column if not exists migration_hash varchar(140)
2026-02-17 14:07:35,051 WARNING database DDL Query made to DB:
ALTER TABLE `tabVooroo Activity` MODIFY `type` varchar(140) default 'Appel'
2026-02-17 14:07:41,764 WARNING database DDL Query made to DB:
ALTER TABLE `tabCRM Lead` MODIFY `net_total` decimal(21,9) not null default 0, MODIFY `custom_expected_value` decimal(21,9) not null default 0, MODIFY `annual_revenue` decimal(21,9) not null default 0, MODIFY `first_response_time` decimal(21,9), MODIFY `total` decimal(21,9) not null default 0, MODIFY `last_response_time` decimal(21,9)
2026-02-17 14:07:42,464 WARNING database DDL Query made to DB:
ALTER TABLE `tabCRM Lead` MODIFY `custom_expected_value` decimal(21,9) not null default 0, MODIFY `net_total` decimal(21,9) not null default 0, MODIFY `annual_revenue` decimal(21,9) not null default 0, MODIFY `first_response_time` decimal(21,9), MODIFY `last_response_time` decimal(21,9), MODIFY `total` decimal(21,9) not null default 0
2026-02-17 14:07:43,107 WARNING database DDL Query made to DB:
ALTER TABLE `tabCRM Lead` MODIFY `total` decimal(21,9) not null default 0, MODIFY `first_response_time` decimal(21,9), MODIFY `annual_revenue` decimal(21,9) not null default 0, MODIFY `custom_expected_value` decimal(21,9) not null default 0, MODIFY `net_total` decimal(21,9) not null default 0, MODIFY `last_response_time` decimal(21,9)
2026-02-17 14:07:43,709 WARNING database DDL Query made to DB:
ALTER TABLE `tabCRM Lead` MODIFY `first_response_time` decimal(21,9), MODIFY `custom_expected_value` decimal(21,9) not null default 0, MODIFY `net_total` decimal(21,9) not null default 0, MODIFY `annual_revenue` decimal(21,9) not null default 0, MODIFY `last_response_time` decimal(21,9), MODIFY `total` decimal(21,9) not null default 0
2026-02-17 14:07:44,396 WARNING database DDL Query made to DB:
ALTER TABLE `tabCRM Lead` MODIFY `annual_revenue` decimal(21,9) not null default 0, MODIFY `total` decimal(21,9) not null default 0, MODIFY `custom_expected_value` decimal(21,9) not null default 0, MODIFY `last_response_time` decimal(21,9), MODIFY `first_response_time` decimal(21,9), MODIFY `net_total` decimal(21,9) not null default 0
2026-02-17 14:07:44,943 WARNING database DDL Query made to DB:
ALTER TABLE `tabCRM Lead` MODIFY `annual_revenue` decimal(21,9) not null default 0, MODIFY `first_response_time` decimal(21,9), MODIFY `total` decimal(21,9) not null default 0, MODIFY `last_response_time` decimal(21,9), MODIFY `net_total` decimal(21,9) not null default 0, MODIFY `custom_expected_value` decimal(21,9) not null default 0
2026-02-17 14:07:45,658 WARNING database DDL Query made to DB:
ALTER TABLE `tabCRM Lead` MODIFY `last_response_time` decimal(21,9), MODIFY `total` decimal(21,9) not null default 0, MODIFY `custom_expected_value` decimal(21,9) not null default 0, MODIFY `first_response_time` decimal(21,9), MODIFY `net_total` decimal(21,9) not null default 0, MODIFY `annual_revenue` decimal(21,9) not null default 0
2026-02-17 14:07:46,282 WARNING database DDL Query made to DB:
ALTER TABLE `tabCRM Lead` MODIFY `last_response_time` decimal(21,9), MODIFY `total` decimal(21,9) not null default 0, MODIFY `net_total` decimal(21,9) not null default 0, MODIFY `annual_revenue` decimal(21,9) not null default 0, MODIFY `first_response_time` decimal(21,9), MODIFY `custom_expected_value` decimal(21,9) not null default 0
2026-02-17 14:07:46,980 WARNING database DDL Query made to DB:
ALTER TABLE `tabCRM Lead` MODIFY `net_total` decimal(21,9) not null default 0, MODIFY `last_response_time` decimal(21,9), MODIFY `custom_expected_value` decimal(21,9) not null default 0, MODIFY `annual_revenue` decimal(21,9) not null default 0, MODIFY `first_response_time` decimal(21,9), MODIFY `total` decimal(21,9) not null default 0
2026-02-17 14:07:47,666 WARNING database DDL Query made to DB:
ALTER TABLE `tabCRM Lead` MODIFY `total` decimal(21,9) not null default 0, MODIFY `last_response_time` decimal(21,9), MODIFY `net_total` decimal(21,9) not null default 0, MODIFY `first_response_time` decimal(21,9), MODIFY `custom_expected_value` decimal(21,9) not null default 0, MODIFY `annual_revenue` decimal(21,9) not null default 0
2026-02-17 14:07:48,245 WARNING database DDL Query made to DB:
ALTER TABLE `tabCRM Lead` MODIFY `net_total` decimal(21,9) not null default 0, MODIFY `annual_revenue` decimal(21,9) not null default 0, MODIFY `first_response_time` decimal(21,9), MODIFY `last_response_time` decimal(21,9), MODIFY `total` decimal(21,9) not null default 0, MODIFY `custom_expected_value` decimal(21,9) not null default 0
2026-02-17 14:07:48,841 WARNING database DDL Query made to DB:
ALTER TABLE `tabCRM Lead` MODIFY `first_response_time` decimal(21,9), MODIFY `last_response_time` decimal(21,9), MODIFY `annual_revenue` decimal(21,9) not null default 0, MODIFY `net_total` decimal(21,9) not null default 0, MODIFY `total` decimal(21,9) not null default 0, MODIFY `custom_expected_value` decimal(21,9) not null default 0
2026-02-17 14:07:49,545 WARNING database DDL Query made to DB:
ALTER TABLE `tabCRM Lead` MODIFY `total` decimal(21,9) not null default 0, MODIFY `custom_expected_value` decimal(21,9) not null default 0, MODIFY `first_response_time` decimal(21,9), MODIFY `annual_revenue` decimal(21,9) not null default 0, MODIFY `net_total` decimal(21,9) not null default 0, MODIFY `last_response_time` decimal(21,9)
2026-02-17 14:07:50,110 WARNING database DDL Query made to DB:
ALTER TABLE `tabCRM Lead` MODIFY `first_response_time` decimal(21,9), MODIFY `net_total` decimal(21,9) not null default 0, MODIFY `custom_expected_value` decimal(21,9) not null default 0, MODIFY `last_response_time` decimal(21,9), MODIFY `annual_revenue` decimal(21,9) not null default 0, MODIFY `total` decimal(21,9) not null default 0
2026-02-17 14:07:50,828 WARNING database DDL Query made to DB:
ALTER TABLE `tabCRM Lead` MODIFY `annual_revenue` decimal(21,9) not null default 0, MODIFY `custom_expected_value` decimal(21,9) not null default 0, MODIFY `total` decimal(21,9) not null default 0, MODIFY `last_response_time` decimal(21,9), MODIFY `first_response_time` decimal(21,9), MODIFY `net_total` decimal(21,9) not null default 0
2026-02-17 14:07:51,715 WARNING database DDL Query made to DB:
ALTER TABLE `tabCRM Lead` MODIFY `total` decimal(21,9) not null default 0, MODIFY `first_response_time` decimal(21,9), MODIFY `net_total` decimal(21,9) not null default 0, MODIFY `annual_revenue` decimal(21,9) not null default 0, MODIFY `last_response_time` decimal(21,9), MODIFY `custom_expected_value` decimal(21,9) not null default 0
2026-02-17 14:07:52,619 WARNING database DDL Query made to DB:
ALTER TABLE `tabCRM Lead` MODIFY `last_response_time` decimal(21,9), MODIFY `custom_expected_value` decimal(21,9) not null default 0, MODIFY `first_response_time` decimal(21,9), MODIFY `annual_revenue` decimal(21,9) not null default 0, MODIFY `total` decimal(21,9) not null default 0, MODIFY `net_total` decimal(21,9) not null default 0
2026-02-17 14:07:53,583 WARNING database DDL Query made to DB:
ALTER TABLE `tabCRM Lead` MODIFY `last_response_time` decimal(21,9), MODIFY `total` decimal(21,9) not null default 0, MODIFY `net_total` decimal(21,9) not null default 0, MODIFY `custom_expected_value` decimal(21,9) not null default 0, MODIFY `annual_revenue` decimal(21,9) not null default 0, MODIFY `first_response_time` decimal(21,9)
2026-02-17 14:07:54,480 WARNING database DDL Query made to DB:
ALTER TABLE `tabCRM Lead` MODIFY `first_response_time` decimal(21,9), MODIFY `annual_revenue` decimal(21,9) not null default 0, MODIFY `total` decimal(21,9) not null default 0, MODIFY `last_response_time` decimal(21,9), MODIFY `net_total` decimal(21,9) not null default 0, MODIFY `custom_expected_value` decimal(21,9) not null default 0
2026-02-17 14:07:55,173 WARNING database DDL Query made to DB:
ALTER TABLE `tabCRM Lead` MODIFY `last_response_time` decimal(21,9), MODIFY `total` decimal(21,9) not null default 0, MODIFY `net_total` decimal(21,9) not null default 0, MODIFY `first_response_time` decimal(21,9), MODIFY `custom_expected_value` decimal(21,9) not null default 0, MODIFY `annual_revenue` decimal(21,9) not null default 0
2026-02-17 14:07:56,291 WARNING database DDL Query made to DB:
ALTER TABLE `tabCRM Lead` MODIFY `custom_expected_value` decimal(21,9) not null default 0, MODIFY `last_response_time` decimal(21,9), MODIFY `first_response_time` decimal(21,9), MODIFY `annual_revenue` decimal(21,9) not null default 0, MODIFY `net_total` decimal(21,9) not null default 0, MODIFY `total` decimal(21,9) not null default 0
2026-02-17 14:07:56,959 WARNING database DDL Query made to DB:
ALTER TABLE `tabCRM Lead` MODIFY `last_response_time` decimal(21,9), MODIFY `first_response_time` decimal(21,9), MODIFY `custom_expected_value` decimal(21,9) not null default 0, MODIFY `net_total` decimal(21,9) not null default 0, MODIFY `annual_revenue` decimal(21,9) not null default 0, MODIFY `total` decimal(21,9) not null default 0
2026-02-17 14:07:57,713 WARNING database DDL Query made to DB:
ALTER TABLE `tabCRM Lead` MODIFY `net_total` decimal(21,9) not null default 0, MODIFY `last_response_time` decimal(21,9), MODIFY `total` decimal(21,9) not null default 0, MODIFY `annual_revenue` decimal(21,9) not null default 0, MODIFY `custom_expected_value` decimal(21,9) not null default 0, MODIFY `first_response_time` decimal(21,9)
2026-02-17 14:07:58,443 WARNING database DDL Query made to DB:
ALTER TABLE `tabCRM Lead` MODIFY `total` decimal(21,9) not null default 0, MODIFY `annual_revenue` decimal(21,9) not null default 0, MODIFY `first_response_time` decimal(21,9), MODIFY `last_response_time` decimal(21,9), MODIFY `custom_expected_value` decimal(21,9) not null default 0, MODIFY `net_total` decimal(21,9) not null default 0
2026-02-17 14:07:59,256 WARNING database DDL Query made to DB:
ALTER TABLE `tabCRM Lead` MODIFY `first_response_time` decimal(21,9), MODIFY `net_total` decimal(21,9) not null default 0, MODIFY `custom_expected_value` decimal(21,9) not null default 0, MODIFY `last_response_time` decimal(21,9), MODIFY `total` decimal(21,9) not null default 0, MODIFY `annual_revenue` decimal(21,9) not null default 0
2026-02-17 14:08:00,039 WARNING database DDL Query made to DB:
ALTER TABLE `tabCRM Lead` MODIFY `last_response_time` decimal(21,9), MODIFY `annual_revenue` decimal(21,9) not null default 0, MODIFY `total` decimal(21,9) not null default 0, MODIFY `net_total` decimal(21,9) not null default 0, MODIFY `custom_expected_value` decimal(21,9) not null default 0, MODIFY `first_response_time` decimal(21,9)
2026-02-17 14:08:00,714 WARNING database DDL Query made to DB:
ALTER TABLE `tabCRM Lead` MODIFY `custom_expected_value` decimal(21,9) not null default 0, MODIFY `net_total` decimal(21,9) not null default 0, MODIFY `first_response_time` decimal(21,9), MODIFY `total` decimal(21,9) not null default 0, MODIFY `last_response_time` decimal(21,9), MODIFY `annual_revenue` decimal(21,9) not null default 0
2026-02-17 14:08:01,477 WARNING database DDL Query made to DB:
ALTER TABLE `tabCRM Lead` MODIFY `first_response_time` decimal(21,9), MODIFY `annual_revenue` decimal(21,9) not null default 0, MODIFY `total` decimal(21,9) not null default 0, MODIFY `net_total` decimal(21,9) not null default 0, MODIFY `custom_expected_value` decimal(21,9) not null default 0, MODIFY `last_response_time` decimal(21,9)
2026-02-17 14:08:02,178 WARNING database DDL Query made to DB:
ALTER TABLE `tabCRM Lead` MODIFY `net_total` decimal(21,9) not null default 0, MODIFY `custom_expected_value` decimal(21,9) not null default 0, MODIFY `annual_revenue` decimal(21,9) not null default 0, MODIFY `first_response_time` decimal(21,9), MODIFY `last_response_time` decimal(21,9), MODIFY `total` decimal(21,9) not null default 0
2026-02-17 14:08:02,744 WARNING database DDL Query made to DB:
ALTER TABLE `tabCRM Lead` MODIFY `last_response_time` decimal(21,9), MODIFY `custom_expected_value` decimal(21,9) not null default 0, MODIFY `first_response_time` decimal(21,9), MODIFY `total` decimal(21,9) not null default 0, MODIFY `net_total` decimal(21,9) not null default 0, MODIFY `annual_revenue` decimal(21,9) not null default 0
2026-02-17 14:08:03,318 WARNING database DDL Query made to DB:
ALTER TABLE `tabCRM Lead` MODIFY `first_response_time` decimal(21,9), MODIFY `annual_revenue` decimal(21,9) not null default 0, MODIFY `net_total` decimal(21,9) not null default 0, MODIFY `last_response_time` decimal(21,9), MODIFY `custom_expected_value` decimal(21,9) not null default 0, MODIFY `total` decimal(21,9) not null default 0
2026-02-17 14:08:04,123 WARNING database DDL Query made to DB:
ALTER TABLE `tabCRM Lead` MODIFY `first_response_time` decimal(21,9), MODIFY `custom_expected_value` decimal(21,9) not null default 0, MODIFY `total` decimal(21,9) not null default 0, MODIFY `last_response_time` decimal(21,9), MODIFY `annual_revenue` decimal(21,9) not null default 0, MODIFY `net_total` decimal(21,9) not null default 0
2026-02-17 14:08:04,676 WARNING database DDL Query made to DB:
ALTER TABLE `tabCRM Lead` MODIFY `custom_expected_value` decimal(21,9) not null default 0, MODIFY `net_total` decimal(21,9) not null default 0, MODIFY `total` decimal(21,9) not null default 0, MODIFY `first_response_time` decimal(21,9), MODIFY `annual_revenue` decimal(21,9) not null default 0, MODIFY `last_response_time` decimal(21,9)
2026-02-17 14:08:05,278 WARNING database DDL Query made to DB:
ALTER TABLE `tabCRM Deal` MODIFY `annual_revenue` decimal(21,9) not null default 0, MODIFY `first_response_time` decimal(21,9), MODIFY `deal_value` decimal(21,9) not null default 0, MODIFY `expected_deal_value` decimal(21,9) not null default 0, MODIFY `net_total` decimal(21,9) not null default 0, MODIFY `total` decimal(21,9) not null default 0, MODIFY `probability` decimal(21,9) not null default 0, MODIFY `last_response_time` decimal(21,9)
2026-02-17 14:08:05,781 WARNING database DDL Query made to DB:
ALTER TABLE `tabCRM Deal` MODIFY `expected_deal_value` decimal(21,9) not null default 0, MODIFY `first_response_time` decimal(21,9), MODIFY `deal_value` decimal(21,9) not null default 0, MODIFY `annual_revenue` decimal(21,9) not null default 0, MODIFY `probability` decimal(21,9) not null default 0, MODIFY `net_total` decimal(21,9) not null default 0, MODIFY `last_response_time` decimal(21,9), MODIFY `total` decimal(21,9) not null default 0
2026-02-17 14:08:06,351 WARNING database DDL Query made to DB:
ALTER TABLE `tabCRM Deal` MODIFY `deal_value` decimal(21,9) not null default 0, MODIFY `first_response_time` decimal(21,9), MODIFY `total` decimal(21,9) not null default 0, MODIFY `net_total` decimal(21,9) not null default 0, MODIFY `last_response_time` decimal(21,9), MODIFY `probability` decimal(21,9) not null default 0, MODIFY `expected_deal_value` decimal(21,9) not null default 0, MODIFY `annual_revenue` decimal(21,9) not null default 0
2026-02-17 14:08:06,853 WARNING database DDL Query made to DB:
ALTER TABLE `tabCRM Deal` MODIFY `net_total` decimal(21,9) not null default 0, MODIFY `last_response_time` decimal(21,9), MODIFY `expected_deal_value` decimal(21,9) not null default 0, MODIFY `total` decimal(21,9) not null default 0, MODIFY `deal_value` decimal(21,9) not null default 0, MODIFY `annual_revenue` decimal(21,9) not null default 0, MODIFY `first_response_time` decimal(21,9), MODIFY `probability` decimal(21,9) not null default 0
2026-02-17 14:08:07,351 WARNING database DDL Query made to DB:
ALTER TABLE `tabCRM Deal` MODIFY `deal_value` decimal(21,9) not null default 0, MODIFY `total` decimal(21,9) not null default 0, MODIFY `probability` decimal(21,9) not null default 0, MODIFY `net_total` decimal(21,9) not null default 0, MODIFY `expected_deal_value` decimal(21,9) not null default 0, MODIFY `first_response_time` decimal(21,9), MODIFY `annual_revenue` decimal(21,9) not null default 0, MODIFY `last_response_time` decimal(21,9)
2026-02-17 14:08:07,889 WARNING database DDL Query made to DB:
ALTER TABLE `tabCRM Deal` MODIFY `deal_value` decimal(21,9) not null default 0, MODIFY `annual_revenue` decimal(21,9) not null default 0, MODIFY `probability` decimal(21,9) not null default 0, MODIFY `total` decimal(21,9) not null default 0, MODIFY `first_response_time` decimal(21,9), MODIFY `net_total` decimal(21,9) not null default 0, MODIFY `last_response_time` decimal(21,9), MODIFY `expected_deal_value` decimal(21,9) not null default 0
2026-02-17 14:08:08,449 WARNING database DDL Query made to DB:
ALTER TABLE `tabCRM Deal` MODIFY `total` decimal(21,9) not null default 0, MODIFY `net_total` decimal(21,9) not null default 0, MODIFY `annual_revenue` decimal(21,9) not null default 0, MODIFY `expected_deal_value` decimal(21,9) not null default 0, MODIFY `last_response_time` decimal(21,9), MODIFY `first_response_time` decimal(21,9), MODIFY `probability` decimal(21,9) not null default 0, MODIFY `deal_value` decimal(21,9) not null default 0
2026-02-17 14:08:09,076 WARNING database DDL Query made to DB:
ALTER TABLE `tabCRM Deal` MODIFY `expected_deal_value` decimal(21,9) not null default 0, MODIFY `net_total` decimal(21,9) not null default 0, MODIFY `last_response_time` decimal(21,9), MODIFY `deal_value` decimal(21,9) not null default 0, MODIFY `annual_revenue` decimal(21,9) not null default 0, MODIFY `first_response_time` decimal(21,9), MODIFY `probability` decimal(21,9) not null default 0, MODIFY `total` decimal(21,9) not null default 0
2026-02-17 14:08:10,059 WARNING database DDL Query made to DB:
ALTER TABLE `tabCRM Lead` MODIFY `last_response_time` decimal(21,9), MODIFY `net_total` decimal(21,9) not null default 0, MODIFY `first_response_time` decimal(21,9), MODIFY `annual_revenue` decimal(21,9) not null default 0, MODIFY `custom_expected_value` decimal(21,9) not null default 0, MODIFY `total` decimal(21,9) not null default 0
2026-02-17 14:08:10,585 WARNING database DDL Query made to DB:
ALTER TABLE `tabCRM Deal` MODIFY `deal_value` decimal(21,9) not null default 0, MODIFY `probability` decimal(21,9) not null default 0, MODIFY `expected_deal_value` decimal(21,9) not null default 0, MODIFY `total` decimal(21,9) not null default 0, MODIFY `net_total` decimal(21,9) not null default 0, MODIFY `first_response_time` decimal(21,9), MODIFY `annual_revenue` decimal(21,9) not null default 0, MODIFY `last_response_time` decimal(21,9)
2026-02-17 23:29:24,327 WARNING database DDL Query made to DB:
ALTER TABLE `tabCRM Lead` ADD COLUMN `test` varchar(140)
2026-02-17 23:29:24,412 WARNING database DDL Query made to DB:
ALTER TABLE `tabCRM Lead` MODIFY `annual_revenue` decimal(21,9) not null default 0, MODIFY `last_response_time` decimal(21,9), MODIFY `net_total` decimal(21,9) not null default 0, MODIFY `first_response_time` decimal(21,9), MODIFY `total` decimal(21,9) not null default 0, MODIFY `custom_expected_value` decimal(21,9) not null default 0
