2026-01-03 21:01:19,103 ERROR scheduler Skipped queueing crm.lead_syncing.background_sync.sync_leads_from_sources_hourly because it was found in queue for development.localhost
2026-01-03 21:01:19,194 ERROR scheduler Skipped queueing frappe.core.doctype.prepared_report.prepared_report.expire_stalled_report because it was found in queue for development.localhost
2026-01-04 07:17:27,654 ERROR scheduler Skipped queueing frappe.social.doctype.energy_point_settings.energy_point_settings.allocate_review_points because it was found in queue for development.localhost
2026-01-04 07:17:27,660 ERROR scheduler Skipped queueing frappe.desk.form.document_follow.send_weekly_updates because it was found in queue for development.localhost
2026-01-04 07:17:27,676 ERROR scheduler Skipped queueing frappe.desk.form.document_follow.send_hourly_updates because it was found in queue for development.localhost
2026-01-04 07:17:27,685 ERROR scheduler Skipped queueing frappe.twofactor.delete_all_barcodes_for_users because it was found in queue for development.localhost
2026-01-04 07:17:27,698 ERROR scheduler Skipped queueing frappe.oauth.delete_oauth2_data because it was found in queue for development.localhost
2026-01-04 07:17:27,702 ERROR scheduler Skipped queueing frappe.integrations.doctype.dropbox_settings.dropbox_settings.take_backups_daily because it was found in queue for development.localhost
2026-01-04 07:17:27,723 ERROR scheduler Skipped queueing frappe.automation.doctype.auto_repeat.auto_repeat.make_auto_repeat_entry because it was found in queue for development.localhost
2026-01-04 07:17:27,736 ERROR scheduler Skipped queueing frappe.core.doctype.prepared_report.prepared_report.expire_stalled_report because it was found in queue for development.localhost
2026-01-04 07:17:27,741 ERROR scheduler Skipped queueing frappe.integrations.doctype.s3_backup_settings.s3_backup_settings.take_backups_weekly because it was found in queue for development.localhost
2026-01-04 07:17:27,745 ERROR scheduler Skipped queueing frappe.desk.page.backups.backups.delete_downloadable_backups because it was found in queue for development.localhost
2026-01-04 07:17:27,752 ERROR scheduler Skipped queueing frappe.integrations.doctype.google_drive.google_drive.weekly_backup because it was found in queue for development.localhost
2026-01-04 14:02:00,757 ERROR scheduler Skipped queueing frappe.website.doctype.personal_data_deletion_request.personal_data_deletion_request.process_data_deletion_request because it was found in queue for development.localhost
2026-01-04 14:02:00,912 ERROR scheduler Skipped queueing frappe.desk.utils.delete_old_exported_report_files because it was found in queue for development.localhost
2026-01-09 00:17:33,729 ERROR scheduler Skipped queueing frappe.model.utils.link_count.update_link_count because it was found in queue for development.localhost
2026-01-09 00:17:33,909 ERROR scheduler Skipped queueing crm.lead_syncing.background_sync.sync_leads_from_sources_15_minutes because it was found in queue for development.localhost
2026-01-09 00:17:33,954 ERROR scheduler Skipped queueing frappe.deferred_insert.save_to_db because it was found in queue for development.localhost
2026-01-09 00:17:34,107 ERROR scheduler Skipped queueing frappe.search.sqlite_search.build_index_if_not_exists because it was found in queue for development.localhost
2026-01-09 00:17:34,130 ERROR scheduler Skipped queueing frappe.automation.doctype.reminder.reminder.send_reminders because it was found in queue for development.localhost
2026-01-09 00:17:34,427 ERROR scheduler Skipped queueing frappe.utils.global_search.sync_global_search because it was found in queue for development.localhost
2026-01-09 00:17:34,595 ERROR scheduler Skipped queueing crm.lead_syncing.background_sync.sync_leads_from_sources_5_minutes because it was found in queue for development.localhost
2026-01-09 00:17:34,616 ERROR scheduler Skipped queueing frappe.email.doctype.email_account.email_account.notify_unreplied because it was found in queue for development.localhost
2026-01-09 00:17:34,720 ERROR scheduler Skipped queueing frappe.pulse.client.send_queued_events because it was found in queue for development.localhost
2026-01-11 09:01:47,691 ERROR scheduler Skipped queueing frappe.integrations.doctype.dropbox_settings.dropbox_settings.take_backups_weekly because it was found in queue for development.localhost
2026-01-11 09:01:47,718 ERROR scheduler Skipped queueing frappe.integrations.doctype.google_contacts.google_contacts.sync because it was found in queue for development.localhost
2026-01-11 09:01:47,731 ERROR scheduler Skipped queueing crm.lead_syncing.background_sync.sync_leads_from_sources_hourly because it was found in queue for development.localhost
2026-01-11 09:01:47,740 ERROR scheduler Skipped queueing frappe.integrations.doctype.s3_backup_settings.s3_backup_settings.take_backups_daily because it was found in queue for development.localhost
2026-01-11 09:01:47,750 ERROR scheduler Skipped queueing frappe.website.doctype.personal_data_deletion_request.personal_data_deletion_request.remove_unverified_record because it was found in queue for development.localhost
2026-01-11 09:01:47,769 ERROR scheduler Skipped queueing frappe.model.utils.user_settings.sync_user_settings because it was found in queue for development.localhost
2026-01-11 09:01:47,818 ERROR scheduler Skipped queueing frappe.integrations.doctype.google_drive.google_drive.weekly_backup because it was found in queue for development.localhost
2026-01-11 09:55:33,861 ERROR scheduler Skipped queueing frappe.pulse.client.send_queued_events because it was found in queue for development.localhost
2026-01-11 09:55:34,093 ERROR scheduler Skipped queueing frappe.email.doctype.email_account.email_account.notify_unreplied because it was found in queue for development.localhost
2026-01-12 00:01:42,146 ERROR scheduler Skipped queueing frappe.model.utils.user_settings.sync_user_settings because it was found in queue for development.localhost
2026-01-12 00:01:42,169 ERROR scheduler Skipped queueing frappe.automation.doctype.auto_repeat.auto_repeat.make_auto_repeat_entry because it was found in queue for development.localhost
2026-01-12 00:01:42,190 ERROR scheduler Skipped queueing frappe.sessions.clear_expired_sessions because it was found in queue for development.localhost
2026-01-12 00:01:42,231 ERROR scheduler Skipped queueing frappe.desk.page.backups.backups.delete_downloadable_backups because it was found in queue for development.localhost
2026-01-12 00:01:42,293 ERROR scheduler Skipped queueing frappe.integrations.doctype.dropbox_settings.dropbox_settings.take_backups_daily because it was found in queue for development.localhost
2026-01-12 00:01:42,302 ERROR scheduler Skipped queueing frappe.desk.utils.delete_old_exported_report_files because it was found in queue for development.localhost
2026-01-12 00:01:42,308 ERROR scheduler Skipped queueing frappe.integrations.doctype.google_contacts.google_contacts.sync because it was found in queue for development.localhost
2026-01-12 00:01:42,321 ERROR scheduler Skipped queueing frappe.integrations.doctype.s3_backup_settings.s3_backup_settings.take_backups_daily because it was found in queue for development.localhost
2026-01-12 00:01:42,342 ERROR scheduler Skipped queueing frappe.twofactor.delete_all_barcodes_for_users because it was found in queue for development.localhost
2026-01-12 12:08:27,513 ERROR scheduler Skipped queueing frappe.website.doctype.personal_data_deletion_request.personal_data_deletion_request.process_data_deletion_request because it was found in queue for development.localhost
2026-01-12 12:08:27,540 ERROR scheduler Skipped queueing frappe.twofactor.delete_all_barcodes_for_users because it was found in queue for development.localhost
2026-01-12 12:08:27,721 ERROR scheduler Skipped queueing frappe.website.doctype.web_page.web_page.check_publish_status because it was found in queue for development.localhost
2026-01-12 12:08:27,731 ERROR scheduler Skipped queueing frappe.desk.form.document_follow.send_hourly_updates because it was found in queue for development.localhost
2026-01-12 12:08:27,755 ERROR scheduler Skipped queueing frappe.core.doctype.prepared_report.prepared_report.expire_stalled_report because it was found in queue for development.localhost
2026-01-12 12:08:27,767 ERROR scheduler Skipped queueing frappe.email.doctype.newsletter.newsletter.send_scheduled_email because it was found in queue for development.localhost
2026-01-12 12:08:27,773 ERROR scheduler Skipped queueing frappe.model.utils.user_settings.sync_user_settings because it was found in queue for development.localhost
2026-01-12 12:08:27,793 ERROR scheduler Skipped queueing frappe.desk.page.backups.backups.delete_downloadable_backups because it was found in queue for development.localhost
2026-01-12 12:08:27,807 ERROR scheduler Skipped queueing frappe.deferred_insert.save_to_db because it was found in queue for development.localhost
2026-01-12 12:08:27,828 ERROR scheduler Skipped queueing frappe.oauth.delete_oauth2_data because it was found in queue for development.localhost
2026-01-12 12:08:27,842 ERROR scheduler Skipped queueing frappe.desk.utils.delete_old_exported_report_files because it was found in queue for development.localhost
2026-01-12 12:08:27,874 ERROR scheduler Skipped queueing crm.lead_syncing.background_sync.sync_leads_from_sources_15_minutes because it was found in queue for development.localhost
2026-01-12 12:08:27,886 ERROR scheduler Skipped queueing crm.lead_syncing.background_sync.sync_leads_from_sources_hourly because it was found in queue for development.localhost
2026-01-16 18:32:48,921 ERROR scheduler Skipped queueing frappe.automation.doctype.reminder.reminder.send_reminders because it was found in queue for development.localhost
2026-01-16 19:03:11,415 ERROR scheduler Skipped queueing frappe.twofactor.delete_all_barcodes_for_users because it was found in queue for development.localhost
2026-01-16 19:03:11,495 ERROR scheduler Skipped queueing frappe.website.doctype.web_page.web_page.check_publish_status because it was found in queue for development.localhost
2026-01-16 19:03:11,534 ERROR scheduler Skipped queueing frappe.core.doctype.prepared_report.prepared_report.expire_stalled_report because it was found in queue for development.localhost
2026-01-16 19:03:11,553 ERROR scheduler Skipped queueing crm.lead_syncing.background_sync.sync_leads_from_sources_hourly because it was found in queue for development.localhost
2026-01-16 19:03:11,562 ERROR scheduler Skipped queueing frappe.oauth.delete_oauth2_data because it was found in queue for development.localhost
2026-01-16 19:03:11,567 ERROR scheduler Skipped queueing frappe.website.doctype.personal_data_deletion_request.personal_data_deletion_request.process_data_deletion_request because it was found in queue for development.localhost
2026-01-16 19:03:11,572 ERROR scheduler Skipped queueing frappe.desk.form.document_follow.send_hourly_updates because it was found in queue for development.localhost
2026-01-16 19:03:11,594 ERROR scheduler Skipped queueing frappe.desk.utils.delete_old_exported_report_files because it was found in queue for development.localhost
2026-01-16 19:03:11,644 ERROR scheduler Skipped queueing frappe.desk.page.backups.backups.delete_downloadable_backups because it was found in queue for development.localhost
2026-01-16 19:03:11,660 ERROR scheduler Skipped queueing frappe.search.sqlite_search.build_index_if_not_exists because it was found in queue for development.localhost
2026-01-16 19:03:11,666 ERROR scheduler Skipped queueing frappe.model.utils.user_settings.sync_user_settings because it was found in queue for development.localhost
2026-01-16 19:23:20,711 ERROR scheduler Skipped queueing frappe.integrations.doctype.google_calendar.google_calendar.sync because it was found in queue for development.localhost
2026-01-16 19:23:20,864 ERROR scheduler Skipped queueing frappe.email.queue.flush because it was found in queue for development.localhost
2026-01-16 21:12:50,294 ERROR scheduler Skipped queueing frappe.model.utils.link_count.update_link_count because it was found in queue for development.localhost
2026-01-16 21:12:50,396 ERROR scheduler Skipped queueing crm.lead_syncing.background_sync.sync_leads_from_sources_10_minutes because it was found in queue for development.localhost
2026-01-16 21:12:50,424 ERROR scheduler Skipped queueing frappe.core.doctype.prepared_report.prepared_report.expire_stalled_report because it was found in queue for development.localhost
2026-01-16 21:12:50,494 ERROR scheduler Skipped queueing frappe.oauth.delete_oauth2_data because it was found in queue for development.localhost
2026-01-16 21:12:50,514 ERROR scheduler Skipped queueing frappe.email.doctype.email_account.email_account.notify_unreplied because it was found in queue for development.localhost
2026-01-16 21:12:50,574 ERROR scheduler Skipped queueing crm.lead_syncing.background_sync.sync_leads_from_sources_15_minutes because it was found in queue for development.localhost
2026-01-16 21:12:50,616 ERROR scheduler Skipped queueing frappe.email.queue.retry_sending_emails because it was found in queue for development.localhost
2026-01-16 21:12:50,694 ERROR scheduler Skipped queueing frappe.monitor.flush because it was found in queue for development.localhost
2026-01-16 21:12:50,746 ERROR scheduler Skipped queueing crm.lead_syncing.background_sync.sync_leads_from_sources_5_minutes because it was found in queue for development.localhost
2026-01-16 21:12:50,893 ERROR scheduler Skipped queueing frappe.desk.utils.delete_old_exported_report_files because it was found in queue for development.localhost
2026-01-16 21:12:50,923 ERROR scheduler Skipped queueing frappe.pulse.client.send_queued_events because it was found in queue for development.localhost
2026-01-16 21:12:50,944 ERROR scheduler Skipped queueing frappe.desk.page.backups.backups.delete_downloadable_backups because it was found in queue for development.localhost
2026-01-16 21:12:51,047 ERROR scheduler Skipped queueing frappe.website.doctype.web_page.web_page.check_publish_status because it was found in queue for development.localhost
2026-01-16 21:12:51,113 ERROR scheduler Skipped queueing crm.lead_syncing.background_sync.sync_leads_from_sources_hourly because it was found in queue for development.localhost
2026-01-16 21:12:51,278 ERROR scheduler Skipped queueing frappe.search.sqlite_search.build_index_if_not_exists because it was found in queue for development.localhost
2026-01-16 21:12:51,351 ERROR scheduler Skipped queueing frappe.email.queue.flush because it was found in queue for development.localhost
2026-01-16 21:12:51,398 ERROR scheduler Skipped queueing frappe.email.doctype.email_account.email_account.pull because it was found in queue for development.localhost
2026-01-16 21:12:51,452 ERROR scheduler Skipped queueing frappe.desk.form.document_follow.send_hourly_updates because it was found in queue for development.localhost
2026-01-16 21:12:51,497 ERROR scheduler Skipped queueing frappe.website.doctype.personal_data_deletion_request.personal_data_deletion_request.process_data_deletion_request because it was found in queue for development.localhost
2026-01-16 21:12:51,534 ERROR scheduler Skipped queueing frappe.utils.global_search.sync_global_search because it was found in queue for development.localhost
2026-01-16 21:12:51,573 ERROR scheduler Skipped queueing frappe.automation.doctype.reminder.reminder.send_reminders because it was found in queue for development.localhost
2026-01-16 21:12:51,601 ERROR scheduler Skipped queueing frappe.model.utils.user_settings.sync_user_settings because it was found in queue for development.localhost
2026-01-16 21:12:51,628 ERROR scheduler Skipped queueing frappe.integrations.doctype.google_calendar.google_calendar.sync because it was found in queue for development.localhost
2026-01-16 21:13:52,235 ERROR scheduler Skipped queueing frappe.utils.global_search.sync_global_search because it was found in queue for development.localhost
2026-01-16 21:13:52,300 ERROR scheduler Skipped queueing frappe.email.doctype.email_account.email_account.notify_unreplied because it was found in queue for development.localhost
2026-01-16 21:13:52,607 ERROR scheduler Skipped queueing frappe.model.utils.user_settings.sync_user_settings because it was found in queue for development.localhost
2026-01-16 21:13:52,758 ERROR scheduler Skipped queueing frappe.automation.doctype.reminder.reminder.send_reminders because it was found in queue for development.localhost
2026-01-16 21:13:52,836 ERROR scheduler Skipped queueing frappe.core.doctype.prepared_report.prepared_report.expire_stalled_report because it was found in queue for development.localhost
2026-01-16 21:13:52,999 ERROR scheduler Skipped queueing frappe.website.doctype.web_page.web_page.check_publish_status because it was found in queue for development.localhost
2026-01-16 21:13:53,238 ERROR scheduler Skipped queueing frappe.oauth.delete_oauth2_data because it was found in queue for development.localhost
2026-01-16 21:13:53,357 ERROR scheduler Skipped queueing frappe.model.utils.link_count.update_link_count because it was found in queue for development.localhost
2026-01-16 21:13:53,467 ERROR scheduler Skipped queueing frappe.email.queue.flush because it was found in queue for development.localhost
2026-01-16 21:13:53,540 ERROR scheduler Skipped queueing frappe.desk.form.document_follow.send_hourly_updates because it was found in queue for development.localhost
2026-01-16 21:13:53,647 ERROR scheduler Skipped queueing frappe.desk.utils.delete_old_exported_report_files because it was found in queue for development.localhost
2026-01-16 21:13:53,811 ERROR scheduler Skipped queueing frappe.pulse.client.send_queued_events because it was found in queue for development.localhost
2026-01-16 21:13:53,971 ERROR scheduler Skipped queueing frappe.monitor.flush because it was found in queue for development.localhost
2026-01-16 21:13:54,173 ERROR scheduler Skipped queueing crm.lead_syncing.background_sync.sync_leads_from_sources_10_minutes because it was found in queue for development.localhost
2026-01-16 21:13:54,264 ERROR scheduler Skipped queueing crm.lead_syncing.background_sync.sync_leads_from_sources_5_minutes because it was found in queue for development.localhost
2026-01-16 21:13:54,316 ERROR scheduler Skipped queueing frappe.desk.page.backups.backups.delete_downloadable_backups because it was found in queue for development.localhost
2026-01-16 21:13:54,404 ERROR scheduler Skipped queueing frappe.website.doctype.personal_data_deletion_request.personal_data_deletion_request.process_data_deletion_request because it was found in queue for development.localhost
2026-01-16 21:13:54,451 ERROR scheduler Skipped queueing crm.lead_syncing.background_sync.sync_leads_from_sources_hourly because it was found in queue for development.localhost
2026-01-16 21:13:54,521 ERROR scheduler Skipped queueing frappe.email.doctype.email_account.email_account.pull because it was found in queue for development.localhost
2026-01-16 21:13:54,557 ERROR scheduler Skipped queueing frappe.search.sqlite_search.build_index_if_not_exists because it was found in queue for development.localhost
2026-01-16 21:14:54,757 ERROR scheduler Skipped queueing crm.lead_syncing.background_sync.sync_leads_from_sources_hourly because it was found in queue for development.localhost
2026-01-16 21:14:54,793 ERROR scheduler Skipped queueing frappe.oauth.delete_oauth2_data because it was found in queue for development.localhost
2026-01-16 21:14:54,823 ERROR scheduler Skipped queueing frappe.desk.page.backups.backups.delete_downloadable_backups because it was found in queue for development.localhost
2026-01-16 21:14:54,855 ERROR scheduler Skipped queueing frappe.utils.global_search.sync_global_search because it was found in queue for development.localhost
2026-01-16 21:14:54,958 ERROR scheduler Skipped queueing frappe.model.utils.user_settings.sync_user_settings because it was found in queue for development.localhost
2026-01-16 21:14:55,068 ERROR scheduler Skipped queueing frappe.core.doctype.prepared_report.prepared_report.expire_stalled_report because it was found in queue for development.localhost
2026-01-16 21:14:55,084 ERROR scheduler Skipped queueing frappe.pulse.client.send_queued_events because it was found in queue for development.localhost
2026-01-16 21:14:55,144 ERROR scheduler Skipped queueing frappe.desk.form.document_follow.send_hourly_updates because it was found in queue for development.localhost
2026-01-16 21:14:55,164 ERROR scheduler Skipped queueing frappe.email.doctype.email_account.email_account.pull because it was found in queue for development.localhost
2026-01-16 21:14:55,179 ERROR scheduler Skipped queueing crm.lead_syncing.background_sync.sync_leads_from_sources_5_minutes because it was found in queue for development.localhost
2026-01-16 21:14:55,201 ERROR scheduler Skipped queueing frappe.website.doctype.web_page.web_page.check_publish_status because it was found in queue for development.localhost
2026-01-16 21:14:55,215 ERROR scheduler Skipped queueing frappe.desk.utils.delete_old_exported_report_files because it was found in queue for development.localhost
2026-01-16 21:14:55,265 ERROR scheduler Skipped queueing frappe.website.doctype.personal_data_deletion_request.personal_data_deletion_request.process_data_deletion_request because it was found in queue for development.localhost
2026-01-16 21:15:56,503 ERROR scheduler Skipped queueing frappe.website.doctype.personal_data_deletion_request.personal_data_deletion_request.process_data_deletion_request because it was found in queue for development.localhost
2026-01-16 21:15:56,556 ERROR scheduler Skipped queueing frappe.model.utils.user_settings.sync_user_settings because it was found in queue for development.localhost
2026-01-16 21:15:56,779 ERROR scheduler Skipped queueing crm.lead_syncing.background_sync.sync_leads_from_sources_hourly because it was found in queue for development.localhost
2026-01-16 21:15:56,987 ERROR scheduler Skipped queueing frappe.desk.page.backups.backups.delete_downloadable_backups because it was found in queue for development.localhost
2026-01-16 21:15:57,051 ERROR scheduler Skipped queueing frappe.oauth.delete_oauth2_data because it was found in queue for development.localhost
2026-01-16 21:15:57,415 ERROR scheduler Skipped queueing frappe.desk.utils.delete_old_exported_report_files because it was found in queue for development.localhost
2026-01-16 21:16:57,782 ERROR scheduler Skipped queueing crm.lead_syncing.background_sync.sync_leads_from_sources_hourly because it was found in queue for development.localhost
2026-01-16 21:16:57,862 ERROR scheduler Skipped queueing frappe.model.utils.user_settings.sync_user_settings because it was found in queue for development.localhost
2026-01-16 21:16:57,953 ERROR scheduler Skipped queueing frappe.oauth.delete_oauth2_data because it was found in queue for development.localhost
2026-01-16 21:16:58,302 ERROR scheduler Skipped queueing frappe.website.doctype.personal_data_deletion_request.personal_data_deletion_request.process_data_deletion_request because it was found in queue for development.localhost
2026-01-16 21:16:58,526 ERROR scheduler Skipped queueing frappe.desk.page.backups.backups.delete_downloadable_backups because it was found in queue for development.localhost
2026-01-16 21:16:58,625 ERROR scheduler Skipped queueing frappe.model.utils.link_count.update_link_count because it was found in queue for development.localhost
2026-01-16 21:17:59,138 ERROR scheduler Skipped queueing frappe.oauth.delete_oauth2_data because it was found in queue for development.localhost
2026-01-20 12:26:25,486 ERROR scheduler Skipped queueing crm.lead_syncing.background_sync.sync_leads_from_sources_daily because it was found in queue for development.localhost
2026-01-20 12:26:25,500 ERROR scheduler Skipped queueing frappe.email.doctype.auto_email_report.auto_email_report.send_daily because it was found in queue for development.localhost
2026-01-20 12:26:25,553 ERROR scheduler Skipped queueing frappe.integrations.doctype.dropbox_settings.dropbox_settings.take_backups_daily because it was found in queue for development.localhost
2026-01-20 12:26:25,562 ERROR scheduler Skipped queueing frappe.website.doctype.web_page.web_page.check_publish_status because it was found in queue for development.localhost
2026-01-20 12:26:25,570 ERROR scheduler Skipped queueing frappe.social.doctype.energy_point_settings.energy_point_settings.allocate_review_points because it was found in queue for development.localhost
2026-01-20 12:26:25,584 ERROR scheduler Skipped queueing frappe.core.doctype.user_invitation.user_invitation.mark_expired_invitations because it was found in queue for development.localhost
2026-01-20 12:26:25,598 ERROR scheduler Skipped queueing frappe.oauth.delete_oauth2_data because it was found in queue for development.localhost
2026-01-20 12:26:25,680 ERROR scheduler Skipped queueing frappe.desk.page.backups.backups.delete_downloadable_backups because it was found in queue for development.localhost
2026-01-20 12:26:25,691 ERROR scheduler Skipped queueing frappe.desk.form.document_follow.send_hourly_updates because it was found in queue for development.localhost
2026-01-20 12:26:25,706 ERROR scheduler Skipped queueing frappe.desk.utils.delete_old_exported_report_files because it was found in queue for development.localhost
2026-01-20 12:26:25,720 ERROR scheduler Skipped queueing frappe.integrations.doctype.google_drive.google_drive.daily_backup because it was found in queue for development.localhost
2026-01-20 20:32:23,469 ERROR scheduler Skipped queueing frappe.twofactor.delete_all_barcodes_for_users because it was found in queue for development.localhost
2026-01-20 20:32:23,544 ERROR scheduler Skipped queueing frappe.model.utils.link_count.update_link_count because it was found in queue for development.localhost
2026-01-20 20:32:23,558 ERROR scheduler Skipped queueing frappe.website.doctype.personal_data_deletion_request.personal_data_deletion_request.process_data_deletion_request because it was found in queue for development.localhost
2026-01-20 20:32:23,578 ERROR scheduler Skipped queueing frappe.website.doctype.web_page.web_page.check_publish_status because it was found in queue for development.localhost
2026-01-20 20:32:23,604 ERROR scheduler Skipped queueing frappe.desk.form.document_follow.send_hourly_updates because it was found in queue for development.localhost
2026-01-20 20:32:23,625 ERROR scheduler Skipped queueing frappe.desk.page.backups.backups.delete_downloadable_backups because it was found in queue for development.localhost
2026-01-20 20:32:23,640 ERROR scheduler Skipped queueing frappe.desk.utils.delete_old_exported_report_files because it was found in queue for development.localhost
2026-01-20 20:32:23,650 ERROR scheduler Skipped queueing frappe.email.doctype.newsletter.newsletter.send_scheduled_email because it was found in queue for development.localhost
2026-01-20 20:32:23,685 ERROR scheduler Skipped queueing frappe.oauth.delete_oauth2_data because it was found in queue for development.localhost
2026-01-20 20:32:23,699 ERROR scheduler Skipped queueing frappe.email.doctype.email_account.email_account.pull because it was found in queue for development.localhost
2026-01-20 20:32:23,707 ERROR scheduler Skipped queueing frappe.email.doctype.email_account.email_account.notify_unreplied because it was found in queue for development.localhost
2026-01-20 20:32:23,722 ERROR scheduler Skipped queueing frappe.automation.doctype.reminder.reminder.send_reminders because it was found in queue for development.localhost
2026-01-20 20:32:23,763 ERROR scheduler Skipped queueing frappe.core.doctype.prepared_report.prepared_report.expire_stalled_report because it was found in queue for development.localhost
2026-01-20 20:32:23,775 ERROR scheduler Skipped queueing crm.lead_syncing.background_sync.sync_leads_from_sources_hourly because it was found in queue for development.localhost
2026-01-20 20:32:23,789 ERROR scheduler Skipped queueing frappe.model.utils.user_settings.sync_user_settings because it was found in queue for development.localhost
2026-01-21 00:01:10,239 ERROR scheduler Skipped queueing crm.lead_syncing.background_sync.sync_leads_from_sources_daily because it was found in queue for development.localhost
2026-01-21 00:01:10,290 ERROR scheduler Skipped queueing frappe.automation.doctype.auto_repeat.auto_repeat.make_auto_repeat_entry because it was found in queue for development.localhost
2026-01-21 00:01:10,314 ERROR scheduler Skipped queueing frappe.social.doctype.energy_point_settings.energy_point_settings.allocate_review_points because it was found in queue for development.localhost
2026-01-21 00:01:10,331 ERROR scheduler Skipped queueing frappe.website.doctype.web_page.web_page.check_publish_status because it was found in queue for development.localhost
2026-01-21 00:01:10,341 ERROR scheduler Skipped queueing crm.lead_syncing.background_sync.sync_leads_from_sources_hourly because it was found in queue for development.localhost
2026-01-21 00:01:10,358 ERROR scheduler Skipped queueing frappe.integrations.doctype.s3_backup_settings.s3_backup_settings.take_backups_daily because it was found in queue for development.localhost
2026-01-21 00:01:10,420 ERROR scheduler Skipped queueing frappe.desk.form.document_follow.send_hourly_updates because it was found in queue for development.localhost
2026-01-21 00:01:10,448 ERROR scheduler Skipped queueing frappe.integrations.doctype.google_contacts.google_contacts.sync because it was found in queue for development.localhost
2026-01-21 00:01:10,458 ERROR scheduler Skipped queueing frappe.sessions.clear_expired_sessions because it was found in queue for development.localhost
2026-01-21 09:26:50,568 ERROR scheduler Skipped queueing frappe.desk.form.document_follow.send_hourly_updates because it was found in queue for development.localhost
2026-01-21 09:26:50,578 ERROR scheduler Skipped queueing frappe.oauth.delete_oauth2_data because it was found in queue for development.localhost
2026-01-21 09:26:50,595 ERROR scheduler Skipped queueing frappe.model.utils.user_settings.sync_user_settings because it was found in queue for development.localhost
2026-01-21 09:26:50,625 ERROR scheduler Skipped queueing frappe.desk.page.backups.backups.delete_downloadable_backups because it was found in queue for development.localhost
2026-01-21 09:26:50,648 ERROR scheduler Skipped queueing frappe.website.doctype.personal_data_deletion_request.personal_data_deletion_request.process_data_deletion_request because it was found in queue for development.localhost
2026-01-21 09:26:50,676 ERROR scheduler Skipped queueing frappe.twofactor.delete_all_barcodes_for_users because it was found in queue for development.localhost
2026-01-21 09:26:50,685 ERROR scheduler Skipped queueing frappe.desk.utils.delete_old_exported_report_files because it was found in queue for development.localhost
2026-01-21 09:26:50,691 ERROR scheduler Skipped queueing frappe.core.doctype.prepared_report.prepared_report.expire_stalled_report because it was found in queue for development.localhost
2026-01-21 17:01:16,272 ERROR scheduler Skipped queueing frappe.monitor.flush because it was found in queue for development.localhost
2026-01-21 17:01:16,300 ERROR scheduler Skipped queueing frappe.email.doctype.newsletter.newsletter.send_scheduled_email because it was found in queue for development.localhost
2026-01-21 17:01:16,311 ERROR scheduler Skipped queueing frappe.model.utils.user_settings.sync_user_settings because it was found in queue for development.localhost
2026-01-21 17:01:16,344 ERROR scheduler Skipped queueing frappe.desk.form.document_follow.send_hourly_updates because it was found in queue for development.localhost
2026-01-21 17:01:16,373 ERROR scheduler Skipped queueing crm.lead_syncing.background_sync.sync_leads_from_sources_hourly because it was found in queue for development.localhost
2026-01-21 17:01:16,393 ERROR scheduler Skipped queueing frappe.email.queue.retry_sending_emails because it was found in queue for development.localhost
2026-01-21 17:01:16,466 ERROR scheduler Skipped queueing frappe.website.doctype.web_page.web_page.check_publish_status because it was found in queue for development.localhost
2026-01-21 17:01:16,503 ERROR scheduler Skipped queueing frappe.desk.page.backups.backups.delete_downloadable_backups because it was found in queue for development.localhost
2026-01-21 17:01:16,517 ERROR scheduler Skipped queueing frappe.email.doctype.email_account.email_account.notify_unreplied because it was found in queue for development.localhost
2026-01-21 17:01:16,565 ERROR scheduler Skipped queueing frappe.utils.global_search.sync_global_search because it was found in queue for development.localhost
2026-01-21 17:01:16,640 ERROR scheduler Skipped queueing frappe.email.queue.flush because it was found in queue for development.localhost
2026-01-21 17:01:16,660 ERROR scheduler Skipped queueing frappe.desk.utils.delete_old_exported_report_files because it was found in queue for development.localhost
2026-01-21 17:01:16,689 ERROR scheduler Skipped queueing frappe.website.doctype.personal_data_deletion_request.personal_data_deletion_request.process_data_deletion_request because it was found in queue for development.localhost
2026-01-21 17:01:16,711 ERROR scheduler Skipped queueing crm.lead_syncing.background_sync.sync_leads_from_sources_10_minutes because it was found in queue for development.localhost
2026-01-21 17:01:16,731 ERROR scheduler Skipped queueing frappe.twofactor.delete_all_barcodes_for_users because it was found in queue for development.localhost
2026-01-21 17:01:16,843 ERROR scheduler Skipped queueing frappe.core.doctype.prepared_report.prepared_report.expire_stalled_report because it was found in queue for development.localhost
2026-01-21 17:01:16,867 ERROR scheduler Skipped queueing frappe.oauth.delete_oauth2_data because it was found in queue for development.localhost
2026-01-21 17:02:17,168 ERROR scheduler Skipped queueing crm.lead_syncing.background_sync.sync_leads_from_sources_hourly because it was found in queue for development.localhost
2026-01-21 17:02:17,191 ERROR scheduler Skipped queueing frappe.desk.utils.delete_old_exported_report_files because it was found in queue for development.localhost
2026-01-21 17:02:17,222 ERROR scheduler Skipped queueing frappe.website.doctype.personal_data_deletion_request.personal_data_deletion_request.process_data_deletion_request because it was found in queue for development.localhost
2026-01-21 17:02:17,269 ERROR scheduler Skipped queueing frappe.website.doctype.web_page.web_page.check_publish_status because it was found in queue for development.localhost
2026-01-21 17:02:17,345 ERROR scheduler Skipped queueing frappe.desk.page.backups.backups.delete_downloadable_backups because it was found in queue for development.localhost
2026-01-21 17:16:26,919 ERROR scheduler Skipped queueing frappe.utils.global_search.sync_global_search because it was found in queue for development.localhost
2026-01-21 17:16:27,051 ERROR scheduler Skipped queueing frappe.model.utils.link_count.update_link_count because it was found in queue for development.localhost
2026-01-25 00:01:18,231 ERROR scheduler Skipped queueing frappe.desk.doctype.changelog_feed.changelog_feed.fetch_changelog_feed because it was found in queue for development.localhost
2026-01-25 00:01:18,279 ERROR scheduler Skipped queueing crm.lead_syncing.background_sync.sync_leads_from_sources_hourly because it was found in queue for development.localhost
2026-01-26 10:29:49,710 ERROR scheduler Skipped queueing frappe.twofactor.delete_all_barcodes_for_users because it was found in queue for development.localhost
2026-01-26 10:29:49,713 ERROR scheduler Skipped queueing frappe.social.doctype.energy_point_settings.energy_point_settings.allocate_review_points because it was found in queue for development.localhost
2026-01-26 10:29:49,722 ERROR scheduler Skipped queueing frappe.core.doctype.log_settings.log_settings.run_log_clean_up because it was found in queue for development.localhost
2026-01-26 10:29:49,729 ERROR scheduler Skipped queueing frappe.core.doctype.user_invitation.user_invitation.mark_expired_invitations because it was found in queue for development.localhost
2026-01-26 10:29:49,734 ERROR scheduler Skipped queueing crm.lead_syncing.background_sync.sync_leads_from_sources_hourly because it was found in queue for development.localhost
2026-01-26 10:29:49,743 ERROR scheduler Skipped queueing frappe.website.doctype.web_page.web_page.check_publish_status because it was found in queue for development.localhost
2026-01-26 10:29:49,747 ERROR scheduler Skipped queueing frappe.integrations.doctype.google_drive.google_drive.daily_backup because it was found in queue for development.localhost
2026-01-26 10:29:49,760 ERROR scheduler Skipped queueing frappe.email.doctype.auto_email_report.auto_email_report.send_daily because it was found in queue for development.localhost
2026-01-26 10:29:49,768 ERROR scheduler Skipped queueing frappe.desk.form.document_follow.send_hourly_updates because it was found in queue for development.localhost
2026-01-26 10:29:49,771 ERROR scheduler Skipped queueing frappe.core.doctype.prepared_report.prepared_report.expire_stalled_report because it was found in queue for development.localhost
2026-01-26 10:29:49,778 ERROR scheduler Skipped queueing frappe.integrations.doctype.s3_backup_settings.s3_backup_settings.take_backups_daily because it was found in queue for development.localhost
2026-01-26 10:29:49,802 ERROR scheduler Skipped queueing frappe.desk.notifications.clear_notifications because it was found in queue for development.localhost
2026-01-26 10:29:49,809 ERROR scheduler Skipped queueing frappe.website.doctype.personal_data_deletion_request.personal_data_deletion_request.process_data_deletion_request because it was found in queue for development.localhost
2026-01-26 10:29:49,818 ERROR scheduler Skipped queueing frappe.desk.page.backups.backups.delete_downloadable_backups because it was found in queue for development.localhost
2026-01-26 10:29:49,824 ERROR scheduler Skipped queueing frappe.integrations.doctype.google_contacts.google_contacts.sync because it was found in queue for development.localhost
2026-01-26 10:29:49,836 ERROR scheduler Skipped queueing frappe.website.doctype.personal_data_deletion_request.personal_data_deletion_request.remove_unverified_record because it was found in queue for development.localhost
2026-01-26 10:29:49,841 ERROR scheduler Skipped queueing crm.lead_syncing.background_sync.sync_leads_from_sources_daily because it was found in queue for development.localhost
2026-01-26 10:29:49,847 ERROR scheduler Skipped queueing frappe.integrations.doctype.dropbox_settings.dropbox_settings.take_backups_daily because it was found in queue for development.localhost
2026-01-26 10:29:49,856 ERROR scheduler Skipped queueing frappe.automation.doctype.auto_repeat.auto_repeat.make_auto_repeat_entry because it was found in queue for development.localhost
2026-01-26 10:29:49,863 ERROR scheduler Skipped queueing frappe.desk.utils.delete_old_exported_report_files because it was found in queue for development.localhost
2026-01-26 10:29:49,868 ERROR scheduler Skipped queueing frappe.sessions.clear_expired_sessions because it was found in queue for development.localhost
2026-01-26 16:47:44,395 ERROR scheduler Skipped queueing frappe.deferred_insert.save_to_db because it was found in queue for development.localhost
2026-01-26 16:47:44,512 ERROR scheduler Skipped queueing frappe.search.sqlite_search.build_index_if_not_exists because it was found in queue for development.localhost
2026-01-26 16:47:44,524 ERROR scheduler Skipped queueing crm.lead_syncing.background_sync.sync_leads_from_sources_5_minutes because it was found in queue for development.localhost
2026-01-26 16:47:44,530 ERROR scheduler Skipped queueing frappe.pulse.client.send_queued_events because it was found in queue for development.localhost
2026-01-26 16:47:44,550 ERROR scheduler Skipped queueing frappe.automation.doctype.reminder.reminder.send_reminders because it was found in queue for development.localhost
2026-01-26 16:51:46,053 ERROR scheduler Skipped queueing frappe.email.queue.flush because it was found in queue for development.localhost
2026-01-26 16:51:46,356 ERROR scheduler Skipped queueing frappe.monitor.flush because it was found in queue for development.localhost
2026-01-26 16:51:46,631 ERROR scheduler Skipped queueing frappe.email.queue.retry_sending_emails because it was found in queue for development.localhost
2026-01-26 23:09:50,711 ERROR scheduler Skipped queueing frappe.monitor.flush because it was found in queue for development.localhost
2026-01-26 23:09:51,080 ERROR scheduler Skipped queueing frappe.email.queue.flush because it was found in queue for development.localhost
2026-01-26 23:09:51,129 ERROR scheduler Skipped queueing frappe.integrations.doctype.google_calendar.google_calendar.sync because it was found in queue for development.localhost
2026-01-26 23:09:51,218 ERROR scheduler Skipped queueing frappe.email.queue.retry_sending_emails because it was found in queue for development.localhost
2026-01-26 23:36:39,586 ERROR scheduler Skipped queueing crm.lead_syncing.background_sync.sync_leads_from_sources_10_minutes because it was found in queue for development.localhost
2026-01-26 23:36:42,905 ERROR scheduler Skipped queueing frappe.deferred_insert.save_to_db because it was found in queue for development.localhost
2026-01-26 23:36:44,964 ERROR scheduler Skipped queueing frappe.email.doctype.email_account.email_account.pull because it was found in queue for development.localhost
2026-01-26 23:36:45,914 ERROR scheduler Skipped queueing frappe.search.sqlite_search.build_index_if_not_exists because it was found in queue for development.localhost
2026-01-26 23:36:50,428 ERROR scheduler Skipped queueing frappe.monitor.flush because it was found in queue for development.localhost
2026-01-26 23:36:52,606 ERROR scheduler Skipped queueing frappe.utils.global_search.sync_global_search because it was found in queue for development.localhost
2026-01-26 23:36:52,654 ERROR scheduler Skipped queueing frappe.email.queue.retry_sending_emails because it was found in queue for development.localhost
2026-01-26 23:36:52,670 ERROR scheduler Skipped queueing frappe.email.doctype.email_account.email_account.notify_unreplied because it was found in queue for development.localhost
2026-01-26 23:36:52,698 ERROR scheduler Skipped queueing frappe.pulse.client.send_queued_events because it was found in queue for development.localhost
2026-01-26 23:39:00,208 ERROR scheduler Skipped queueing frappe.email.doctype.email_account.email_account.pull because it was found in queue for development.localhost
2026-01-26 23:39:00,284 ERROR scheduler Skipped queueing frappe.utils.global_search.sync_global_search because it was found in queue for development.localhost
2026-01-26 23:39:00,329 ERROR scheduler Skipped queueing crm.lead_syncing.background_sync.sync_leads_from_sources_10_minutes because it was found in queue for development.localhost
2026-01-26 23:39:00,583 ERROR scheduler Skipped queueing frappe.email.queue.retry_sending_emails because it was found in queue for development.localhost
2026-01-26 23:39:00,703 ERROR scheduler Skipped queueing frappe.integrations.doctype.google_calendar.google_calendar.sync because it was found in queue for development.localhost
2026-01-26 23:39:00,730 ERROR scheduler Skipped queueing frappe.email.queue.flush because it was found in queue for development.localhost
2026-01-26 23:39:00,764 ERROR scheduler Skipped queueing frappe.monitor.flush because it was found in queue for development.localhost
2026-01-27 00:00:47,818 ERROR scheduler Exception in Enqueue Events for Site development.localhost
Traceback (most recent call last):
  File "/workspace/development/frappe-bench/env/lib/python3.10/site-packages/pymysql/connections.py", line 806, in _write_bytes
    self._sock.sendall(data)
ConnectionResetError: [Errno 104] Connection reset by peer

During handling of the above exception, another exception occurred:

Traceback (most recent call last):
  File "/workspace/development/frappe-bench/apps/frappe/frappe/utils/scheduler.py", line 99, in enqueue_events_for_site
    if is_scheduler_inactive():
  File "/workspace/development/frappe-bench/apps/frappe/frappe/utils/scheduler.py", line 143, in is_scheduler_inactive
    if is_scheduler_disabled(verbose=verbose):
  File "/workspace/development/frappe-bench/apps/frappe/frappe/utils/scheduler.py", line 156, in is_scheduler_disabled
    frappe.db.get_single_value("System Settings", "enable_scheduler")
  File "/workspace/development/frappe-bench/apps/frappe/frappe/database/database.py", line 836, in get_single_value
    ).run()
  File "/workspace/development/frappe-bench/apps/frappe/frappe/query_builder/utils.py", line 87, in execute_query
    result = frappe.db.sql(query, params, *args, **kwargs)  # nosemgrep
  File "/workspace/development/frappe-bench/apps/frappe/frappe/database/database.py", line 207, in sql
    self.connect()
  File "/workspace/development/frappe-bench/apps/frappe/frappe/database/database.py", line 112, in connect
    self._conn: MariadbConnection | PostgresConnection = self.get_connection()
  File "/workspace/development/frappe-bench/apps/frappe/frappe/database/mariadb/database.py", line 108, in get_connection
    conn = self._get_connection()
  File "/workspace/development/frappe-bench/apps/frappe/frappe/database/mariadb/database.py", line 114, in _get_connection
    return self.create_connection()
  File "/workspace/development/frappe-bench/apps/frappe/frappe/database/mariadb/database.py", line 117, in create_connection
    return pymysql.connect(**self.get_connection_settings())
  File "/workspace/development/frappe-bench/env/lib/python3.10/site-packages/pymysql/connections.py", line 361, in __init__
    self.connect()
  File "/workspace/development/frappe-bench/env/lib/python3.10/site-packages/pymysql/connections.py", line 669, in connect
    self._request_authentication()
  File "/workspace/development/frappe-bench/env/lib/python3.10/site-packages/pymysql/connections.py", line 956, in _request_authentication
    self.write_packet(data)
  File "/workspace/development/frappe-bench/env/lib/python3.10/site-packages/pymysql/connections.py", line 732, in write_packet
    self._write_bytes(data)
  File "/workspace/development/frappe-bench/env/lib/python3.10/site-packages/pymysql/connections.py", line 809, in _write_bytes
    raise err.OperationalError(
pymysql.err.OperationalError: (2006, "MySQL server has gone away (ConnectionResetError(104, 'Connection reset by peer'))")
2026-01-27 00:05:32,816 ERROR scheduler Skipped queueing frappe.core.doctype.user_invitation.user_invitation.mark_expired_invitations because it was found in queue for development.localhost
2026-01-27 00:05:32,901 ERROR scheduler Skipped queueing frappe.oauth.delete_oauth2_data because it was found in queue for development.localhost
2026-01-27 00:05:32,910 ERROR scheduler Skipped queueing frappe.website.doctype.web_page.web_page.check_publish_status because it was found in queue for development.localhost
2026-01-27 00:05:32,922 ERROR scheduler Skipped queueing frappe.desk.page.backups.backups.delete_downloadable_backups because it was found in queue for development.localhost
2026-01-27 00:05:32,929 ERROR scheduler Skipped queueing frappe.model.utils.user_settings.sync_user_settings because it was found in queue for development.localhost
2026-01-27 00:05:32,942 ERROR scheduler Skipped queueing frappe.website.doctype.personal_data_deletion_request.personal_data_deletion_request.remove_unverified_record because it was found in queue for development.localhost
2026-01-27 00:05:32,969 ERROR scheduler Skipped queueing frappe.integrations.doctype.dropbox_settings.dropbox_settings.take_backups_daily because it was found in queue for development.localhost
2026-01-27 00:05:32,983 ERROR scheduler Skipped queueing frappe.integrations.doctype.google_drive.google_drive.daily_backup because it was found in queue for development.localhost
2026-01-27 00:05:32,991 ERROR scheduler Skipped queueing frappe.desk.form.document_follow.send_hourly_updates because it was found in queue for development.localhost
2026-01-27 00:05:33,010 ERROR scheduler Skipped queueing frappe.social.doctype.energy_point_settings.energy_point_settings.allocate_review_points because it was found in queue for development.localhost
2026-01-27 00:05:33,057 ERROR scheduler Skipped queueing frappe.email.doctype.auto_email_report.auto_email_report.send_daily because it was found in queue for development.localhost
2026-01-27 00:05:33,072 ERROR scheduler Skipped queueing frappe.sessions.clear_expired_sessions because it was found in queue for development.localhost
2026-01-27 00:05:33,085 ERROR scheduler Skipped queueing frappe.core.doctype.log_settings.log_settings.run_log_clean_up because it was found in queue for development.localhost
2026-01-27 00:05:33,098 ERROR scheduler Skipped queueing frappe.website.doctype.personal_data_deletion_request.personal_data_deletion_request.process_data_deletion_request because it was found in queue for development.localhost
2026-01-27 00:05:33,109 ERROR scheduler Skipped queueing frappe.twofactor.delete_all_barcodes_for_users because it was found in queue for development.localhost
2026-01-27 00:05:33,120 ERROR scheduler Skipped queueing frappe.automation.doctype.auto_repeat.auto_repeat.make_auto_repeat_entry because it was found in queue for development.localhost
2026-01-27 00:05:33,130 ERROR scheduler Skipped queueing crm.lead_syncing.background_sync.sync_leads_from_sources_hourly because it was found in queue for development.localhost
2026-01-30 12:18:03,060 ERROR scheduler Exception in Enqueue Events for Site development.localhost
Traceback (most recent call last):
  File "/workspace/development/frappe-bench/apps/frappe/frappe/utils/caching.py", line 57, in wrapper
    return frappe.local.request_cache[func][args_key]
KeyError: 5740354900026072187

During handling of the above exception, another exception occurred:

Traceback (most recent call last):
  File "/workspace/development/frappe-bench/apps/frappe/frappe/utils/scheduler.py", line 102, in enqueue_events_for_site
    enqueue_events(site=site)
  File "/workspace/development/frappe-bench/apps/frappe/frappe/utils/scheduler.py", line 117, in enqueue_events
    all_jobs = frappe.get_all("Scheduled Job Type", filters={"stopped": 0}, fields="*")
  File "/workspace/development/frappe-bench/apps/frappe/frappe/__init__.py", line 2047, in get_all
    return get_list(doctype, *args, **kwargs)
  File "/workspace/development/frappe-bench/apps/frappe/frappe/__init__.py", line 2022, in get_list
    return frappe.model.db_query.DatabaseQuery(doctype).execute(*args, **kwargs)
  File "/workspace/development/frappe-bench/apps/frappe/frappe/model/db_query.py", line 212, in execute
    result = self.build_and_run()
  File "/workspace/development/frappe-bench/apps/frappe/frappe/model/db_query.py", line 227, in build_and_run
    args = self.prepare_args()
  File "/workspace/development/frappe-bench/apps/frappe/frappe/model/db_query.py", line 269, in prepare_args
    self.build_conditions()
  File "/workspace/development/frappe-bench/apps/frappe/frappe/model/db_query.py", line 634, in build_conditions
    self.build_filter_conditions(self.filters, self.conditions)
  File "/workspace/development/frappe-bench/apps/frappe/frappe/model/db_query.py", line 652, in build_filter_conditions
    conditions.append(self.prepare_filter_condition(f))
  File "/workspace/development/frappe-bench/apps/frappe/frappe/model/db_query.py", line 771, in prepare_filter_condition
    additional_filters_config = get_additional_filters_from_hooks()
  File "/workspace/development/frappe-bench/apps/frappe/frappe/boot.py", line 410, in get_additional_filters_from_hooks
    filter_hooks = frappe.get_hooks("filters_config")
  File "/workspace/development/frappe-bench/apps/frappe/frappe/__init__.py", line 1619, in get_hooks
    hooks = _dict(_load_app_hooks())
  File "/workspace/development/frappe-bench/apps/frappe/frappe/utils/caching.py", line 59, in wrapper
    return_val = func(*args, **kwargs)
  File "/workspace/development/frappe-bench/apps/frappe/frappe/__init__.py", line 1588, in _load_app_hooks
    app_hooks = get_module(f"{app}.hooks")
  File "/workspace/development/frappe-bench/apps/frappe/frappe/__init__.py", line 1454, in get_module
    return importlib.import_module(modulename)
  File "/home/frappe/.pyenv/versions/3.10.13/lib/python3.10/importlib/__init__.py", line 126, in import_module
    return _bootstrap._gcd_import(name[level:], package, level)
  File "<frozen importlib._bootstrap>", line 1050, in _gcd_import
  File "<frozen importlib._bootstrap>", line 1027, in _find_and_load
  File "<frozen importlib._bootstrap>", line 992, in _find_and_load_unlocked
  File "<frozen importlib._bootstrap>", line 241, in _call_with_frames_removed
  File "<frozen importlib._bootstrap>", line 1050, in _gcd_import
  File "<frozen importlib._bootstrap>", line 1027, in _find_and_load
  File "<frozen importlib._bootstrap>", line 1004, in _find_and_load_unlocked
ModuleNotFoundError: No module named 'mail'
2026-01-30 12:19:03,148 ERROR scheduler Exception in Enqueue Events for Site development.localhost
Traceback (most recent call last):
  File "/workspace/development/frappe-bench/apps/frappe/frappe/utils/caching.py", line 57, in wrapper
    return frappe.local.request_cache[func][args_key]
KeyError: 5740354900026072187

During handling of the above exception, another exception occurred:

Traceback (most recent call last):
  File "/workspace/development/frappe-bench/apps/frappe/frappe/utils/scheduler.py", line 102, in enqueue_events_for_site
    enqueue_events(site=site)
  File "/workspace/development/frappe-bench/apps/frappe/frappe/utils/scheduler.py", line 117, in enqueue_events
    all_jobs = frappe.get_all("Scheduled Job Type", filters={"stopped": 0}, fields="*")
  File "/workspace/development/frappe-bench/apps/frappe/frappe/__init__.py", line 2047, in get_all
    return get_list(doctype, *args, **kwargs)
  File "/workspace/development/frappe-bench/apps/frappe/frappe/__init__.py", line 2022, in get_list
    return frappe.model.db_query.DatabaseQuery(doctype).execute(*args, **kwargs)
  File "/workspace/development/frappe-bench/apps/frappe/frappe/model/db_query.py", line 212, in execute
    result = self.build_and_run()
  File "/workspace/development/frappe-bench/apps/frappe/frappe/model/db_query.py", line 227, in build_and_run
    args = self.prepare_args()
  File "/workspace/development/frappe-bench/apps/frappe/frappe/model/db_query.py", line 269, in prepare_args
    self.build_conditions()
  File "/workspace/development/frappe-bench/apps/frappe/frappe/model/db_query.py", line 634, in build_conditions
    self.build_filter_conditions(self.filters, self.conditions)
  File "/workspace/development/frappe-bench/apps/frappe/frappe/model/db_query.py", line 652, in build_filter_conditions
    conditions.append(self.prepare_filter_condition(f))
  File "/workspace/development/frappe-bench/apps/frappe/frappe/model/db_query.py", line 771, in prepare_filter_condition
    additional_filters_config = get_additional_filters_from_hooks()
  File "/workspace/development/frappe-bench/apps/frappe/frappe/boot.py", line 410, in get_additional_filters_from_hooks
    filter_hooks = frappe.get_hooks("filters_config")
  File "/workspace/development/frappe-bench/apps/frappe/frappe/__init__.py", line 1619, in get_hooks
    hooks = _dict(_load_app_hooks())
  File "/workspace/development/frappe-bench/apps/frappe/frappe/utils/caching.py", line 59, in wrapper
    return_val = func(*args, **kwargs)
  File "/workspace/development/frappe-bench/apps/frappe/frappe/__init__.py", line 1588, in _load_app_hooks
    app_hooks = get_module(f"{app}.hooks")
  File "/workspace/development/frappe-bench/apps/frappe/frappe/__init__.py", line 1454, in get_module
    return importlib.import_module(modulename)
  File "/home/frappe/.pyenv/versions/3.10.13/lib/python3.10/importlib/__init__.py", line 126, in import_module
    return _bootstrap._gcd_import(name[level:], package, level)
  File "<frozen importlib._bootstrap>", line 1050, in _gcd_import
  File "<frozen importlib._bootstrap>", line 1027, in _find_and_load
  File "<frozen importlib._bootstrap>", line 992, in _find_and_load_unlocked
  File "<frozen importlib._bootstrap>", line 241, in _call_with_frames_removed
  File "<frozen importlib._bootstrap>", line 1050, in _gcd_import
  File "<frozen importlib._bootstrap>", line 1027, in _find_and_load
  File "<frozen importlib._bootstrap>", line 1004, in _find_and_load_unlocked
ModuleNotFoundError: No module named 'mail'
2026-01-31 23:29:02,980 ERROR scheduler Skipped queueing frappe.email.queue.retry_sending_emails because it was found in queue for development.localhost
2026-02-01 00:01:12,263 ERROR scheduler Skipped queueing frappe.core.doctype.prepared_report.prepared_report.expire_stalled_report because it was found in queue for development.localhost
2026-02-01 00:01:12,291 ERROR scheduler Skipped queueing frappe.desk.utils.delete_old_exported_report_files because it was found in queue for development.localhost
2026-02-01 00:01:12,322 ERROR scheduler Skipped queueing frappe.integrations.doctype.s3_backup_settings.s3_backup_settings.take_backups_monthly because it was found in queue for development.localhost
2026-02-01 00:01:12,355 ERROR scheduler Skipped queueing frappe.utils.change_log.check_for_update because it was found in queue for development.localhost
2026-02-01 00:01:12,373 ERROR scheduler Skipped queueing frappe.core.doctype.log_settings.log_settings.run_log_clean_up because it was found in queue for development.localhost
2026-02-01 00:01:12,378 ERROR scheduler Skipped queueing frappe.integrations.doctype.google_drive.google_drive.weekly_backup because it was found in queue for development.localhost
2026-02-01 10:01:02,280 ERROR scheduler Skipped queueing frappe.website.doctype.web_page.web_page.check_publish_status because it was found in queue for development.localhost
2026-02-01 10:01:02,349 ERROR scheduler Skipped queueing frappe.website.doctype.personal_data_deletion_request.personal_data_deletion_request.process_data_deletion_request because it was found in queue for development.localhost
2026-02-01 10:01:02,369 ERROR scheduler Skipped queueing frappe.desk.page.backups.backups.delete_downloadable_backups because it was found in queue for development.localhost
2026-02-01 10:01:02,464 ERROR scheduler Skipped queueing frappe.desk.form.document_follow.send_hourly_updates because it was found in queue for development.localhost
2026-02-01 12:01:33,421 ERROR scheduler Skipped queueing crm.lead_syncing.background_sync.sync_leads_from_sources_15_minutes because it was found in queue for development.localhost
2026-02-01 12:01:33,505 ERROR scheduler Skipped queueing frappe.pulse.client.send_queued_events because it was found in queue for development.localhost
2026-02-01 12:01:33,517 ERROR scheduler Skipped queueing frappe.email.queue.flush because it was found in queue for development.localhost
2026-02-01 12:01:33,528 ERROR scheduler Skipped queueing frappe.website.doctype.personal_data_deletion_request.personal_data_deletion_request.process_data_deletion_request because it was found in queue for development.localhost
2026-02-01 12:01:33,538 ERROR scheduler Skipped queueing frappe.model.utils.user_settings.sync_user_settings because it was found in queue for development.localhost
2026-02-01 12:01:33,557 ERROR scheduler Skipped queueing frappe.monitor.flush because it was found in queue for development.localhost
2026-02-01 12:01:33,587 ERROR scheduler Skipped queueing frappe_whatsapp.utils.trigger_whatsapp_notifications_hourly_long because it was found in queue for development.localhost
2026-02-01 12:01:33,602 ERROR scheduler Skipped queueing frappe.core.doctype.prepared_report.prepared_report.expire_stalled_report because it was found in queue for development.localhost
2026-02-01 12:01:33,621 ERROR scheduler Skipped queueing frappe.deferred_insert.save_to_db because it was found in queue for development.localhost
2026-02-01 12:01:33,632 ERROR scheduler Skipped queueing frappe_whatsapp.utils.trigger_whatsapp_notifications_all because it was found in queue for development.localhost
2026-02-01 12:01:33,660 ERROR scheduler Skipped queueing crm.lead_syncing.background_sync.sync_leads_from_sources_10_minutes because it was found in queue for development.localhost
2026-02-01 12:01:33,730 ERROR scheduler Skipped queueing frappe_whatsapp.utils.trigger_whatsapp_notifications_hourly because it was found in queue for development.localhost
2026-02-01 12:01:33,750 ERROR scheduler Skipped queueing frappe.website.doctype.web_page.web_page.check_publish_status because it was found in queue for development.localhost
2026-02-01 12:01:33,808 ERROR scheduler Skipped queueing frappe.email.queue.retry_sending_emails because it was found in queue for development.localhost
2026-02-01 12:01:33,827 ERROR scheduler Skipped queueing frappe.twofactor.delete_all_barcodes_for_users because it was found in queue for development.localhost
2026-02-01 12:01:33,845 ERROR scheduler Skipped queueing frappe.automation.doctype.reminder.reminder.send_reminders because it was found in queue for development.localhost
2026-02-01 12:01:33,872 ERROR scheduler Skipped queueing frappe.model.utils.link_count.update_link_count because it was found in queue for development.localhost
2026-02-01 12:01:33,918 ERROR scheduler Skipped queueing crm.lead_syncing.background_sync.sync_leads_from_sources_hourly because it was found in queue for development.localhost
2026-02-01 12:01:33,979 ERROR scheduler Skipped queueing crm.lead_syncing.background_sync.sync_leads_from_sources_5_minutes because it was found in queue for development.localhost
2026-02-01 12:01:34,065 ERROR scheduler Skipped queueing frappe.oauth.delete_oauth2_data because it was found in queue for development.localhost
2026-02-01 12:01:34,104 ERROR scheduler Skipped queueing frappe.desk.page.backups.backups.delete_downloadable_backups because it was found in queue for development.localhost
2026-02-01 12:01:34,203 ERROR scheduler Skipped queueing frappe.desk.form.document_follow.send_hourly_updates because it was found in queue for development.localhost
2026-02-01 12:02:34,305 ERROR scheduler Skipped queueing frappe.oauth.delete_oauth2_data because it was found in queue for development.localhost
2026-02-01 12:02:34,352 ERROR scheduler Skipped queueing frappe.twofactor.delete_all_barcodes_for_users because it was found in queue for development.localhost
2026-02-01 12:02:34,365 ERROR scheduler Skipped queueing frappe_whatsapp.utils.trigger_whatsapp_notifications_hourly_long because it was found in queue for development.localhost
2026-02-01 12:02:34,376 ERROR scheduler Skipped queueing crm.lead_syncing.background_sync.sync_leads_from_sources_hourly because it was found in queue for development.localhost
2026-02-01 12:02:34,574 ERROR scheduler Skipped queueing frappe.desk.form.document_follow.send_hourly_updates because it was found in queue for development.localhost
2026-02-01 12:02:34,633 ERROR scheduler Skipped queueing frappe.website.doctype.web_page.web_page.check_publish_status because it was found in queue for development.localhost
2026-02-01 12:02:34,666 ERROR scheduler Skipped queueing frappe.core.doctype.prepared_report.prepared_report.expire_stalled_report because it was found in queue for development.localhost
2026-02-01 12:02:34,738 ERROR scheduler Skipped queueing frappe.model.utils.user_settings.sync_user_settings because it was found in queue for development.localhost
2026-02-01 12:02:34,793 ERROR scheduler Skipped queueing frappe.website.doctype.personal_data_deletion_request.personal_data_deletion_request.process_data_deletion_request because it was found in queue for development.localhost
2026-02-01 22:01:54,188 ERROR scheduler Skipped queueing crm.lead_syncing.background_sync.sync_leads_from_sources_hourly because it was found in queue for development.localhost
2026-02-01 22:01:54,301 ERROR scheduler Skipped queueing frappe.website.doctype.personal_data_deletion_request.personal_data_deletion_request.process_data_deletion_request because it was found in queue for development.localhost
2026-02-01 22:01:54,389 ERROR scheduler Skipped queueing frappe.desk.page.backups.backups.delete_downloadable_backups because it was found in queue for development.localhost
2026-02-01 22:01:54,400 ERROR scheduler Skipped queueing frappe.core.doctype.prepared_report.prepared_report.expire_stalled_report because it was found in queue for development.localhost
2026-02-02 17:35:02,927 ERROR scheduler Skipped queueing frappe.website.doctype.personal_data_deletion_request.personal_data_deletion_request.remove_unverified_record because it was found in queue for development.localhost
2026-02-02 17:35:03,039 ERROR scheduler Skipped queueing frappe.core.doctype.user_invitation.user_invitation.mark_expired_invitations because it was found in queue for development.localhost
2026-02-02 17:35:03,062 ERROR scheduler Skipped queueing frappe.desk.page.backups.backups.delete_downloadable_backups because it was found in queue for development.localhost
2026-02-02 17:35:03,164 ERROR scheduler Skipped queueing frappe.integrations.doctype.google_drive.google_drive.daily_backup because it was found in queue for development.localhost
2026-02-02 17:35:03,174 ERROR scheduler Skipped queueing frappe.model.utils.user_settings.sync_user_settings because it was found in queue for development.localhost
2026-02-02 17:35:03,219 ERROR scheduler Skipped queueing frappe.oauth.delete_oauth2_data because it was found in queue for development.localhost
2026-02-02 17:35:03,323 ERROR scheduler Skipped queueing frappe_whatsapp.utils.trigger_whatsapp_notifications_daily_long because it was found in queue for development.localhost
2026-02-02 17:35:03,407 ERROR scheduler Skipped queueing frappe.desk.utils.delete_old_exported_report_files because it was found in queue for development.localhost
2026-02-02 17:35:03,504 ERROR scheduler Skipped queueing frappe.social.doctype.energy_point_settings.energy_point_settings.allocate_review_points because it was found in queue for development.localhost
2026-02-02 17:35:03,521 ERROR scheduler Skipped queueing frappe.desk.form.document_follow.send_hourly_updates because it was found in queue for development.localhost
2026-02-02 20:34:22,539 ERROR scheduler Skipped queueing frappe.email.queue.flush because it was found in queue for development.localhost
2026-02-02 20:34:22,662 ERROR scheduler Skipped queueing frappe.model.utils.link_count.update_link_count because it was found in queue for development.localhost
